<!doctype html public "-//w3c//dtd html 4.0 transitional//en">
<html><head>
<title>Static Call Graph - [f479_1\f479_1.axf]</title></head>
<body><HR>
<H1>Static Call Graph for image f479_1\f479_1.axf</H1><HR>
<BR><P>#&#060CALLGRAPH&#062# ARM Linker, 6220000: Last Updated: Tue Oct 15 13:44:24 2024
<BR><P>
<H3>Maximum Stack Usage =        264 bytes + Unknown(Functions without stacksize, Cycles, Untraceable Function Pointers)</H3><H3>
Call chain for Maximum Stack Depth:</H3>
__rt_entry_main &rArr; main &rArr; MX_X_CUBE_AI_Init &rArr; ai_network_create_and_init &rArr; ai_network_init &rArr; ai_platform_network_init &rArr; _platform_ai_buffer_array_copy &rArr; __aeabi_memcpy4
<P>
<H3>
Functions with no stack information
</H3><UL>
 <LI><a href="#[ad]">__user_initial_stackheap</a>
</UL>
</UL>
<P>
<H3>
Mutually Recursive functions
</H3> <LI><a href="#[1e]">ADC_IRQHandler</a>&nbsp;&nbsp;&nbsp;&rArr;&nbsp;&nbsp;&nbsp;<a href="#[1e]">ADC_IRQHandler</a><BR>
 <LI><a href="#[6]">BusFault_Handler</a>&nbsp;&nbsp;&nbsp;&rArr;&nbsp;&nbsp;&nbsp;<a href="#[6]">BusFault_Handler</a><BR>
 <LI><a href="#[4]">HardFault_Handler</a>&nbsp;&nbsp;&nbsp;&rArr;&nbsp;&nbsp;&nbsp;<a href="#[4]">HardFault_Handler</a><BR>
 <LI><a href="#[5]">MemManage_Handler</a>&nbsp;&nbsp;&nbsp;&rArr;&nbsp;&nbsp;&nbsp;<a href="#[5]">MemManage_Handler</a><BR>
 <LI><a href="#[3]">NMI_Handler</a>&nbsp;&nbsp;&nbsp;&rArr;&nbsp;&nbsp;&nbsp;<a href="#[3]">NMI_Handler</a><BR>
 <LI><a href="#[7]">UsageFault_Handler</a>&nbsp;&nbsp;&nbsp;&rArr;&nbsp;&nbsp;&nbsp;<a href="#[7]">UsageFault_Handler</a><BR>
</UL>
<P>
<H3>
Function Pointers
</H3><UL>
 <LI><a href="#[1e]">ADC_IRQHandler</a> from startup_stm32f479xx.o(.text) referenced from startup_stm32f479xx.o(RESET)
 <LI><a href="#[6]">BusFault_Handler</a> from stm32f4xx_it.o(.text.BusFault_Handler) referenced from startup_stm32f479xx.o(RESET)
 <LI><a href="#[20]">CAN1_RX0_IRQHandler</a> from startup_stm32f479xx.o(.text) referenced from startup_stm32f479xx.o(RESET)
 <LI><a href="#[21]">CAN1_RX1_IRQHandler</a> from startup_stm32f479xx.o(.text) referenced from startup_stm32f479xx.o(RESET)
 <LI><a href="#[22]">CAN1_SCE_IRQHandler</a> from startup_stm32f479xx.o(.text) referenced from startup_stm32f479xx.o(RESET)
 <LI><a href="#[1f]">CAN1_TX_IRQHandler</a> from startup_stm32f479xx.o(.text) referenced from startup_stm32f479xx.o(RESET)
 <LI><a href="#[4c]">CAN2_RX0_IRQHandler</a> from startup_stm32f479xx.o(.text) referenced from startup_stm32f479xx.o(RESET)
 <LI><a href="#[4d]">CAN2_RX1_IRQHandler</a> from startup_stm32f479xx.o(.text) referenced from startup_stm32f479xx.o(RESET)
 <LI><a href="#[4e]">CAN2_SCE_IRQHandler</a> from startup_stm32f479xx.o(.text) referenced from startup_stm32f479xx.o(RESET)
 <LI><a href="#[4b]">CAN2_TX_IRQHandler</a> from startup_stm32f479xx.o(.text) referenced from startup_stm32f479xx.o(RESET)
 <LI><a href="#[5b]">CRYP_IRQHandler</a> from startup_stm32f479xx.o(.text) referenced from startup_stm32f479xx.o(RESET)
 <LI><a href="#[5a]">DCMI_IRQHandler</a> from startup_stm32f479xx.o(.text) referenced from startup_stm32f479xx.o(RESET)
 <LI><a href="#[17]">DMA1_Stream0_IRQHandler</a> from startup_stm32f479xx.o(.text) referenced from startup_stm32f479xx.o(RESET)
 <LI><a href="#[18]">DMA1_Stream1_IRQHandler</a> from startup_stm32f479xx.o(.text) referenced from startup_stm32f479xx.o(RESET)
 <LI><a href="#[19]">DMA1_Stream2_IRQHandler</a> from startup_stm32f479xx.o(.text) referenced from startup_stm32f479xx.o(RESET)
 <LI><a href="#[1a]">DMA1_Stream3_IRQHandler</a> from startup_stm32f479xx.o(.text) referenced from startup_stm32f479xx.o(RESET)
 <LI><a href="#[1b]">DMA1_Stream4_IRQHandler</a> from startup_stm32f479xx.o(.text) referenced from startup_stm32f479xx.o(RESET)
 <LI><a href="#[1c]">DMA1_Stream5_IRQHandler</a> from startup_stm32f479xx.o(.text) referenced from startup_stm32f479xx.o(RESET)
 <LI><a href="#[1d]">DMA1_Stream6_IRQHandler</a> from startup_stm32f479xx.o(.text) referenced from startup_stm32f479xx.o(RESET)
 <LI><a href="#[3b]">DMA1_Stream7_IRQHandler</a> from startup_stm32f479xx.o(.text) referenced from startup_stm32f479xx.o(RESET)
 <LI><a href="#[66]">DMA2D_IRQHandler</a> from startup_stm32f479xx.o(.text) referenced from startup_stm32f479xx.o(RESET)
 <LI><a href="#[44]">DMA2_Stream0_IRQHandler</a> from startup_stm32f479xx.o(.text) referenced from startup_stm32f479xx.o(RESET)
 <LI><a href="#[45]">DMA2_Stream1_IRQHandler</a> from startup_stm32f479xx.o(.text) referenced from startup_stm32f479xx.o(RESET)
 <LI><a href="#[46]">DMA2_Stream2_IRQHandler</a> from startup_stm32f479xx.o(.text) referenced from startup_stm32f479xx.o(RESET)
 <LI><a href="#[47]">DMA2_Stream3_IRQHandler</a> from startup_stm32f479xx.o(.text) referenced from startup_stm32f479xx.o(RESET)
 <LI><a href="#[48]">DMA2_Stream4_IRQHandler</a> from startup_stm32f479xx.o(.text) referenced from startup_stm32f479xx.o(RESET)
 <LI><a href="#[50]">DMA2_Stream5_IRQHandler</a> from startup_stm32f479xx.o(.text) referenced from startup_stm32f479xx.o(RESET)
 <LI><a href="#[51]">DMA2_Stream6_IRQHandler</a> from startup_stm32f479xx.o(.text) referenced from startup_stm32f479xx.o(RESET)
 <LI><a href="#[52]">DMA2_Stream7_IRQHandler</a> from startup_stm32f479xx.o(.text) referenced from startup_stm32f479xx.o(RESET)
 <LI><a href="#[68]">DSI_IRQHandler</a> from startup_stm32f479xx.o(.text) referenced from startup_stm32f479xx.o(RESET)
 <LI><a href="#[9]">DebugMon_Handler</a> from stm32f4xx_it.o(.text.DebugMon_Handler) referenced from startup_stm32f479xx.o(RESET)
 <LI><a href="#[49]">ETH_IRQHandler</a> from startup_stm32f479xx.o(.text) referenced from startup_stm32f479xx.o(RESET)
 <LI><a href="#[4a]">ETH_WKUP_IRQHandler</a> from startup_stm32f479xx.o(.text) referenced from startup_stm32f479xx.o(RESET)
 <LI><a href="#[12]">EXTI0_IRQHandler</a> from startup_stm32f479xx.o(.text) referenced from startup_stm32f479xx.o(RESET)
 <LI><a href="#[34]">EXTI15_10_IRQHandler</a> from startup_stm32f479xx.o(.text) referenced from startup_stm32f479xx.o(RESET)
 <LI><a href="#[13]">EXTI1_IRQHandler</a> from startup_stm32f479xx.o(.text) referenced from startup_stm32f479xx.o(RESET)
 <LI><a href="#[14]">EXTI2_IRQHandler</a> from startup_stm32f479xx.o(.text) referenced from startup_stm32f479xx.o(RESET)
 <LI><a href="#[15]">EXTI3_IRQHandler</a> from startup_stm32f479xx.o(.text) referenced from startup_stm32f479xx.o(RESET)
 <LI><a href="#[16]">EXTI4_IRQHandler</a> from startup_stm32f479xx.o(.text) referenced from startup_stm32f479xx.o(RESET)
 <LI><a href="#[23]">EXTI9_5_IRQHandler</a> from startup_stm32f479xx.o(.text) referenced from startup_stm32f479xx.o(RESET)
 <LI><a href="#[10]">FLASH_IRQHandler</a> from startup_stm32f479xx.o(.text) referenced from startup_stm32f479xx.o(RESET)
 <LI><a href="#[3c]">FMC_IRQHandler</a> from startup_stm32f479xx.o(.text) referenced from startup_stm32f479xx.o(RESET)
 <LI><a href="#[5d]">FPU_IRQHandler</a> from startup_stm32f479xx.o(.text) referenced from startup_stm32f479xx.o(RESET)
 <LI><a href="#[5c]">HASH_RNG_IRQHandler</a> from startup_stm32f479xx.o(.text) referenced from startup_stm32f479xx.o(RESET)
 <LI><a href="#[4]">HardFault_Handler</a> from stm32f4xx_it.o(.text.HardFault_Handler) referenced from startup_stm32f479xx.o(RESET)
 <LI><a href="#[2c]">I2C1_ER_IRQHandler</a> from startup_stm32f479xx.o(.text) referenced from startup_stm32f479xx.o(RESET)
 <LI><a href="#[2b]">I2C1_EV_IRQHandler</a> from startup_stm32f479xx.o(.text) referenced from startup_stm32f479xx.o(RESET)
 <LI><a href="#[2e]">I2C2_ER_IRQHandler</a> from startup_stm32f479xx.o(.text) referenced from startup_stm32f479xx.o(RESET)
 <LI><a href="#[2d]">I2C2_EV_IRQHandler</a> from startup_stm32f479xx.o(.text) referenced from startup_stm32f479xx.o(RESET)
 <LI><a href="#[55]">I2C3_ER_IRQHandler</a> from startup_stm32f479xx.o(.text) referenced from startup_stm32f479xx.o(RESET)
 <LI><a href="#[54]">I2C3_EV_IRQHandler</a> from startup_stm32f479xx.o(.text) referenced from startup_stm32f479xx.o(RESET)
 <LI><a href="#[65]">LTDC_ER_IRQHandler</a> from startup_stm32f479xx.o(.text) referenced from startup_stm32f479xx.o(RESET)
 <LI><a href="#[64]">LTDC_IRQHandler</a> from startup_stm32f479xx.o(.text) referenced from startup_stm32f479xx.o(RESET)
 <LI><a href="#[5]">MemManage_Handler</a> from stm32f4xx_it.o(.text.MemManage_Handler) referenced from startup_stm32f479xx.o(RESET)
 <LI><a href="#[3]">NMI_Handler</a> from stm32f4xx_it.o(.text.NMI_Handler) referenced from startup_stm32f479xx.o(RESET)
 <LI><a href="#[4f]">OTG_FS_IRQHandler</a> from startup_stm32f479xx.o(.text) referenced from startup_stm32f479xx.o(RESET)
 <LI><a href="#[36]">OTG_FS_WKUP_IRQHandler</a> from startup_stm32f479xx.o(.text) referenced from startup_stm32f479xx.o(RESET)
 <LI><a href="#[57]">OTG_HS_EP1_IN_IRQHandler</a> from startup_stm32f479xx.o(.text) referenced from startup_stm32f479xx.o(RESET)
 <LI><a href="#[56]">OTG_HS_EP1_OUT_IRQHandler</a> from startup_stm32f479xx.o(.text) referenced from startup_stm32f479xx.o(RESET)
 <LI><a href="#[59]">OTG_HS_IRQHandler</a> from startup_stm32f479xx.o(.text) referenced from startup_stm32f479xx.o(RESET)
 <LI><a href="#[58]">OTG_HS_WKUP_IRQHandler</a> from startup_stm32f479xx.o(.text) referenced from startup_stm32f479xx.o(RESET)
 <LI><a href="#[d]">PVD_IRQHandler</a> from startup_stm32f479xx.o(.text) referenced from startup_stm32f479xx.o(RESET)
 <LI><a href="#[a]">PendSV_Handler</a> from stm32f4xx_it.o(.text.PendSV_Handler) referenced from startup_stm32f479xx.o(RESET)
 <LI><a href="#[67]">QUADSPI_IRQHandler</a> from startup_stm32f479xx.o(.text) referenced from startup_stm32f479xx.o(RESET)
 <LI><a href="#[11]">RCC_IRQHandler</a> from startup_stm32f479xx.o(.text) referenced from startup_stm32f479xx.o(RESET)
 <LI><a href="#[35]">RTC_Alarm_IRQHandler</a> from startup_stm32f479xx.o(.text) referenced from startup_stm32f479xx.o(RESET)
 <LI><a href="#[f]">RTC_WKUP_IRQHandler</a> from startup_stm32f479xx.o(.text) referenced from startup_stm32f479xx.o(RESET)
 <LI><a href="#[2]">Reset_Handler</a> from startup_stm32f479xx.o(.text) referenced from startup_stm32f479xx.o(RESET)
 <LI><a href="#[63]">SAI1_IRQHandler</a> from startup_stm32f479xx.o(.text) referenced from startup_stm32f479xx.o(RESET)
 <LI><a href="#[3d]">SDIO_IRQHandler</a> from startup_stm32f479xx.o(.text) referenced from startup_stm32f479xx.o(RESET)
 <LI><a href="#[2f]">SPI1_IRQHandler</a> from startup_stm32f479xx.o(.text) referenced from startup_stm32f479xx.o(RESET)
 <LI><a href="#[30]">SPI2_IRQHandler</a> from startup_stm32f479xx.o(.text) referenced from startup_stm32f479xx.o(RESET)
 <LI><a href="#[3f]">SPI3_IRQHandler</a> from startup_stm32f479xx.o(.text) referenced from startup_stm32f479xx.o(RESET)
 <LI><a href="#[60]">SPI4_IRQHandler</a> from startup_stm32f479xx.o(.text) referenced from startup_stm32f479xx.o(RESET)
 <LI><a href="#[61]">SPI5_IRQHandler</a> from startup_stm32f479xx.o(.text) referenced from startup_stm32f479xx.o(RESET)
 <LI><a href="#[62]">SPI6_IRQHandler</a> from startup_stm32f479xx.o(.text) referenced from startup_stm32f479xx.o(RESET)
 <LI><a href="#[8]">SVC_Handler</a> from stm32f4xx_it.o(.text.SVC_Handler) referenced from startup_stm32f479xx.o(RESET)
 <LI><a href="#[b]">SysTick_Handler</a> from stm32f4xx_it.o(.text.SysTick_Handler) referenced from startup_stm32f479xx.o(RESET)
 <LI><a href="#[69]">SystemInit</a> from system_stm32f4xx.o(.text.SystemInit) referenced from startup_stm32f479xx.o(.text)
 <LI><a href="#[e]">TAMP_STAMP_IRQHandler</a> from startup_stm32f479xx.o(.text) referenced from startup_stm32f479xx.o(RESET)
 <LI><a href="#[24]">TIM1_BRK_TIM9_IRQHandler</a> from startup_stm32f479xx.o(.text) referenced from startup_stm32f479xx.o(RESET)
 <LI><a href="#[27]">TIM1_CC_IRQHandler</a> from startup_stm32f479xx.o(.text) referenced from startup_stm32f479xx.o(RESET)
 <LI><a href="#[26]">TIM1_TRG_COM_TIM11_IRQHandler</a> from startup_stm32f479xx.o(.text) referenced from startup_stm32f479xx.o(RESET)
 <LI><a href="#[25]">TIM1_UP_TIM10_IRQHandler</a> from startup_stm32f479xx.o(.text) referenced from startup_stm32f479xx.o(RESET)
 <LI><a href="#[28]">TIM2_IRQHandler</a> from startup_stm32f479xx.o(.text) referenced from startup_stm32f479xx.o(RESET)
 <LI><a href="#[29]">TIM3_IRQHandler</a> from startup_stm32f479xx.o(.text) referenced from startup_stm32f479xx.o(RESET)
 <LI><a href="#[2a]">TIM4_IRQHandler</a> from startup_stm32f479xx.o(.text) referenced from startup_stm32f479xx.o(RESET)
 <LI><a href="#[3e]">TIM5_IRQHandler</a> from startup_stm32f479xx.o(.text) referenced from startup_stm32f479xx.o(RESET)
 <LI><a href="#[42]">TIM6_DAC_IRQHandler</a> from startup_stm32f479xx.o(.text) referenced from startup_stm32f479xx.o(RESET)
 <LI><a href="#[43]">TIM7_IRQHandler</a> from startup_stm32f479xx.o(.text) referenced from startup_stm32f479xx.o(RESET)
 <LI><a href="#[37]">TIM8_BRK_TIM12_IRQHandler</a> from startup_stm32f479xx.o(.text) referenced from startup_stm32f479xx.o(RESET)
 <LI><a href="#[3a]">TIM8_CC_IRQHandler</a> from startup_stm32f479xx.o(.text) referenced from startup_stm32f479xx.o(RESET)
 <LI><a href="#[39]">TIM8_TRG_COM_TIM14_IRQHandler</a> from startup_stm32f479xx.o(.text) referenced from startup_stm32f479xx.o(RESET)
 <LI><a href="#[38]">TIM8_UP_TIM13_IRQHandler</a> from startup_stm32f479xx.o(.text) referenced from startup_stm32f479xx.o(RESET)
 <LI><a href="#[40]">UART4_IRQHandler</a> from startup_stm32f479xx.o(.text) referenced from startup_stm32f479xx.o(RESET)
 <LI><a href="#[41]">UART5_IRQHandler</a> from startup_stm32f479xx.o(.text) referenced from startup_stm32f479xx.o(RESET)
 <LI><a href="#[5e]">UART7_IRQHandler</a> from startup_stm32f479xx.o(.text) referenced from startup_stm32f479xx.o(RESET)
 <LI><a href="#[5f]">UART8_IRQHandler</a> from startup_stm32f479xx.o(.text) referenced from startup_stm32f479xx.o(RESET)
 <LI><a href="#[31]">USART1_IRQHandler</a> from startup_stm32f479xx.o(.text) referenced from startup_stm32f479xx.o(RESET)
 <LI><a href="#[32]">USART2_IRQHandler</a> from startup_stm32f479xx.o(.text) referenced from startup_stm32f479xx.o(RESET)
 <LI><a href="#[33]">USART3_IRQHandler</a> from startup_stm32f479xx.o(.text) referenced from startup_stm32f479xx.o(RESET)
 <LI><a href="#[53]">USART6_IRQHandler</a> from startup_stm32f479xx.o(.text) referenced from startup_stm32f479xx.o(RESET)
 <LI><a href="#[7]">UsageFault_Handler</a> from stm32f4xx_it.o(.text.UsageFault_Handler) referenced from startup_stm32f479xx.o(RESET)
 <LI><a href="#[c]">WWDG_IRQHandler</a> from startup_stm32f479xx.o(.text) referenced from startup_stm32f479xx.o(RESET)
 <LI><a href="#[6a]">__main</a> from __main.o(!!!main) referenced from startup_stm32f479xx.o(.text)
 <LI><a href="#[6c]">_printf_input_char</a> from _printf_char_common.o(.text) referenced from _printf_char_common.o(.text)
 <LI><a href="#[0]">forward_dense</a> from layers_conv2d_generic_float.o(i.forward_dense) referenced 2 times from network.o(.data._hidden2_Gemm_output_0_layer)
 <LI><a href="#[0]">forward_dense</a> from layers_conv2d_generic_float.o(i.forward_dense) referenced 2 times from network.o(.data._hidden_Gemm_output_0_layer)
 <LI><a href="#[0]">forward_dense</a> from layers_conv2d_generic_float.o(i.forward_dense) referenced 2 times from network.o(.data.output_layer)
 <LI><a href="#[1]">forward_relu</a> from layers_nl_generic_float.o(i.forward_relu) referenced 2 times from network.o(.data._relu_1_Relu_output_0_layer)
 <LI><a href="#[1]">forward_relu</a> from layers_nl_generic_float.o(i.forward_relu) referenced 2 times from network.o(.data._relu_Relu_output_0_layer)
 <LI><a href="#[6b]">fputc</a> from fputc.o(i.fputc) referenced from _printf_char_file.o(.text)
</UL>
<P>
<H3>
Global Symbols
</H3>
<P><STRONG><a name="[6a]"></a>__main</STRONG> (Thumb, 8 bytes, Stack size 0 bytes, __main.o(!!!main))
<BR><BR>[Calls]<UL><LI><a href="#[6e]">&gt;&gt;</a>&nbsp;&nbsp;&nbsp;__rt_entry
<LI><a href="#[6d]">&gt;&gt;</a>&nbsp;&nbsp;&nbsp;__scatterload
</UL>
<BR>[Address Reference Count : 1]<UL><LI> startup_stm32f479xx.o(.text)
</UL>
<P><STRONG><a name="[6d]"></a>__scatterload</STRONG> (Thumb, 0 bytes, Stack size unknown bytes, __scatter.o(!!!scatter))
<BR><BR>[Called By]<UL><LI><a href="#[6a]">&gt;&gt;</a>&nbsp;&nbsp;&nbsp;__main
</UL>

<P><STRONG><a name="[6f]"></a>__scatterload_rt2</STRONG> (Thumb, 84 bytes, Stack size unknown bytes, __scatter.o(!!!scatter), UNUSED)
<BR><BR>[Calls]<UL><LI><a href="#[6e]">&gt;&gt;</a>&nbsp;&nbsp;&nbsp;__rt_entry
</UL>

<P><STRONG><a name="[103]"></a>__scatterload_rt2_thumb_only</STRONG> (Thumb, 0 bytes, Stack size unknown bytes, __scatter.o(!!!scatter), UNUSED)

<P><STRONG><a name="[104]"></a>__scatterload_loop</STRONG> (Thumb, 0 bytes, Stack size unknown bytes, __scatter.o(!!!scatter), UNUSED)

<P><STRONG><a name="[105]"></a>__decompress</STRONG> (Thumb, 90 bytes, Stack size unknown bytes, __dczerorl2.o(!!dczerorl2), UNUSED)

<P><STRONG><a name="[106]"></a>__decompress1</STRONG> (Thumb, 0 bytes, Stack size unknown bytes, __dczerorl2.o(!!dczerorl2), UNUSED)

<P><STRONG><a name="[107]"></a>__scatterload_null</STRONG> (Thumb, 2 bytes, Stack size unknown bytes, __scatter.o(!!handler_null), UNUSED)

<P><STRONG><a name="[108]"></a>__scatterload_zeroinit</STRONG> (Thumb, 28 bytes, Stack size unknown bytes, __scatter_zi.o(!!handler_zi), UNUSED)

<P><STRONG><a name="[93]"></a>_printf_percent</STRONG> (Thumb, 0 bytes, Stack size unknown bytes, _printf_percent.o(.ARM.Collect$$_printf_percent$$00000000))
<BR><BR>[Called By]<UL><LI><a href="#[91]">&gt;&gt;</a>&nbsp;&nbsp;&nbsp;__printf
</UL>

<P><STRONG><a name="[70]"></a>_printf_x</STRONG> (Thumb, 0 bytes, Stack size unknown bytes, _printf_x.o(.ARM.Collect$$_printf_percent$$0000000C))
<BR><BR>[Stack]<UL><LI>Max Depth = 64 + Unknown Stack Size
<LI>Call Chain = _printf_x &rArr; _printf_int_hex &rArr; _printf_int_common &rArr; _printf_post_padding
</UL>
<BR>[Calls]<UL><LI><a href="#[71]">&gt;&gt;</a>&nbsp;&nbsp;&nbsp;_printf_int_hex
</UL>

<P><STRONG><a name="[72]"></a>_printf_s</STRONG> (Thumb, 0 bytes, Stack size unknown bytes, _printf_s.o(.ARM.Collect$$_printf_percent$$00000014))
<BR><BR>[Stack]<UL><LI>Max Depth = 40 + Unknown Stack Size
<LI>Call Chain = _printf_s &rArr; _printf_string &rArr; _printf_cs_common &rArr; _printf_str &rArr; _printf_post_padding
</UL>
<BR>[Calls]<UL><LI><a href="#[73]">&gt;&gt;</a>&nbsp;&nbsp;&nbsp;_printf_string
</UL>

<P><STRONG><a name="[109]"></a>_printf_percent_end</STRONG> (Thumb, 0 bytes, Stack size unknown bytes, _printf_percent_end.o(.ARM.Collect$$_printf_percent$$00000017))

<P><STRONG><a name="[7f]"></a>__rt_lib_init</STRONG> (Thumb, 0 bytes, Stack size unknown bytes, libinit.o(.ARM.Collect$$libinit$$00000000))
<BR><BR>[Called By]<UL><LI><a href="#[7e]">&gt;&gt;</a>&nbsp;&nbsp;&nbsp;__rt_entry_li
</UL>

<P><STRONG><a name="[74]"></a>__rt_lib_init_fp_1</STRONG> (Thumb, 0 bytes, Stack size unknown bytes, libinit2.o(.ARM.Collect$$libinit$$00000001))
<BR><BR>[Calls]<UL><LI><a href="#[75]">&gt;&gt;</a>&nbsp;&nbsp;&nbsp;_fp_init
</UL>

<P><STRONG><a name="[76]"></a>__rt_lib_init_heap_2</STRONG> (Thumb, 0 bytes, Stack size unknown bytes, libinit2.o(.ARM.Collect$$libinit$$00000007))
<BR><BR>[Stack]<UL><LI>Max Depth = 64 + Unknown Stack Size
<LI>Call Chain = __rt_lib_init_heap_2 &rArr; _init_alloc &rArr; __rt_SIGRTMEM &rArr; __rt_SIGRTMEM_inner &rArr; __default_signal_display &rArr; _ttywrch
</UL>
<BR>[Calls]<UL><LI><a href="#[77]">&gt;&gt;</a>&nbsp;&nbsp;&nbsp;_init_alloc
</UL>

<P><STRONG><a name="[10a]"></a>__rt_lib_init_preinit_1</STRONG> (Thumb, 0 bytes, Stack size unknown bytes, libinit2.o(.ARM.Collect$$libinit$$00000006))

<P><STRONG><a name="[10b]"></a>__rt_lib_init_relocate_pie_1</STRONG> (Thumb, 0 bytes, Stack size unknown bytes, libinit2.o(.ARM.Collect$$libinit$$00000004))

<P><STRONG><a name="[10c]"></a>__rt_lib_init_atexit_1</STRONG> (Thumb, 0 bytes, Stack size unknown bytes, libinit2.o(.ARM.Collect$$libinit$$0000001D))

<P><STRONG><a name="[10d]"></a>__rt_lib_init_clock_1</STRONG> (Thumb, 0 bytes, Stack size unknown bytes, libinit2.o(.ARM.Collect$$libinit$$00000023))

<P><STRONG><a name="[10e]"></a>__rt_lib_init_fp_trap_1</STRONG> (Thumb, 0 bytes, Stack size unknown bytes, libinit2.o(.ARM.Collect$$libinit$$00000021))

<P><STRONG><a name="[10f]"></a>__rt_lib_init_getenv_1</STRONG> (Thumb, 0 bytes, Stack size unknown bytes, libinit2.o(.ARM.Collect$$libinit$$00000025))

<P><STRONG><a name="[110]"></a>__rt_lib_init_heap_1</STRONG> (Thumb, 0 bytes, Stack size unknown bytes, libinit2.o(.ARM.Collect$$libinit$$0000000C))

<P><STRONG><a name="[111]"></a>__rt_lib_init_lc_collate_1</STRONG> (Thumb, 0 bytes, Stack size unknown bytes, libinit2.o(.ARM.Collect$$libinit$$00000013))

<P><STRONG><a name="[112]"></a>__rt_lib_init_lc_ctype_1</STRONG> (Thumb, 0 bytes, Stack size unknown bytes, libinit2.o(.ARM.Collect$$libinit$$00000015))

<P><STRONG><a name="[113]"></a>__rt_lib_init_lc_monetary_1</STRONG> (Thumb, 0 bytes, Stack size unknown bytes, libinit2.o(.ARM.Collect$$libinit$$00000017))

<P><STRONG><a name="[114]"></a>__rt_lib_init_lc_numeric_1</STRONG> (Thumb, 0 bytes, Stack size unknown bytes, libinit2.o(.ARM.Collect$$libinit$$00000019))

<P><STRONG><a name="[115]"></a>__rt_lib_init_lc_time_1</STRONG> (Thumb, 0 bytes, Stack size unknown bytes, libinit2.o(.ARM.Collect$$libinit$$0000001B))

<P><STRONG><a name="[116]"></a>__rt_lib_init_rand_1</STRONG> (Thumb, 0 bytes, Stack size unknown bytes, libinit2.o(.ARM.Collect$$libinit$$00000010))

<P><STRONG><a name="[117]"></a>__rt_lib_init_signal_1</STRONG> (Thumb, 0 bytes, Stack size unknown bytes, libinit2.o(.ARM.Collect$$libinit$$0000001F))

<P><STRONG><a name="[78]"></a>__rt_lib_init_stdio_2</STRONG> (Thumb, 0 bytes, Stack size unknown bytes, libinit2.o(.ARM.Collect$$libinit$$00000026))
<BR><BR>[Stack]<UL><LI>Max Depth = 152 + Unknown Stack Size
<LI>Call Chain = __rt_lib_init_stdio_2 &rArr; _initio &rArr; freopen &rArr; _fclose_internal &rArr; _fflush &rArr; _writebuf &rArr; _sys_write
</UL>
<BR>[Calls]<UL><LI><a href="#[79]">&gt;&gt;</a>&nbsp;&nbsp;&nbsp;_initio
</UL>

<P><STRONG><a name="[118]"></a>__rt_lib_init_user_alloc_1</STRONG> (Thumb, 0 bytes, Stack size unknown bytes, libinit2.o(.ARM.Collect$$libinit$$0000000E))

<P><STRONG><a name="[119]"></a>__rt_lib_init_alloca_1</STRONG> (Thumb, 0 bytes, Stack size unknown bytes, libinit2.o(.ARM.Collect$$libinit$$00000030))

<P><STRONG><a name="[11a]"></a>__rt_lib_init_argv_1</STRONG> (Thumb, 0 bytes, Stack size unknown bytes, libinit2.o(.ARM.Collect$$libinit$$0000002E))

<P><STRONG><a name="[11b]"></a>__rt_lib_init_cpp_1</STRONG> (Thumb, 0 bytes, Stack size unknown bytes, libinit2.o(.ARM.Collect$$libinit$$00000034))

<P><STRONG><a name="[11c]"></a>__rt_lib_init_exceptions_1</STRONG> (Thumb, 0 bytes, Stack size unknown bytes, libinit2.o(.ARM.Collect$$libinit$$00000032))

<P><STRONG><a name="[11d]"></a>__rt_lib_init_return</STRONG> (Thumb, 0 bytes, Stack size unknown bytes, libinit2.o(.ARM.Collect$$libinit$$00000035))

<P><STRONG><a name="[11e]"></a>__rt_lib_init_stdio_1</STRONG> (Thumb, 0 bytes, Stack size unknown bytes, libinit2.o(.ARM.Collect$$libinit$$00000027))

<P><STRONG><a name="[84]"></a>__rt_lib_shutdown</STRONG> (Thumb, 0 bytes, Stack size unknown bytes, libshutdown.o(.ARM.Collect$$libshutdown$$00000000))
<BR><BR>[Called By]<UL><LI><a href="#[83]">&gt;&gt;</a>&nbsp;&nbsp;&nbsp;__rt_exit_ls
</UL>

<P><STRONG><a name="[11f]"></a>__rt_lib_shutdown_cpp_1</STRONG> (Thumb, 0 bytes, Stack size unknown bytes, libshutdown2.o(.ARM.Collect$$libshutdown$$00000002))

<P><STRONG><a name="[7a]"></a>__rt_lib_shutdown_stdio_2</STRONG> (Thumb, 0 bytes, Stack size unknown bytes, libshutdown2.o(.ARM.Collect$$libshutdown$$00000003))
<BR><BR>[Stack]<UL><LI>Max Depth = 136 + Unknown Stack Size
<LI>Call Chain = __rt_lib_shutdown_stdio_2 &rArr; _terminateio &rArr; _fclose_internal &rArr; _fflush &rArr; _writebuf &rArr; _sys_write
</UL>
<BR>[Calls]<UL><LI><a href="#[7b]">&gt;&gt;</a>&nbsp;&nbsp;&nbsp;_terminateio
</UL>

<P><STRONG><a name="[120]"></a>__rt_lib_shutdown_fp_trap_1</STRONG> (Thumb, 0 bytes, Stack size unknown bytes, libshutdown2.o(.ARM.Collect$$libshutdown$$00000007))

<P><STRONG><a name="[121]"></a>__rt_lib_shutdown_heap_1</STRONG> (Thumb, 0 bytes, Stack size unknown bytes, libshutdown2.o(.ARM.Collect$$libshutdown$$0000000F))

<P><STRONG><a name="[122]"></a>__rt_lib_shutdown_return</STRONG> (Thumb, 0 bytes, Stack size unknown bytes, libshutdown2.o(.ARM.Collect$$libshutdown$$00000010))

<P><STRONG><a name="[123]"></a>__rt_lib_shutdown_signal_1</STRONG> (Thumb, 0 bytes, Stack size unknown bytes, libshutdown2.o(.ARM.Collect$$libshutdown$$0000000A))

<P><STRONG><a name="[124]"></a>__rt_lib_shutdown_stdio_1</STRONG> (Thumb, 0 bytes, Stack size unknown bytes, libshutdown2.o(.ARM.Collect$$libshutdown$$00000004))

<P><STRONG><a name="[125]"></a>__rt_lib_shutdown_user_alloc_1</STRONG> (Thumb, 0 bytes, Stack size unknown bytes, libshutdown2.o(.ARM.Collect$$libshutdown$$0000000C))

<P><STRONG><a name="[6e]"></a>__rt_entry</STRONG> (Thumb, 0 bytes, Stack size unknown bytes, __rtentry.o(.ARM.Collect$$rtentry$$00000000))
<BR><BR>[Called By]<UL><LI><a href="#[6a]">&gt;&gt;</a>&nbsp;&nbsp;&nbsp;__main
<LI><a href="#[6f]">&gt;&gt;</a>&nbsp;&nbsp;&nbsp;__scatterload_rt2
</UL>

<P><STRONG><a name="[126]"></a>__rt_entry_presh_1</STRONG> (Thumb, 0 bytes, Stack size unknown bytes, __rtentry2.o(.ARM.Collect$$rtentry$$00000002))

<P><STRONG><a name="[7c]"></a>__rt_entry_sh</STRONG> (Thumb, 0 bytes, Stack size unknown bytes, __rtentry4.o(.ARM.Collect$$rtentry$$00000004))
<BR><BR>[Stack]<UL><LI>Max Depth = 8 + Unknown Stack Size
<LI>Call Chain = __rt_entry_sh &rArr; __user_setup_stackheap
</UL>
<BR>[Calls]<UL><LI><a href="#[7d]">&gt;&gt;</a>&nbsp;&nbsp;&nbsp;__user_setup_stackheap
</UL>

<P><STRONG><a name="[7e]"></a>__rt_entry_li</STRONG> (Thumb, 0 bytes, Stack size unknown bytes, __rtentry2.o(.ARM.Collect$$rtentry$$0000000A))
<BR><BR>[Calls]<UL><LI><a href="#[7f]">&gt;&gt;</a>&nbsp;&nbsp;&nbsp;__rt_lib_init
</UL>

<P><STRONG><a name="[127]"></a>__rt_entry_postsh_1</STRONG> (Thumb, 0 bytes, Stack size unknown bytes, __rtentry2.o(.ARM.Collect$$rtentry$$00000009))

<P><STRONG><a name="[80]"></a>__rt_entry_main</STRONG> (Thumb, 0 bytes, Stack size unknown bytes, __rtentry2.o(.ARM.Collect$$rtentry$$0000000D))
<BR><BR>[Stack]<UL><LI>Max Depth = 264 + Unknown Stack Size
<LI>Call Chain = __rt_entry_main &rArr; main &rArr; MX_X_CUBE_AI_Init &rArr; ai_network_create_and_init &rArr; ai_network_init &rArr; ai_platform_network_init &rArr; _platform_ai_buffer_array_copy &rArr; __aeabi_memcpy4
</UL>
<BR>[Calls]<UL><LI><a href="#[81]">&gt;&gt;</a>&nbsp;&nbsp;&nbsp;main
<LI><a href="#[82]">&gt;&gt;</a>&nbsp;&nbsp;&nbsp;exit
</UL>

<P><STRONG><a name="[128]"></a>__rt_entry_postli_1</STRONG> (Thumb, 0 bytes, Stack size unknown bytes, __rtentry2.o(.ARM.Collect$$rtentry$$0000000C))

<P><STRONG><a name="[b4]"></a>__rt_exit</STRONG> (Thumb, 0 bytes, Stack size unknown bytes, rtexit.o(.ARM.Collect$$rtexit$$00000000))
<BR><BR>[Called By]<UL><LI><a href="#[82]">&gt;&gt;</a>&nbsp;&nbsp;&nbsp;exit
</UL>

<P><STRONG><a name="[83]"></a>__rt_exit_ls</STRONG> (Thumb, 0 bytes, Stack size unknown bytes, rtexit2.o(.ARM.Collect$$rtexit$$00000003))
<BR><BR>[Calls]<UL><LI><a href="#[84]">&gt;&gt;</a>&nbsp;&nbsp;&nbsp;__rt_lib_shutdown
</UL>

<P><STRONG><a name="[129]"></a>__rt_exit_prels_1</STRONG> (Thumb, 0 bytes, Stack size unknown bytes, rtexit2.o(.ARM.Collect$$rtexit$$00000002))

<P><STRONG><a name="[85]"></a>__rt_exit_exit</STRONG> (Thumb, 0 bytes, Stack size unknown bytes, rtexit2.o(.ARM.Collect$$rtexit$$00000004))
<BR><BR>[Calls]<UL><LI><a href="#[86]">&gt;&gt;</a>&nbsp;&nbsp;&nbsp;_sys_exit
</UL>

<P><STRONG><a name="[2]"></a>Reset_Handler</STRONG> (Thumb, 8 bytes, Stack size 0 bytes, startup_stm32f479xx.o(.text))
<BR>[Address Reference Count : 1]<UL><LI> startup_stm32f479xx.o(RESET)
</UL>
<P><STRONG><a name="[1e]"></a>ADC_IRQHandler</STRONG> (Thumb, 0 bytes, Stack size 0 bytes, startup_stm32f479xx.o(.text))
<BR><BR>[Calls]<UL><LI><a href="#[1e]">&gt;&gt;</a>&nbsp;&nbsp;&nbsp;ADC_IRQHandler
</UL>
<BR>[Called By]<UL><LI><a href="#[1e]">&gt;&gt;</a>&nbsp;&nbsp;&nbsp;ADC_IRQHandler
</UL>
<BR>[Address Reference Count : 1]<UL><LI> startup_stm32f479xx.o(RESET)
</UL>
<P><STRONG><a name="[20]"></a>CAN1_RX0_IRQHandler</STRONG> (Thumb, 0 bytes, Stack size 0 bytes, startup_stm32f479xx.o(.text))
<BR>[Address Reference Count : 1]<UL><LI> startup_stm32f479xx.o(RESET)
</UL>
<P><STRONG><a name="[21]"></a>CAN1_RX1_IRQHandler</STRONG> (Thumb, 0 bytes, Stack size 0 bytes, startup_stm32f479xx.o(.text))
<BR>[Address Reference Count : 1]<UL><LI> startup_stm32f479xx.o(RESET)
</UL>
<P><STRONG><a name="[22]"></a>CAN1_SCE_IRQHandler</STRONG> (Thumb, 0 bytes, Stack size 0 bytes, startup_stm32f479xx.o(.text))
<BR>[Address Reference Count : 1]<UL><LI> startup_stm32f479xx.o(RESET)
</UL>
<P><STRONG><a name="[1f]"></a>CAN1_TX_IRQHandler</STRONG> (Thumb, 0 bytes, Stack size 0 bytes, startup_stm32f479xx.o(.text))
<BR>[Address Reference Count : 1]<UL><LI> startup_stm32f479xx.o(RESET)
</UL>
<P><STRONG><a name="[4c]"></a>CAN2_RX0_IRQHandler</STRONG> (Thumb, 0 bytes, Stack size 0 bytes, startup_stm32f479xx.o(.text))
<BR>[Address Reference Count : 1]<UL><LI> startup_stm32f479xx.o(RESET)
</UL>
<P><STRONG><a name="[4d]"></a>CAN2_RX1_IRQHandler</STRONG> (Thumb, 0 bytes, Stack size 0 bytes, startup_stm32f479xx.o(.text))
<BR>[Address Reference Count : 1]<UL><LI> startup_stm32f479xx.o(RESET)
</UL>
<P><STRONG><a name="[4e]"></a>CAN2_SCE_IRQHandler</STRONG> (Thumb, 0 bytes, Stack size 0 bytes, startup_stm32f479xx.o(.text))
<BR>[Address Reference Count : 1]<UL><LI> startup_stm32f479xx.o(RESET)
</UL>
<P><STRONG><a name="[4b]"></a>CAN2_TX_IRQHandler</STRONG> (Thumb, 0 bytes, Stack size 0 bytes, startup_stm32f479xx.o(.text))
<BR>[Address Reference Count : 1]<UL><LI> startup_stm32f479xx.o(RESET)
</UL>
<P><STRONG><a name="[5b]"></a>CRYP_IRQHandler</STRONG> (Thumb, 0 bytes, Stack size 0 bytes, startup_stm32f479xx.o(.text))
<BR>[Address Reference Count : 1]<UL><LI> startup_stm32f479xx.o(RESET)
</UL>
<P><STRONG><a name="[5a]"></a>DCMI_IRQHandler</STRONG> (Thumb, 0 bytes, Stack size 0 bytes, startup_stm32f479xx.o(.text))
<BR>[Address Reference Count : 1]<UL><LI> startup_stm32f479xx.o(RESET)
</UL>
<P><STRONG><a name="[17]"></a>DMA1_Stream0_IRQHandler</STRONG> (Thumb, 0 bytes, Stack size 0 bytes, startup_stm32f479xx.o(.text))
<BR>[Address Reference Count : 1]<UL><LI> startup_stm32f479xx.o(RESET)
</UL>
<P><STRONG><a name="[18]"></a>DMA1_Stream1_IRQHandler</STRONG> (Thumb, 0 bytes, Stack size 0 bytes, startup_stm32f479xx.o(.text))
<BR>[Address Reference Count : 1]<UL><LI> startup_stm32f479xx.o(RESET)
</UL>
<P><STRONG><a name="[19]"></a>DMA1_Stream2_IRQHandler</STRONG> (Thumb, 0 bytes, Stack size 0 bytes, startup_stm32f479xx.o(.text))
<BR>[Address Reference Count : 1]<UL><LI> startup_stm32f479xx.o(RESET)
</UL>
<P><STRONG><a name="[1a]"></a>DMA1_Stream3_IRQHandler</STRONG> (Thumb, 0 bytes, Stack size 0 bytes, startup_stm32f479xx.o(.text))
<BR>[Address Reference Count : 1]<UL><LI> startup_stm32f479xx.o(RESET)
</UL>
<P><STRONG><a name="[1b]"></a>DMA1_Stream4_IRQHandler</STRONG> (Thumb, 0 bytes, Stack size 0 bytes, startup_stm32f479xx.o(.text))
<BR>[Address Reference Count : 1]<UL><LI> startup_stm32f479xx.o(RESET)
</UL>
<P><STRONG><a name="[1c]"></a>DMA1_Stream5_IRQHandler</STRONG> (Thumb, 0 bytes, Stack size 0 bytes, startup_stm32f479xx.o(.text))
<BR>[Address Reference Count : 1]<UL><LI> startup_stm32f479xx.o(RESET)
</UL>
<P><STRONG><a name="[1d]"></a>DMA1_Stream6_IRQHandler</STRONG> (Thumb, 0 bytes, Stack size 0 bytes, startup_stm32f479xx.o(.text))
<BR>[Address Reference Count : 1]<UL><LI> startup_stm32f479xx.o(RESET)
</UL>
<P><STRONG><a name="[3b]"></a>DMA1_Stream7_IRQHandler</STRONG> (Thumb, 0 bytes, Stack size 0 bytes, startup_stm32f479xx.o(.text))
<BR>[Address Reference Count : 1]<UL><LI> startup_stm32f479xx.o(RESET)
</UL>
<P><STRONG><a name="[66]"></a>DMA2D_IRQHandler</STRONG> (Thumb, 0 bytes, Stack size 0 bytes, startup_stm32f479xx.o(.text))
<BR>[Address Reference Count : 1]<UL><LI> startup_stm32f479xx.o(RESET)
</UL>
<P><STRONG><a name="[44]"></a>DMA2_Stream0_IRQHandler</STRONG> (Thumb, 0 bytes, Stack size 0 bytes, startup_stm32f479xx.o(.text))
<BR>[Address Reference Count : 1]<UL><LI> startup_stm32f479xx.o(RESET)
</UL>
<P><STRONG><a name="[45]"></a>DMA2_Stream1_IRQHandler</STRONG> (Thumb, 0 bytes, Stack size 0 bytes, startup_stm32f479xx.o(.text))
<BR>[Address Reference Count : 1]<UL><LI> startup_stm32f479xx.o(RESET)
</UL>
<P><STRONG><a name="[46]"></a>DMA2_Stream2_IRQHandler</STRONG> (Thumb, 0 bytes, Stack size 0 bytes, startup_stm32f479xx.o(.text))
<BR>[Address Reference Count : 1]<UL><LI> startup_stm32f479xx.o(RESET)
</UL>
<P><STRONG><a name="[47]"></a>DMA2_Stream3_IRQHandler</STRONG> (Thumb, 0 bytes, Stack size 0 bytes, startup_stm32f479xx.o(.text))
<BR>[Address Reference Count : 1]<UL><LI> startup_stm32f479xx.o(RESET)
</UL>
<P><STRONG><a name="[48]"></a>DMA2_Stream4_IRQHandler</STRONG> (Thumb, 0 bytes, Stack size 0 bytes, startup_stm32f479xx.o(.text))
<BR>[Address Reference Count : 1]<UL><LI> startup_stm32f479xx.o(RESET)
</UL>
<P><STRONG><a name="[50]"></a>DMA2_Stream5_IRQHandler</STRONG> (Thumb, 0 bytes, Stack size 0 bytes, startup_stm32f479xx.o(.text))
<BR>[Address Reference Count : 1]<UL><LI> startup_stm32f479xx.o(RESET)
</UL>
<P><STRONG><a name="[51]"></a>DMA2_Stream6_IRQHandler</STRONG> (Thumb, 0 bytes, Stack size 0 bytes, startup_stm32f479xx.o(.text))
<BR>[Address Reference Count : 1]<UL><LI> startup_stm32f479xx.o(RESET)
</UL>
<P><STRONG><a name="[52]"></a>DMA2_Stream7_IRQHandler</STRONG> (Thumb, 0 bytes, Stack size 0 bytes, startup_stm32f479xx.o(.text))
<BR>[Address Reference Count : 1]<UL><LI> startup_stm32f479xx.o(RESET)
</UL>
<P><STRONG><a name="[68]"></a>DSI_IRQHandler</STRONG> (Thumb, 0 bytes, Stack size 0 bytes, startup_stm32f479xx.o(.text))
<BR>[Address Reference Count : 1]<UL><LI> startup_stm32f479xx.o(RESET)
</UL>
<P><STRONG><a name="[49]"></a>ETH_IRQHandler</STRONG> (Thumb, 0 bytes, Stack size 0 bytes, startup_stm32f479xx.o(.text))
<BR>[Address Reference Count : 1]<UL><LI> startup_stm32f479xx.o(RESET)
</UL>
<P><STRONG><a name="[4a]"></a>ETH_WKUP_IRQHandler</STRONG> (Thumb, 0 bytes, Stack size 0 bytes, startup_stm32f479xx.o(.text))
<BR>[Address Reference Count : 1]<UL><LI> startup_stm32f479xx.o(RESET)
</UL>
<P><STRONG><a name="[12]"></a>EXTI0_IRQHandler</STRONG> (Thumb, 0 bytes, Stack size 0 bytes, startup_stm32f479xx.o(.text))
<BR>[Address Reference Count : 1]<UL><LI> startup_stm32f479xx.o(RESET)
</UL>
<P><STRONG><a name="[34]"></a>EXTI15_10_IRQHandler</STRONG> (Thumb, 0 bytes, Stack size 0 bytes, startup_stm32f479xx.o(.text))
<BR>[Address Reference Count : 1]<UL><LI> startup_stm32f479xx.o(RESET)
</UL>
<P><STRONG><a name="[13]"></a>EXTI1_IRQHandler</STRONG> (Thumb, 0 bytes, Stack size 0 bytes, startup_stm32f479xx.o(.text))
<BR>[Address Reference Count : 1]<UL><LI> startup_stm32f479xx.o(RESET)
</UL>
<P><STRONG><a name="[14]"></a>EXTI2_IRQHandler</STRONG> (Thumb, 0 bytes, Stack size 0 bytes, startup_stm32f479xx.o(.text))
<BR>[Address Reference Count : 1]<UL><LI> startup_stm32f479xx.o(RESET)
</UL>
<P><STRONG><a name="[15]"></a>EXTI3_IRQHandler</STRONG> (Thumb, 0 bytes, Stack size 0 bytes, startup_stm32f479xx.o(.text))
<BR>[Address Reference Count : 1]<UL><LI> startup_stm32f479xx.o(RESET)
</UL>
<P><STRONG><a name="[16]"></a>EXTI4_IRQHandler</STRONG> (Thumb, 0 bytes, Stack size 0 bytes, startup_stm32f479xx.o(.text))
<BR>[Address Reference Count : 1]<UL><LI> startup_stm32f479xx.o(RESET)
</UL>
<P><STRONG><a name="[23]"></a>EXTI9_5_IRQHandler</STRONG> (Thumb, 0 bytes, Stack size 0 bytes, startup_stm32f479xx.o(.text))
<BR>[Address Reference Count : 1]<UL><LI> startup_stm32f479xx.o(RESET)
</UL>
<P><STRONG><a name="[10]"></a>FLASH_IRQHandler</STRONG> (Thumb, 0 bytes, Stack size 0 bytes, startup_stm32f479xx.o(.text))
<BR>[Address Reference Count : 1]<UL><LI> startup_stm32f479xx.o(RESET)
</UL>
<P><STRONG><a name="[3c]"></a>FMC_IRQHandler</STRONG> (Thumb, 0 bytes, Stack size 0 bytes, startup_stm32f479xx.o(.text))
<BR>[Address Reference Count : 1]<UL><LI> startup_stm32f479xx.o(RESET)
</UL>
<P><STRONG><a name="[5d]"></a>FPU_IRQHandler</STRONG> (Thumb, 0 bytes, Stack size 0 bytes, startup_stm32f479xx.o(.text))
<BR>[Address Reference Count : 1]<UL><LI> startup_stm32f479xx.o(RESET)
</UL>
<P><STRONG><a name="[5c]"></a>HASH_RNG_IRQHandler</STRONG> (Thumb, 0 bytes, Stack size 0 bytes, startup_stm32f479xx.o(.text))
<BR>[Address Reference Count : 1]<UL><LI> startup_stm32f479xx.o(RESET)
</UL>
<P><STRONG><a name="[2c]"></a>I2C1_ER_IRQHandler</STRONG> (Thumb, 0 bytes, Stack size 0 bytes, startup_stm32f479xx.o(.text))
<BR>[Address Reference Count : 1]<UL><LI> startup_stm32f479xx.o(RESET)
</UL>
<P><STRONG><a name="[2b]"></a>I2C1_EV_IRQHandler</STRONG> (Thumb, 0 bytes, Stack size 0 bytes, startup_stm32f479xx.o(.text))
<BR>[Address Reference Count : 1]<UL><LI> startup_stm32f479xx.o(RESET)
</UL>
<P><STRONG><a name="[2e]"></a>I2C2_ER_IRQHandler</STRONG> (Thumb, 0 bytes, Stack size 0 bytes, startup_stm32f479xx.o(.text))
<BR>[Address Reference Count : 1]<UL><LI> startup_stm32f479xx.o(RESET)
</UL>
<P><STRONG><a name="[2d]"></a>I2C2_EV_IRQHandler</STRONG> (Thumb, 0 bytes, Stack size 0 bytes, startup_stm32f479xx.o(.text))
<BR>[Address Reference Count : 1]<UL><LI> startup_stm32f479xx.o(RESET)
</UL>
<P><STRONG><a name="[55]"></a>I2C3_ER_IRQHandler</STRONG> (Thumb, 0 bytes, Stack size 0 bytes, startup_stm32f479xx.o(.text))
<BR>[Address Reference Count : 1]<UL><LI> startup_stm32f479xx.o(RESET)
</UL>
<P><STRONG><a name="[54]"></a>I2C3_EV_IRQHandler</STRONG> (Thumb, 0 bytes, Stack size 0 bytes, startup_stm32f479xx.o(.text))
<BR>[Address Reference Count : 1]<UL><LI> startup_stm32f479xx.o(RESET)
</UL>
<P><STRONG><a name="[65]"></a>LTDC_ER_IRQHandler</STRONG> (Thumb, 0 bytes, Stack size 0 bytes, startup_stm32f479xx.o(.text))
<BR>[Address Reference Count : 1]<UL><LI> startup_stm32f479xx.o(RESET)
</UL>
<P><STRONG><a name="[64]"></a>LTDC_IRQHandler</STRONG> (Thumb, 0 bytes, Stack size 0 bytes, startup_stm32f479xx.o(.text))
<BR>[Address Reference Count : 1]<UL><LI> startup_stm32f479xx.o(RESET)
</UL>
<P><STRONG><a name="[4f]"></a>OTG_FS_IRQHandler</STRONG> (Thumb, 0 bytes, Stack size 0 bytes, startup_stm32f479xx.o(.text))
<BR>[Address Reference Count : 1]<UL><LI> startup_stm32f479xx.o(RESET)
</UL>
<P><STRONG><a name="[36]"></a>OTG_FS_WKUP_IRQHandler</STRONG> (Thumb, 0 bytes, Stack size 0 bytes, startup_stm32f479xx.o(.text))
<BR>[Address Reference Count : 1]<UL><LI> startup_stm32f479xx.o(RESET)
</UL>
<P><STRONG><a name="[57]"></a>OTG_HS_EP1_IN_IRQHandler</STRONG> (Thumb, 0 bytes, Stack size 0 bytes, startup_stm32f479xx.o(.text))
<BR>[Address Reference Count : 1]<UL><LI> startup_stm32f479xx.o(RESET)
</UL>
<P><STRONG><a name="[56]"></a>OTG_HS_EP1_OUT_IRQHandler</STRONG> (Thumb, 0 bytes, Stack size 0 bytes, startup_stm32f479xx.o(.text))
<BR>[Address Reference Count : 1]<UL><LI> startup_stm32f479xx.o(RESET)
</UL>
<P><STRONG><a name="[59]"></a>OTG_HS_IRQHandler</STRONG> (Thumb, 0 bytes, Stack size 0 bytes, startup_stm32f479xx.o(.text))
<BR>[Address Reference Count : 1]<UL><LI> startup_stm32f479xx.o(RESET)
</UL>
<P><STRONG><a name="[58]"></a>OTG_HS_WKUP_IRQHandler</STRONG> (Thumb, 0 bytes, Stack size 0 bytes, startup_stm32f479xx.o(.text))
<BR>[Address Reference Count : 1]<UL><LI> startup_stm32f479xx.o(RESET)
</UL>
<P><STRONG><a name="[d]"></a>PVD_IRQHandler</STRONG> (Thumb, 0 bytes, Stack size 0 bytes, startup_stm32f479xx.o(.text))
<BR>[Address Reference Count : 1]<UL><LI> startup_stm32f479xx.o(RESET)
</UL>
<P><STRONG><a name="[67]"></a>QUADSPI_IRQHandler</STRONG> (Thumb, 0 bytes, Stack size 0 bytes, startup_stm32f479xx.o(.text))
<BR>[Address Reference Count : 1]<UL><LI> startup_stm32f479xx.o(RESET)
</UL>
<P><STRONG><a name="[11]"></a>RCC_IRQHandler</STRONG> (Thumb, 0 bytes, Stack size 0 bytes, startup_stm32f479xx.o(.text))
<BR>[Address Reference Count : 1]<UL><LI> startup_stm32f479xx.o(RESET)
</UL>
<P><STRONG><a name="[35]"></a>RTC_Alarm_IRQHandler</STRONG> (Thumb, 0 bytes, Stack size 0 bytes, startup_stm32f479xx.o(.text))
<BR>[Address Reference Count : 1]<UL><LI> startup_stm32f479xx.o(RESET)
</UL>
<P><STRONG><a name="[f]"></a>RTC_WKUP_IRQHandler</STRONG> (Thumb, 0 bytes, Stack size 0 bytes, startup_stm32f479xx.o(.text))
<BR>[Address Reference Count : 1]<UL><LI> startup_stm32f479xx.o(RESET)
</UL>
<P><STRONG><a name="[63]"></a>SAI1_IRQHandler</STRONG> (Thumb, 0 bytes, Stack size 0 bytes, startup_stm32f479xx.o(.text))
<BR>[Address Reference Count : 1]<UL><LI> startup_stm32f479xx.o(RESET)
</UL>
<P><STRONG><a name="[3d]"></a>SDIO_IRQHandler</STRONG> (Thumb, 0 bytes, Stack size 0 bytes, startup_stm32f479xx.o(.text))
<BR>[Address Reference Count : 1]<UL><LI> startup_stm32f479xx.o(RESET)
</UL>
<P><STRONG><a name="[2f]"></a>SPI1_IRQHandler</STRONG> (Thumb, 0 bytes, Stack size 0 bytes, startup_stm32f479xx.o(.text))
<BR>[Address Reference Count : 1]<UL><LI> startup_stm32f479xx.o(RESET)
</UL>
<P><STRONG><a name="[30]"></a>SPI2_IRQHandler</STRONG> (Thumb, 0 bytes, Stack size 0 bytes, startup_stm32f479xx.o(.text))
<BR>[Address Reference Count : 1]<UL><LI> startup_stm32f479xx.o(RESET)
</UL>
<P><STRONG><a name="[3f]"></a>SPI3_IRQHandler</STRONG> (Thumb, 0 bytes, Stack size 0 bytes, startup_stm32f479xx.o(.text))
<BR>[Address Reference Count : 1]<UL><LI> startup_stm32f479xx.o(RESET)
</UL>
<P><STRONG><a name="[60]"></a>SPI4_IRQHandler</STRONG> (Thumb, 0 bytes, Stack size 0 bytes, startup_stm32f479xx.o(.text))
<BR>[Address Reference Count : 1]<UL><LI> startup_stm32f479xx.o(RESET)
</UL>
<P><STRONG><a name="[61]"></a>SPI5_IRQHandler</STRONG> (Thumb, 0 bytes, Stack size 0 bytes, startup_stm32f479xx.o(.text))
<BR>[Address Reference Count : 1]<UL><LI> startup_stm32f479xx.o(RESET)
</UL>
<P><STRONG><a name="[62]"></a>SPI6_IRQHandler</STRONG> (Thumb, 0 bytes, Stack size 0 bytes, startup_stm32f479xx.o(.text))
<BR>[Address Reference Count : 1]<UL><LI> startup_stm32f479xx.o(RESET)
</UL>
<P><STRONG><a name="[e]"></a>TAMP_STAMP_IRQHandler</STRONG> (Thumb, 0 bytes, Stack size 0 bytes, startup_stm32f479xx.o(.text))
<BR>[Address Reference Count : 1]<UL><LI> startup_stm32f479xx.o(RESET)
</UL>
<P><STRONG><a name="[24]"></a>TIM1_BRK_TIM9_IRQHandler</STRONG> (Thumb, 0 bytes, Stack size 0 bytes, startup_stm32f479xx.o(.text))
<BR>[Address Reference Count : 1]<UL><LI> startup_stm32f479xx.o(RESET)
</UL>
<P><STRONG><a name="[27]"></a>TIM1_CC_IRQHandler</STRONG> (Thumb, 0 bytes, Stack size 0 bytes, startup_stm32f479xx.o(.text))
<BR>[Address Reference Count : 1]<UL><LI> startup_stm32f479xx.o(RESET)
</UL>
<P><STRONG><a name="[26]"></a>TIM1_TRG_COM_TIM11_IRQHandler</STRONG> (Thumb, 0 bytes, Stack size 0 bytes, startup_stm32f479xx.o(.text))
<BR>[Address Reference Count : 1]<UL><LI> startup_stm32f479xx.o(RESET)
</UL>
<P><STRONG><a name="[25]"></a>TIM1_UP_TIM10_IRQHandler</STRONG> (Thumb, 0 bytes, Stack size 0 bytes, startup_stm32f479xx.o(.text))
<BR>[Address Reference Count : 1]<UL><LI> startup_stm32f479xx.o(RESET)
</UL>
<P><STRONG><a name="[28]"></a>TIM2_IRQHandler</STRONG> (Thumb, 0 bytes, Stack size 0 bytes, startup_stm32f479xx.o(.text))
<BR>[Address Reference Count : 1]<UL><LI> startup_stm32f479xx.o(RESET)
</UL>
<P><STRONG><a name="[29]"></a>TIM3_IRQHandler</STRONG> (Thumb, 0 bytes, Stack size 0 bytes, startup_stm32f479xx.o(.text))
<BR>[Address Reference Count : 1]<UL><LI> startup_stm32f479xx.o(RESET)
</UL>
<P><STRONG><a name="[2a]"></a>TIM4_IRQHandler</STRONG> (Thumb, 0 bytes, Stack size 0 bytes, startup_stm32f479xx.o(.text))
<BR>[Address Reference Count : 1]<UL><LI> startup_stm32f479xx.o(RESET)
</UL>
<P><STRONG><a name="[3e]"></a>TIM5_IRQHandler</STRONG> (Thumb, 0 bytes, Stack size 0 bytes, startup_stm32f479xx.o(.text))
<BR>[Address Reference Count : 1]<UL><LI> startup_stm32f479xx.o(RESET)
</UL>
<P><STRONG><a name="[42]"></a>TIM6_DAC_IRQHandler</STRONG> (Thumb, 0 bytes, Stack size 0 bytes, startup_stm32f479xx.o(.text))
<BR>[Address Reference Count : 1]<UL><LI> startup_stm32f479xx.o(RESET)
</UL>
<P><STRONG><a name="[43]"></a>TIM7_IRQHandler</STRONG> (Thumb, 0 bytes, Stack size 0 bytes, startup_stm32f479xx.o(.text))
<BR>[Address Reference Count : 1]<UL><LI> startup_stm32f479xx.o(RESET)
</UL>
<P><STRONG><a name="[37]"></a>TIM8_BRK_TIM12_IRQHandler</STRONG> (Thumb, 0 bytes, Stack size 0 bytes, startup_stm32f479xx.o(.text))
<BR>[Address Reference Count : 1]<UL><LI> startup_stm32f479xx.o(RESET)
</UL>
<P><STRONG><a name="[3a]"></a>TIM8_CC_IRQHandler</STRONG> (Thumb, 0 bytes, Stack size 0 bytes, startup_stm32f479xx.o(.text))
<BR>[Address Reference Count : 1]<UL><LI> startup_stm32f479xx.o(RESET)
</UL>
<P><STRONG><a name="[39]"></a>TIM8_TRG_COM_TIM14_IRQHandler</STRONG> (Thumb, 0 bytes, Stack size 0 bytes, startup_stm32f479xx.o(.text))
<BR>[Address Reference Count : 1]<UL><LI> startup_stm32f479xx.o(RESET)
</UL>
<P><STRONG><a name="[38]"></a>TIM8_UP_TIM13_IRQHandler</STRONG> (Thumb, 0 bytes, Stack size 0 bytes, startup_stm32f479xx.o(.text))
<BR>[Address Reference Count : 1]<UL><LI> startup_stm32f479xx.o(RESET)
</UL>
<P><STRONG><a name="[40]"></a>UART4_IRQHandler</STRONG> (Thumb, 0 bytes, Stack size 0 bytes, startup_stm32f479xx.o(.text))
<BR>[Address Reference Count : 1]<UL><LI> startup_stm32f479xx.o(RESET)
</UL>
<P><STRONG><a name="[41]"></a>UART5_IRQHandler</STRONG> (Thumb, 0 bytes, Stack size 0 bytes, startup_stm32f479xx.o(.text))
<BR>[Address Reference Count : 1]<UL><LI> startup_stm32f479xx.o(RESET)
</UL>
<P><STRONG><a name="[5e]"></a>UART7_IRQHandler</STRONG> (Thumb, 0 bytes, Stack size 0 bytes, startup_stm32f479xx.o(.text))
<BR>[Address Reference Count : 1]<UL><LI> startup_stm32f479xx.o(RESET)
</UL>
<P><STRONG><a name="[5f]"></a>UART8_IRQHandler</STRONG> (Thumb, 0 bytes, Stack size 0 bytes, startup_stm32f479xx.o(.text))
<BR>[Address Reference Count : 1]<UL><LI> startup_stm32f479xx.o(RESET)
</UL>
<P><STRONG><a name="[31]"></a>USART1_IRQHandler</STRONG> (Thumb, 0 bytes, Stack size 0 bytes, startup_stm32f479xx.o(.text))
<BR>[Address Reference Count : 1]<UL><LI> startup_stm32f479xx.o(RESET)
</UL>
<P><STRONG><a name="[32]"></a>USART2_IRQHandler</STRONG> (Thumb, 0 bytes, Stack size 0 bytes, startup_stm32f479xx.o(.text))
<BR>[Address Reference Count : 1]<UL><LI> startup_stm32f479xx.o(RESET)
</UL>
<P><STRONG><a name="[33]"></a>USART3_IRQHandler</STRONG> (Thumb, 0 bytes, Stack size 0 bytes, startup_stm32f479xx.o(.text))
<BR>[Address Reference Count : 1]<UL><LI> startup_stm32f479xx.o(RESET)
</UL>
<P><STRONG><a name="[53]"></a>USART6_IRQHandler</STRONG> (Thumb, 0 bytes, Stack size 0 bytes, startup_stm32f479xx.o(.text))
<BR>[Address Reference Count : 1]<UL><LI> startup_stm32f479xx.o(RESET)
</UL>
<P><STRONG><a name="[c]"></a>WWDG_IRQHandler</STRONG> (Thumb, 0 bytes, Stack size 0 bytes, startup_stm32f479xx.o(.text))
<BR>[Address Reference Count : 1]<UL><LI> startup_stm32f479xx.o(RESET)
</UL>
<P><STRONG><a name="[ad]"></a>__user_initial_stackheap</STRONG> (Thumb, 0 bytes, Stack size unknown bytes, startup_stm32f479xx.o(.text))
<BR><BR>[Called By]<UL><LI><a href="#[7d]">&gt;&gt;</a>&nbsp;&nbsp;&nbsp;__user_setup_stackheap
</UL>

<P><STRONG><a name="[87]"></a>malloc</STRONG> (Thumb, 94 bytes, Stack size 16 bytes, h1_alloc.o(.text))
<BR><BR>[Stack]<UL><LI>Max Depth = 48<LI>Call Chain = malloc &rArr; __Heap_Full &rArr; __Heap_ProvideMemory &rArr; free
</UL>
<BR>[Calls]<UL><LI><a href="#[89]">&gt;&gt;</a>&nbsp;&nbsp;&nbsp;__Heap_Full
<LI><a href="#[88]">&gt;&gt;</a>&nbsp;&nbsp;&nbsp;__rt_heap_descriptor
</UL>
<BR>[Called By]<UL><LI><a href="#[ca]">&gt;&gt;</a>&nbsp;&nbsp;&nbsp;MX_X_CUBE_AI_Process
<LI><a href="#[b2]">&gt;&gt;</a>&nbsp;&nbsp;&nbsp;fopen
<LI><a href="#[9d]">&gt;&gt;</a>&nbsp;&nbsp;&nbsp;__flsbuf
</UL>

<P><STRONG><a name="[8a]"></a>free</STRONG> (Thumb, 78 bytes, Stack size 16 bytes, h1_free.o(.text))
<BR><BR>[Stack]<UL><LI>Max Depth = 16<LI>Call Chain = free
</UL>
<BR>[Calls]<UL><LI><a href="#[88]">&gt;&gt;</a>&nbsp;&nbsp;&nbsp;__rt_heap_descriptor
</UL>
<BR>[Called By]<UL><LI><a href="#[a7]">&gt;&gt;</a>&nbsp;&nbsp;&nbsp;_fclose_internal
<LI><a href="#[7b]">&gt;&gt;</a>&nbsp;&nbsp;&nbsp;_terminateio
<LI><a href="#[95]">&gt;&gt;</a>&nbsp;&nbsp;&nbsp;__Heap_ProvideMemory
</UL>

<P><STRONG><a name="[c4]"></a>__aeabi_uldivmod</STRONG> (Thumb, 0 bytes, Stack size 48 bytes, lludivv7m.o(.text))
<BR><BR>[Stack]<UL><LI>Max Depth = 48<LI>Call Chain = __aeabi_uldivmod
</UL>
<BR>[Called By]<UL><LI><a href="#[c3]">&gt;&gt;</a>&nbsp;&nbsp;&nbsp;HAL_RCC_GetSysClockFreq
</UL>

<P><STRONG><a name="[12a]"></a>_ll_udiv</STRONG> (Thumb, 240 bytes, Stack size 48 bytes, lludivv7m.o(.text), UNUSED)

<P><STRONG><a name="[8b]"></a>__2printf</STRONG> (Thumb, 20 bytes, Stack size 24 bytes, noretval__2printf.o(.text))
<BR><BR>[Stack]<UL><LI>Max Depth = 144 + Unknown Stack Size
<LI>Call Chain = __2printf &rArr; _printf_char_file &rArr; _printf_char_common &rArr; __printf
</UL>
<BR>[Calls]<UL><LI><a href="#[8c]">&gt;&gt;</a>&nbsp;&nbsp;&nbsp;_printf_char_file
</UL>
<BR>[Called By]<UL><LI><a href="#[ca]">&gt;&gt;</a>&nbsp;&nbsp;&nbsp;MX_X_CUBE_AI_Process
<LI><a href="#[c6]">&gt;&gt;</a>&nbsp;&nbsp;&nbsp;MX_X_CUBE_AI_Init
</UL>

<P><STRONG><a name="[8e]"></a>_printf_pre_padding</STRONG> (Thumb, 44 bytes, Stack size 16 bytes, _printf_pad.o(.text))
<BR><BR>[Stack]<UL><LI>Max Depth = 16<LI>Call Chain = _printf_pre_padding
</UL>
<BR>[Called By]<UL><LI><a href="#[8d]">&gt;&gt;</a>&nbsp;&nbsp;&nbsp;_printf_str
<LI><a href="#[90]">&gt;&gt;</a>&nbsp;&nbsp;&nbsp;_printf_int_common
</UL>

<P><STRONG><a name="[8f]"></a>_printf_post_padding</STRONG> (Thumb, 34 bytes, Stack size 16 bytes, _printf_pad.o(.text))
<BR><BR>[Stack]<UL><LI>Max Depth = 16<LI>Call Chain = _printf_post_padding
</UL>
<BR>[Called By]<UL><LI><a href="#[8d]">&gt;&gt;</a>&nbsp;&nbsp;&nbsp;_printf_str
<LI><a href="#[90]">&gt;&gt;</a>&nbsp;&nbsp;&nbsp;_printf_int_common
</UL>

<P><STRONG><a name="[8d]"></a>_printf_str</STRONG> (Thumb, 82 bytes, Stack size 16 bytes, _printf_str.o(.text))
<BR><BR>[Stack]<UL><LI>Max Depth = 32<LI>Call Chain = _printf_str &rArr; _printf_post_padding
</UL>
<BR>[Calls]<UL><LI><a href="#[8f]">&gt;&gt;</a>&nbsp;&nbsp;&nbsp;_printf_post_padding
<LI><a href="#[8e]">&gt;&gt;</a>&nbsp;&nbsp;&nbsp;_printf_pre_padding
</UL>
<BR>[Called By]<UL><LI><a href="#[99]">&gt;&gt;</a>&nbsp;&nbsp;&nbsp;_printf_cs_common
</UL>

<P><STRONG><a name="[71]"></a>_printf_int_hex</STRONG> (Thumb, 84 bytes, Stack size 16 bytes, _printf_hex_int.o(.text))
<BR><BR>[Stack]<UL><LI>Max Depth = 64<LI>Call Chain = _printf_int_hex &rArr; _printf_int_common &rArr; _printf_post_padding
</UL>
<BR>[Calls]<UL><LI><a href="#[90]">&gt;&gt;</a>&nbsp;&nbsp;&nbsp;_printf_int_common
</UL>
<BR>[Called By]<UL><LI><a href="#[70]">&gt;&gt;</a>&nbsp;&nbsp;&nbsp;_printf_x
</UL>

<P><STRONG><a name="[12b]"></a>_printf_longlong_hex</STRONG> (Thumb, 0 bytes, Stack size 16 bytes, _printf_hex_int.o(.text), UNUSED)

<P><STRONG><a name="[91]"></a>__printf</STRONG> (Thumb, 308 bytes, Stack size 40 bytes, __printf_flags_wp.o(.text))
<BR><BR>[Stack]<UL><LI>Max Depth = 40 + Unknown Stack Size
<LI>Call Chain = __printf
</UL>
<BR>[Calls]<UL><LI><a href="#[93]">&gt;&gt;</a>&nbsp;&nbsp;&nbsp;_printf_percent
<LI><a href="#[92]">&gt;&gt;</a>&nbsp;&nbsp;&nbsp;_is_digit
</UL>
<BR>[Called By]<UL><LI><a href="#[9b]">&gt;&gt;</a>&nbsp;&nbsp;&nbsp;_printf_char_common
</UL>

<P><STRONG><a name="[94]"></a>puts</STRONG> (Thumb, 40 bytes, Stack size 8 bytes, puts.o(.text))
<BR><BR>[Stack]<UL><LI>Max Depth = 48<LI>Call Chain = puts &rArr; fputc &rArr; __flsbuf_byte
</UL>
<BR>[Calls]<UL><LI><a href="#[6b]">&gt;&gt;</a>&nbsp;&nbsp;&nbsp;fputc
</UL>
<BR>[Called By]<UL><LI><a href="#[ca]">&gt;&gt;</a>&nbsp;&nbsp;&nbsp;MX_X_CUBE_AI_Process
</UL>

<P><STRONG><a name="[ed]"></a>memcmp</STRONG> (Thumb, 88 bytes, Stack size 8 bytes, memcmp.o(.text))
<BR><BR>[Stack]<UL><LI>Max Depth = 8<LI>Call Chain = memcmp
</UL>
<BR>[Called By]<UL><LI><a href="#[ec]">&gt;&gt;</a>&nbsp;&nbsp;&nbsp;ai_check_custom_types
</UL>

<P><STRONG><a name="[e0]"></a>__aeabi_memcpy4</STRONG> (Thumb, 0 bytes, Stack size 8 bytes, rt_memcpy_w.o(.text))
<BR><BR>[Stack]<UL><LI>Max Depth = 8<LI>Call Chain = __aeabi_memcpy4
</UL>
<BR>[Called By]<UL><LI><a href="#[d5]">&gt;&gt;</a>&nbsp;&nbsp;&nbsp;ai_platform_network_init
<LI><a href="#[e1]">&gt;&gt;</a>&nbsp;&nbsp;&nbsp;_platform_ai_buffer_array_copy
<LI><a href="#[de]">&gt;&gt;</a>&nbsp;&nbsp;&nbsp;_ai_platform_get_io_buffers_info
</UL>

<P><STRONG><a name="[12c]"></a>__aeabi_memcpy8</STRONG> (Thumb, 0 bytes, Stack size 8 bytes, rt_memcpy_w.o(.text), UNUSED)

<P><STRONG><a name="[12d]"></a>__rt_memcpy_w</STRONG> (Thumb, 100 bytes, Stack size 8 bytes, rt_memcpy_w.o(.text), UNUSED)

<P><STRONG><a name="[12e]"></a>_memcpy_lastbytes_aligned</STRONG> (Thumb, 0 bytes, Stack size unknown bytes, rt_memcpy_w.o(.text), UNUSED)

<P><STRONG><a name="[a3]"></a>__aeabi_memclr4</STRONG> (Thumb, 0 bytes, Stack size unknown bytes, rt_memclr_w.o(.text))
<BR><BR>[Called By]<UL><LI><a href="#[ce]">&gt;&gt;</a>&nbsp;&nbsp;&nbsp;SystemClock_Config
<LI><a href="#[de]">&gt;&gt;</a>&nbsp;&nbsp;&nbsp;_ai_platform_get_io_buffers_info
<LI><a href="#[a7]">&gt;&gt;</a>&nbsp;&nbsp;&nbsp;_fclose_internal
<LI><a href="#[b2]">&gt;&gt;</a>&nbsp;&nbsp;&nbsp;fopen
<LI><a href="#[79]">&gt;&gt;</a>&nbsp;&nbsp;&nbsp;_initio
</UL>

<P><STRONG><a name="[12f]"></a>__aeabi_memclr8</STRONG> (Thumb, 0 bytes, Stack size unknown bytes, rt_memclr_w.o(.text), UNUSED)

<P><STRONG><a name="[130]"></a>__rt_memclr_w</STRONG> (Thumb, 0 bytes, Stack size unknown bytes, rt_memclr_w.o(.text), UNUSED)

<P><STRONG><a name="[131]"></a>_memset_w</STRONG> (Thumb, 74 bytes, Stack size 4 bytes, rt_memclr_w.o(.text), UNUSED)

<P><STRONG><a name="[132]"></a>__use_two_region_memory</STRONG> (Thumb, 2 bytes, Stack size 0 bytes, heapauxi.o(.text), UNUSED)

<P><STRONG><a name="[133]"></a>__rt_heap_escrow</STRONG> (Thumb, 2 bytes, Stack size 0 bytes, heapauxi.o(.text), UNUSED)

<P><STRONG><a name="[134]"></a>__rt_heap_expand</STRONG> (Thumb, 2 bytes, Stack size 0 bytes, heapauxi.o(.text), UNUSED)

<P><STRONG><a name="[88]"></a>__rt_heap_descriptor</STRONG> (Thumb, 8 bytes, Stack size 0 bytes, rt_heap_descriptor_intlibspace.o(.text))
<BR><BR>[Called By]<UL><LI><a href="#[8a]">&gt;&gt;</a>&nbsp;&nbsp;&nbsp;free
<LI><a href="#[87]">&gt;&gt;</a>&nbsp;&nbsp;&nbsp;malloc
<LI><a href="#[77]">&gt;&gt;</a>&nbsp;&nbsp;&nbsp;_init_alloc
</UL>

<P><STRONG><a name="[135]"></a>__use_no_heap</STRONG> (Thumb, 2 bytes, Stack size 0 bytes, hguard.o(.text), UNUSED)

<P><STRONG><a name="[136]"></a>__heap$guard</STRONG> (Thumb, 2 bytes, Stack size 0 bytes, hguard.o(.text), UNUSED)

<P><STRONG><a name="[137]"></a>_terminate_user_alloc</STRONG> (Thumb, 2 bytes, Stack size 0 bytes, init_alloc.o(.text), UNUSED)

<P><STRONG><a name="[138]"></a>_init_user_alloc</STRONG> (Thumb, 2 bytes, Stack size 0 bytes, init_alloc.o(.text), UNUSED)

<P><STRONG><a name="[89]"></a>__Heap_Full</STRONG> (Thumb, 34 bytes, Stack size 16 bytes, init_alloc.o(.text))
<BR><BR>[Stack]<UL><LI>Max Depth = 32<LI>Call Chain = __Heap_Full &rArr; __Heap_ProvideMemory &rArr; free
</UL>
<BR>[Calls]<UL><LI><a href="#[95]">&gt;&gt;</a>&nbsp;&nbsp;&nbsp;__Heap_ProvideMemory
</UL>
<BR>[Called By]<UL><LI><a href="#[87]">&gt;&gt;</a>&nbsp;&nbsp;&nbsp;malloc
</UL>

<P><STRONG><a name="[96]"></a>__Heap_Broken</STRONG> (Thumb, 6 bytes, Stack size 0 bytes, init_alloc.o(.text), UNUSED)
<BR><BR>[Calls]<UL><LI><a href="#[97]">&gt;&gt;</a>&nbsp;&nbsp;&nbsp;__rt_SIGRTMEM
</UL>

<P><STRONG><a name="[77]"></a>_init_alloc</STRONG> (Thumb, 94 bytes, Stack size 24 bytes, init_alloc.o(.text))
<BR><BR>[Stack]<UL><LI>Max Depth = 64<LI>Call Chain = _init_alloc &rArr; __rt_SIGRTMEM &rArr; __rt_SIGRTMEM_inner &rArr; __default_signal_display &rArr; _ttywrch
</UL>
<BR>[Calls]<UL><LI><a href="#[97]">&gt;&gt;</a>&nbsp;&nbsp;&nbsp;__rt_SIGRTMEM
<LI><a href="#[95]">&gt;&gt;</a>&nbsp;&nbsp;&nbsp;__Heap_ProvideMemory
<LI><a href="#[98]">&gt;&gt;</a>&nbsp;&nbsp;&nbsp;__Heap_Initialize
<LI><a href="#[88]">&gt;&gt;</a>&nbsp;&nbsp;&nbsp;__rt_heap_descriptor
</UL>
<BR>[Called By]<UL><LI><a href="#[76]">&gt;&gt;</a>&nbsp;&nbsp;&nbsp;__rt_lib_init_heap_2
</UL>

<P><STRONG><a name="[98]"></a>__Heap_Initialize</STRONG> (Thumb, 8 bytes, Stack size 0 bytes, h1_init.o(.text))
<BR><BR>[Called By]<UL><LI><a href="#[77]">&gt;&gt;</a>&nbsp;&nbsp;&nbsp;_init_alloc
</UL>

<P><STRONG><a name="[139]"></a>__Heap_DescSize</STRONG> (Thumb, 4 bytes, Stack size 0 bytes, h1_init.o(.text), UNUSED)

<P><STRONG><a name="[90]"></a>_printf_int_common</STRONG> (Thumb, 178 bytes, Stack size 32 bytes, _printf_intcommon.o(.text))
<BR><BR>[Stack]<UL><LI>Max Depth = 48<LI>Call Chain = _printf_int_common &rArr; _printf_post_padding
</UL>
<BR>[Calls]<UL><LI><a href="#[8f]">&gt;&gt;</a>&nbsp;&nbsp;&nbsp;_printf_post_padding
<LI><a href="#[8e]">&gt;&gt;</a>&nbsp;&nbsp;&nbsp;_printf_pre_padding
</UL>
<BR>[Called By]<UL><LI><a href="#[71]">&gt;&gt;</a>&nbsp;&nbsp;&nbsp;_printf_int_hex
</UL>

<P><STRONG><a name="[99]"></a>_printf_cs_common</STRONG> (Thumb, 20 bytes, Stack size 8 bytes, _printf_char.o(.text))
<BR><BR>[Stack]<UL><LI>Max Depth = 40<LI>Call Chain = _printf_cs_common &rArr; _printf_str &rArr; _printf_post_padding
</UL>
<BR>[Calls]<UL><LI><a href="#[8d]">&gt;&gt;</a>&nbsp;&nbsp;&nbsp;_printf_str
</UL>
<BR>[Called By]<UL><LI><a href="#[73]">&gt;&gt;</a>&nbsp;&nbsp;&nbsp;_printf_string
<LI><a href="#[9a]">&gt;&gt;</a>&nbsp;&nbsp;&nbsp;_printf_char
</UL>

<P><STRONG><a name="[9a]"></a>_printf_char</STRONG> (Thumb, 16 bytes, Stack size 0 bytes, _printf_char.o(.text), UNUSED)
<BR><BR>[Calls]<UL><LI><a href="#[99]">&gt;&gt;</a>&nbsp;&nbsp;&nbsp;_printf_cs_common
</UL>

<P><STRONG><a name="[73]"></a>_printf_string</STRONG> (Thumb, 8 bytes, Stack size 0 bytes, _printf_char.o(.text))
<BR><BR>[Stack]<UL><LI>Max Depth = 40<LI>Call Chain = _printf_string &rArr; _printf_cs_common &rArr; _printf_str &rArr; _printf_post_padding
</UL>
<BR>[Calls]<UL><LI><a href="#[99]">&gt;&gt;</a>&nbsp;&nbsp;&nbsp;_printf_cs_common
</UL>
<BR>[Called By]<UL><LI><a href="#[72]">&gt;&gt;</a>&nbsp;&nbsp;&nbsp;_printf_s
</UL>

<P><STRONG><a name="[8c]"></a>_printf_char_file</STRONG> (Thumb, 32 bytes, Stack size 16 bytes, _printf_char_file.o(.text))
<BR><BR>[Stack]<UL><LI>Max Depth = 120 + Unknown Stack Size
<LI>Call Chain = _printf_char_file &rArr; _printf_char_common &rArr; __printf
</UL>
<BR>[Calls]<UL><LI><a href="#[9c]">&gt;&gt;</a>&nbsp;&nbsp;&nbsp;ferror
<LI><a href="#[9b]">&gt;&gt;</a>&nbsp;&nbsp;&nbsp;_printf_char_common
</UL>
<BR>[Called By]<UL><LI><a href="#[8b]">&gt;&gt;</a>&nbsp;&nbsp;&nbsp;__2printf
</UL>

<P><STRONG><a name="[13a]"></a>__user_libspace</STRONG> (Thumb, 8 bytes, Stack size 0 bytes, libspace.o(.text), UNUSED)

<P><STRONG><a name="[ac]"></a>__user_perproc_libspace</STRONG> (Thumb, 0 bytes, Stack size 0 bytes, libspace.o(.text))
<BR><BR>[Called By]<UL><LI><a href="#[7d]">&gt;&gt;</a>&nbsp;&nbsp;&nbsp;__user_setup_stackheap
</UL>

<P><STRONG><a name="[13b]"></a>__user_perthread_libspace</STRONG> (Thumb, 0 bytes, Stack size 0 bytes, libspace.o(.text), UNUSED)

<P><STRONG><a name="[b9]"></a>__aeabi_errno_addr</STRONG> (Thumb, 8 bytes, Stack size 0 bytes, rt_errno_addr_intlibspace.o(.text))
<BR><BR>[Called By]<UL><LI><a href="#[b7]">&gt;&gt;</a>&nbsp;&nbsp;&nbsp;_ftell_internal
</UL>

<P><STRONG><a name="[13c]"></a>__errno$intlibspace</STRONG> (Thumb, 0 bytes, Stack size 0 bytes, rt_errno_addr_intlibspace.o(.text), UNUSED)

<P><STRONG><a name="[13d]"></a>__rt_errno_addr$intlibspace</STRONG> (Thumb, 0 bytes, Stack size 0 bytes, rt_errno_addr_intlibspace.o(.text), UNUSED)

<P><STRONG><a name="[95]"></a>__Heap_ProvideMemory</STRONG> (Thumb, 52 bytes, Stack size 0 bytes, h1_extend.o(.text))
<BR><BR>[Stack]<UL><LI>Max Depth = 16<LI>Call Chain = __Heap_ProvideMemory &rArr; free
</UL>
<BR>[Calls]<UL><LI><a href="#[8a]">&gt;&gt;</a>&nbsp;&nbsp;&nbsp;free
</UL>
<BR>[Called By]<UL><LI><a href="#[77]">&gt;&gt;</a>&nbsp;&nbsp;&nbsp;_init_alloc
<LI><a href="#[89]">&gt;&gt;</a>&nbsp;&nbsp;&nbsp;__Heap_Full
</UL>

<P><STRONG><a name="[13e]"></a>_maybe_terminate_alloc</STRONG> (Thumb, 0 bytes, Stack size 0 bytes, maybetermalloc1.o(.text), UNUSED)

<P><STRONG><a name="[9b]"></a>_printf_char_common</STRONG> (Thumb, 32 bytes, Stack size 64 bytes, _printf_char_common.o(.text))
<BR><BR>[Stack]<UL><LI>Max Depth = 104 + Unknown Stack Size
<LI>Call Chain = _printf_char_common &rArr; __printf
</UL>
<BR>[Calls]<UL><LI><a href="#[91]">&gt;&gt;</a>&nbsp;&nbsp;&nbsp;__printf
</UL>
<BR>[Called By]<UL><LI><a href="#[8c]">&gt;&gt;</a>&nbsp;&nbsp;&nbsp;_printf_char_file
</UL>

<P><STRONG><a name="[9c]"></a>ferror</STRONG> (Thumb, 8 bytes, Stack size 0 bytes, ferror.o(.text))
<BR><BR>[Called By]<UL><LI><a href="#[8c]">&gt;&gt;</a>&nbsp;&nbsp;&nbsp;_printf_char_file
</UL>

<P><STRONG><a name="[9d]"></a>__flsbuf</STRONG> (Thumb, 482 bytes, Stack size 40 bytes, flsbuf.o(.text), UNUSED)
<BR><BR>[Calls]<UL><LI><a href="#[87]">&gt;&gt;</a>&nbsp;&nbsp;&nbsp;malloc
<LI><a href="#[9e]">&gt;&gt;</a>&nbsp;&nbsp;&nbsp;_deferredlazyseek
<LI><a href="#[a2]">&gt;&gt;</a>&nbsp;&nbsp;&nbsp;_writebuf
<LI><a href="#[9f]">&gt;&gt;</a>&nbsp;&nbsp;&nbsp;_seterr
<LI><a href="#[a0]">&gt;&gt;</a>&nbsp;&nbsp;&nbsp;_sys_flen
<LI><a href="#[a1]">&gt;&gt;</a>&nbsp;&nbsp;&nbsp;_sys_istty
</UL>

<P><STRONG><a name="[102]"></a>__flsbuf_byte</STRONG> (Thumb, 0 bytes, Stack size 40 bytes, flsbuf.o(.text))
<BR><BR>[Stack]<UL><LI>Max Depth = 40<LI>Call Chain = __flsbuf_byte
</UL>
<BR>[Called By]<UL><LI><a href="#[6b]">&gt;&gt;</a>&nbsp;&nbsp;&nbsp;fputc
</UL>

<P><STRONG><a name="[13f]"></a>__flsbuf_wide</STRONG> (Thumb, 0 bytes, Stack size 40 bytes, flsbuf.o(.text), UNUSED)

<P><STRONG><a name="[79]"></a>_initio</STRONG> (Thumb, 210 bytes, Stack size 8 bytes, initio.o(.text))
<BR><BR>[Stack]<UL><LI>Max Depth = 152 + Unknown Stack Size
<LI>Call Chain = _initio &rArr; freopen &rArr; _fclose_internal &rArr; _fflush &rArr; _writebuf &rArr; _sys_write
</UL>
<BR>[Calls]<UL><LI><a href="#[a5]">&gt;&gt;</a>&nbsp;&nbsp;&nbsp;__rt_SIGRTRED
<LI><a href="#[a4]">&gt;&gt;</a>&nbsp;&nbsp;&nbsp;freopen
<LI><a href="#[a6]">&gt;&gt;</a>&nbsp;&nbsp;&nbsp;setvbuf
<LI><a href="#[a3]">&gt;&gt;</a>&nbsp;&nbsp;&nbsp;__aeabi_memclr4
</UL>
<BR>[Called By]<UL><LI><a href="#[78]">&gt;&gt;</a>&nbsp;&nbsp;&nbsp;__rt_lib_init_stdio_2
</UL>

<P><STRONG><a name="[7b]"></a>_terminateio</STRONG> (Thumb, 56 bytes, Stack size 16 bytes, initio.o(.text))
<BR><BR>[Stack]<UL><LI>Max Depth = 136 + Unknown Stack Size
<LI>Call Chain = _terminateio &rArr; _fclose_internal &rArr; _fflush &rArr; _writebuf &rArr; _sys_write
</UL>
<BR>[Calls]<UL><LI><a href="#[8a]">&gt;&gt;</a>&nbsp;&nbsp;&nbsp;free
<LI><a href="#[a7]">&gt;&gt;</a>&nbsp;&nbsp;&nbsp;_fclose_internal
</UL>
<BR>[Called By]<UL><LI><a href="#[7a]">&gt;&gt;</a>&nbsp;&nbsp;&nbsp;__rt_lib_shutdown_stdio_2
</UL>

<P><STRONG><a name="[97]"></a>__rt_SIGRTMEM</STRONG> (Thumb, 14 bytes, Stack size 8 bytes, defsig_rtmem_outer.o(.text))
<BR><BR>[Stack]<UL><LI>Max Depth = 40<LI>Call Chain = __rt_SIGRTMEM &rArr; __rt_SIGRTMEM_inner &rArr; __default_signal_display &rArr; _ttywrch
</UL>
<BR>[Calls]<UL><LI><a href="#[a8]">&gt;&gt;</a>&nbsp;&nbsp;&nbsp;__rt_SIGRTMEM_inner
<LI><a href="#[a9]">&gt;&gt;</a>&nbsp;&nbsp;&nbsp;__sig_exit
</UL>
<BR>[Called By]<UL><LI><a href="#[77]">&gt;&gt;</a>&nbsp;&nbsp;&nbsp;_init_alloc
<LI><a href="#[96]">&gt;&gt;</a>&nbsp;&nbsp;&nbsp;__Heap_Broken
</UL>

<P><STRONG><a name="[aa]"></a>_sys_open</STRONG> (Thumb, 20 bytes, Stack size 16 bytes, sys_io.o(.text))
<BR><BR>[Stack]<UL><LI>Max Depth = 24<LI>Call Chain = _sys_open &rArr; strlen
</UL>
<BR>[Calls]<UL><LI><a href="#[ab]">&gt;&gt;</a>&nbsp;&nbsp;&nbsp;strlen
</UL>
<BR>[Called By]<UL><LI><a href="#[a4]">&gt;&gt;</a>&nbsp;&nbsp;&nbsp;freopen
</UL>

<P><STRONG><a name="[b3]"></a>_sys_close</STRONG> (Thumb, 12 bytes, Stack size 8 bytes, sys_io.o(.text))
<BR><BR>[Stack]<UL><LI>Max Depth = 8<LI>Call Chain = _sys_close
</UL>
<BR>[Called By]<UL><LI><a href="#[a7]">&gt;&gt;</a>&nbsp;&nbsp;&nbsp;_fclose_internal
</UL>

<P><STRONG><a name="[af]"></a>_sys_write</STRONG> (Thumb, 16 bytes, Stack size 24 bytes, sys_io.o(.text))
<BR><BR>[Stack]<UL><LI>Max Depth = 24<LI>Call Chain = _sys_write
</UL>
<BR>[Called By]<UL><LI><a href="#[a2]">&gt;&gt;</a>&nbsp;&nbsp;&nbsp;_writebuf
</UL>

<P><STRONG><a name="[140]"></a>_sys_read</STRONG> (Thumb, 14 bytes, Stack size 24 bytes, sys_io.o(.text), UNUSED)

<P><STRONG><a name="[a1]"></a>_sys_istty</STRONG> (Thumb, 12 bytes, Stack size 8 bytes, sys_io.o(.text))
<BR><BR>[Stack]<UL><LI>Max Depth = 8<LI>Call Chain = _sys_istty
</UL>
<BR>[Called By]<UL><LI><a href="#[9d]">&gt;&gt;</a>&nbsp;&nbsp;&nbsp;__flsbuf
<LI><a href="#[b1]">&gt;&gt;</a>&nbsp;&nbsp;&nbsp;_fseek
</UL>

<P><STRONG><a name="[ae]"></a>_sys_seek</STRONG> (Thumb, 14 bytes, Stack size 16 bytes, sys_io.o(.text))
<BR><BR>[Stack]<UL><LI>Max Depth = 16<LI>Call Chain = _sys_seek
</UL>
<BR>[Called By]<UL><LI><a href="#[a2]">&gt;&gt;</a>&nbsp;&nbsp;&nbsp;_writebuf
</UL>

<P><STRONG><a name="[141]"></a>_sys_ensure</STRONG> (Thumb, 2 bytes, Stack size 0 bytes, sys_io.o(.text), UNUSED)

<P><STRONG><a name="[a0]"></a>_sys_flen</STRONG> (Thumb, 12 bytes, Stack size 8 bytes, sys_io.o(.text))
<BR><BR>[Stack]<UL><LI>Max Depth = 8<LI>Call Chain = _sys_flen
</UL>
<BR>[Called By]<UL><LI><a href="#[9d]">&gt;&gt;</a>&nbsp;&nbsp;&nbsp;__flsbuf
<LI><a href="#[b1]">&gt;&gt;</a>&nbsp;&nbsp;&nbsp;_fseek
</UL>

<P><STRONG><a name="[142]"></a>__I$use$semihosting</STRONG> (Thumb, 0 bytes, Stack size 0 bytes, use_no_semi.o(.text), UNUSED)

<P><STRONG><a name="[143]"></a>__use_no_semihosting_swi</STRONG> (Thumb, 2 bytes, Stack size 0 bytes, use_no_semi.o(.text), UNUSED)

<P><STRONG><a name="[144]"></a>__semihosting_library_function</STRONG> (Thumb, 0 bytes, Stack size 8 bytes, indicate_semi.o(.text), UNUSED)

<P><STRONG><a name="[7d]"></a>__user_setup_stackheap</STRONG> (Thumb, 74 bytes, Stack size 8 bytes, sys_stackheap_outer.o(.text))
<BR><BR>[Stack]<UL><LI>Max Depth = 8 + Unknown Stack Size
<LI>Call Chain = __user_setup_stackheap
</UL>
<BR>[Calls]<UL><LI><a href="#[ad]">&gt;&gt;</a>&nbsp;&nbsp;&nbsp;__user_initial_stackheap
<LI><a href="#[ac]">&gt;&gt;</a>&nbsp;&nbsp;&nbsp;__user_perproc_libspace
</UL>
<BR>[Called By]<UL><LI><a href="#[7c]">&gt;&gt;</a>&nbsp;&nbsp;&nbsp;__rt_entry_sh
</UL>

<P><STRONG><a name="[a6]"></a>setvbuf</STRONG> (Thumb, 70 bytes, Stack size 16 bytes, setvbuf.o(.text))
<BR><BR>[Stack]<UL><LI>Max Depth = 16<LI>Call Chain = setvbuf
</UL>
<BR>[Called By]<UL><LI><a href="#[79]">&gt;&gt;</a>&nbsp;&nbsp;&nbsp;_initio
</UL>

<P><STRONG><a name="[9f]"></a>_seterr</STRONG> (Thumb, 20 bytes, Stack size 0 bytes, stdio.o(.text))
<BR><BR>[Called By]<UL><LI><a href="#[a2]">&gt;&gt;</a>&nbsp;&nbsp;&nbsp;_writebuf
<LI><a href="#[9d]">&gt;&gt;</a>&nbsp;&nbsp;&nbsp;__flsbuf
<LI><a href="#[b1]">&gt;&gt;</a>&nbsp;&nbsp;&nbsp;_fseek
</UL>

<P><STRONG><a name="[a2]"></a>_writebuf</STRONG> (Thumb, 108 bytes, Stack size 48 bytes, stdio.o(.text))
<BR><BR>[Stack]<UL><LI>Max Depth = 72<LI>Call Chain = _writebuf &rArr; _sys_write
</UL>
<BR>[Calls]<UL><LI><a href="#[9f]">&gt;&gt;</a>&nbsp;&nbsp;&nbsp;_seterr
<LI><a href="#[ae]">&gt;&gt;</a>&nbsp;&nbsp;&nbsp;_sys_seek
<LI><a href="#[af]">&gt;&gt;</a>&nbsp;&nbsp;&nbsp;_sys_write
</UL>
<BR>[Called By]<UL><LI><a href="#[b0]">&gt;&gt;</a>&nbsp;&nbsp;&nbsp;_fflush
<LI><a href="#[9d]">&gt;&gt;</a>&nbsp;&nbsp;&nbsp;__flsbuf
</UL>

<P><STRONG><a name="[b0]"></a>_fflush</STRONG> (Thumb, 70 bytes, Stack size 16 bytes, stdio.o(.text))
<BR><BR>[Stack]<UL><LI>Max Depth = 88<LI>Call Chain = _fflush &rArr; _writebuf &rArr; _sys_write
</UL>
<BR>[Calls]<UL><LI><a href="#[a2]">&gt;&gt;</a>&nbsp;&nbsp;&nbsp;_writebuf
</UL>
<BR>[Called By]<UL><LI><a href="#[a7]">&gt;&gt;</a>&nbsp;&nbsp;&nbsp;_fclose_internal
<LI><a href="#[9e]">&gt;&gt;</a>&nbsp;&nbsp;&nbsp;_deferredlazyseek
</UL>

<P><STRONG><a name="[9e]"></a>_deferredlazyseek</STRONG> (Thumb, 60 bytes, Stack size 8 bytes, stdio.o(.text), UNUSED)
<BR><BR>[Calls]<UL><LI><a href="#[b0]">&gt;&gt;</a>&nbsp;&nbsp;&nbsp;_fflush
</UL>
<BR>[Called By]<UL><LI><a href="#[9d]">&gt;&gt;</a>&nbsp;&nbsp;&nbsp;__flsbuf
</UL>

<P><STRONG><a name="[a4]"></a>freopen</STRONG> (Thumb, 160 bytes, Stack size 24 bytes, fopen.o(.text))
<BR><BR>[Stack]<UL><LI>Max Depth = 144 + Unknown Stack Size
<LI>Call Chain = freopen &rArr; _fclose_internal &rArr; _fflush &rArr; _writebuf &rArr; _sys_write
</UL>
<BR>[Calls]<UL><LI><a href="#[a7]">&gt;&gt;</a>&nbsp;&nbsp;&nbsp;_fclose_internal
<LI><a href="#[aa]">&gt;&gt;</a>&nbsp;&nbsp;&nbsp;_sys_open
<LI><a href="#[b1]">&gt;&gt;</a>&nbsp;&nbsp;&nbsp;_fseek
</UL>
<BR>[Called By]<UL><LI><a href="#[b2]">&gt;&gt;</a>&nbsp;&nbsp;&nbsp;fopen
<LI><a href="#[79]">&gt;&gt;</a>&nbsp;&nbsp;&nbsp;_initio
</UL>

<P><STRONG><a name="[b2]"></a>fopen</STRONG> (Thumb, 74 bytes, Stack size 24 bytes, fopen.o(.text), UNUSED)
<BR><BR>[Calls]<UL><LI><a href="#[87]">&gt;&gt;</a>&nbsp;&nbsp;&nbsp;malloc
<LI><a href="#[a4]">&gt;&gt;</a>&nbsp;&nbsp;&nbsp;freopen
<LI><a href="#[a3]">&gt;&gt;</a>&nbsp;&nbsp;&nbsp;__aeabi_memclr4
</UL>

<P><STRONG><a name="[a7]"></a>_fclose_internal</STRONG> (Thumb, 76 bytes, Stack size 32 bytes, fclose.o(.text))
<BR><BR>[Stack]<UL><LI>Max Depth = 120 + Unknown Stack Size
<LI>Call Chain = _fclose_internal &rArr; _fflush &rArr; _writebuf &rArr; _sys_write
</UL>
<BR>[Calls]<UL><LI><a href="#[8a]">&gt;&gt;</a>&nbsp;&nbsp;&nbsp;free
<LI><a href="#[b0]">&gt;&gt;</a>&nbsp;&nbsp;&nbsp;_fflush
<LI><a href="#[b3]">&gt;&gt;</a>&nbsp;&nbsp;&nbsp;_sys_close
<LI><a href="#[a3]">&gt;&gt;</a>&nbsp;&nbsp;&nbsp;__aeabi_memclr4
</UL>
<BR>[Called By]<UL><LI><a href="#[a4]">&gt;&gt;</a>&nbsp;&nbsp;&nbsp;freopen
<LI><a href="#[7b]">&gt;&gt;</a>&nbsp;&nbsp;&nbsp;_terminateio
</UL>

<P><STRONG><a name="[145]"></a>fclose</STRONG> (Thumb, 0 bytes, Stack size 32 bytes, fclose.o(.text), UNUSED)

<P><STRONG><a name="[82]"></a>exit</STRONG> (Thumb, 18 bytes, Stack size 8 bytes, exit.o(.text))
<BR><BR>[Stack]<UL><LI>Max Depth = 8 + Unknown Stack Size
<LI>Call Chain = exit
</UL>
<BR>[Calls]<UL><LI><a href="#[b4]">&gt;&gt;</a>&nbsp;&nbsp;&nbsp;__rt_exit
</UL>
<BR>[Called By]<UL><LI><a href="#[80]">&gt;&gt;</a>&nbsp;&nbsp;&nbsp;__rt_entry_main
</UL>

<P><STRONG><a name="[a9]"></a>__sig_exit</STRONG> (Thumb, 10 bytes, Stack size 0 bytes, defsig_exit.o(.text))
<BR><BR>[Calls]<UL><LI><a href="#[86]">&gt;&gt;</a>&nbsp;&nbsp;&nbsp;_sys_exit
</UL>
<BR>[Called By]<UL><LI><a href="#[a5]">&gt;&gt;</a>&nbsp;&nbsp;&nbsp;__rt_SIGRTRED
<LI><a href="#[97]">&gt;&gt;</a>&nbsp;&nbsp;&nbsp;__rt_SIGRTMEM
</UL>

<P><STRONG><a name="[a5]"></a>__rt_SIGRTRED</STRONG> (Thumb, 14 bytes, Stack size 8 bytes, defsig_rtred_outer.o(.text))
<BR><BR>[Stack]<UL><LI>Max Depth = 40<LI>Call Chain = __rt_SIGRTRED &rArr; __rt_SIGRTRED_inner &rArr; __default_signal_display &rArr; _ttywrch
</UL>
<BR>[Calls]<UL><LI><a href="#[a9]">&gt;&gt;</a>&nbsp;&nbsp;&nbsp;__sig_exit
<LI><a href="#[b5]">&gt;&gt;</a>&nbsp;&nbsp;&nbsp;__rt_SIGRTRED_inner
</UL>
<BR>[Called By]<UL><LI><a href="#[79]">&gt;&gt;</a>&nbsp;&nbsp;&nbsp;_initio
</UL>

<P><STRONG><a name="[a8]"></a>__rt_SIGRTMEM_inner</STRONG> (Thumb, 22 bytes, Stack size 8 bytes, defsig_rtmem_inner.o(.text))
<BR><BR>[Stack]<UL><LI>Max Depth = 32<LI>Call Chain = __rt_SIGRTMEM_inner &rArr; __default_signal_display &rArr; _ttywrch
</UL>
<BR>[Calls]<UL><LI><a href="#[b6]">&gt;&gt;</a>&nbsp;&nbsp;&nbsp;__default_signal_display
</UL>
<BR>[Called By]<UL><LI><a href="#[97]">&gt;&gt;</a>&nbsp;&nbsp;&nbsp;__rt_SIGRTMEM
</UL>

<P><STRONG><a name="[86]"></a>_sys_exit</STRONG> (Thumb, 8 bytes, Stack size 0 bytes, sys_exit.o(.text))
<BR><BR>[Called By]<UL><LI><a href="#[a9]">&gt;&gt;</a>&nbsp;&nbsp;&nbsp;__sig_exit
<LI><a href="#[85]">&gt;&gt;</a>&nbsp;&nbsp;&nbsp;__rt_exit_exit
</UL>

<P><STRONG><a name="[b1]"></a>_fseek</STRONG> (Thumb, 242 bytes, Stack size 24 bytes, fseek.o(.text))
<BR><BR>[Stack]<UL><LI>Max Depth = 32<LI>Call Chain = _fseek &rArr; _sys_flen
</UL>
<BR>[Calls]<UL><LI><a href="#[9f]">&gt;&gt;</a>&nbsp;&nbsp;&nbsp;_seterr
<LI><a href="#[a0]">&gt;&gt;</a>&nbsp;&nbsp;&nbsp;_sys_flen
<LI><a href="#[a1]">&gt;&gt;</a>&nbsp;&nbsp;&nbsp;_sys_istty
<LI><a href="#[b7]">&gt;&gt;</a>&nbsp;&nbsp;&nbsp;_ftell_internal
</UL>
<BR>[Called By]<UL><LI><a href="#[a4]">&gt;&gt;</a>&nbsp;&nbsp;&nbsp;freopen
</UL>

<P><STRONG><a name="[146]"></a>fseek</STRONG> (Thumb, 0 bytes, Stack size 24 bytes, fseek.o(.text), UNUSED)

<P><STRONG><a name="[b6]"></a>__default_signal_display</STRONG> (Thumb, 50 bytes, Stack size 16 bytes, defsig_general.o(.text))
<BR><BR>[Stack]<UL><LI>Max Depth = 24<LI>Call Chain = __default_signal_display &rArr; _ttywrch
</UL>
<BR>[Calls]<UL><LI><a href="#[b8]">&gt;&gt;</a>&nbsp;&nbsp;&nbsp;_ttywrch
</UL>
<BR>[Called By]<UL><LI><a href="#[a8]">&gt;&gt;</a>&nbsp;&nbsp;&nbsp;__rt_SIGRTMEM_inner
<LI><a href="#[b5]">&gt;&gt;</a>&nbsp;&nbsp;&nbsp;__rt_SIGRTRED_inner
</UL>

<P><STRONG><a name="[b5]"></a>__rt_SIGRTRED_inner</STRONG> (Thumb, 14 bytes, Stack size 8 bytes, defsig_rtred_inner.o(.text))
<BR><BR>[Stack]<UL><LI>Max Depth = 32<LI>Call Chain = __rt_SIGRTRED_inner &rArr; __default_signal_display &rArr; _ttywrch
</UL>
<BR>[Calls]<UL><LI><a href="#[b6]">&gt;&gt;</a>&nbsp;&nbsp;&nbsp;__default_signal_display
</UL>
<BR>[Called By]<UL><LI><a href="#[a5]">&gt;&gt;</a>&nbsp;&nbsp;&nbsp;__rt_SIGRTRED
</UL>

<P><STRONG><a name="[ab]"></a>strlen</STRONG> (Thumb, 62 bytes, Stack size 8 bytes, strlen.o(.text))
<BR><BR>[Stack]<UL><LI>Max Depth = 8<LI>Call Chain = strlen
</UL>
<BR>[Called By]<UL><LI><a href="#[aa]">&gt;&gt;</a>&nbsp;&nbsp;&nbsp;_sys_open
</UL>

<P><STRONG><a name="[b8]"></a>_ttywrch</STRONG> (Thumb, 14 bytes, Stack size 8 bytes, sys_wrch.o(.text))
<BR><BR>[Stack]<UL><LI>Max Depth = 8<LI>Call Chain = _ttywrch
</UL>
<BR>[Called By]<UL><LI><a href="#[b6]">&gt;&gt;</a>&nbsp;&nbsp;&nbsp;__default_signal_display
</UL>

<P><STRONG><a name="[b7]"></a>_ftell_internal</STRONG> (Thumb, 66 bytes, Stack size 8 bytes, ftell.o(.text))
<BR><BR>[Stack]<UL><LI>Max Depth = 8<LI>Call Chain = _ftell_internal
</UL>
<BR>[Calls]<UL><LI><a href="#[b9]">&gt;&gt;</a>&nbsp;&nbsp;&nbsp;__aeabi_errno_addr
</UL>
<BR>[Called By]<UL><LI><a href="#[b1]">&gt;&gt;</a>&nbsp;&nbsp;&nbsp;_fseek
</UL>

<P><STRONG><a name="[147]"></a>ftell</STRONG> (Thumb, 0 bytes, Stack size 8 bytes, ftell.o(.text), UNUSED)

<P><STRONG><a name="[6]"></a>BusFault_Handler</STRONG> (Thumb, 2 bytes, Stack size 0 bytes, stm32f4xx_it.o(.text.BusFault_Handler))
<BR><BR>[Calls]<UL><LI><a href="#[6]">&gt;&gt;</a>&nbsp;&nbsp;&nbsp;BusFault_Handler
</UL>
<BR>[Called By]<UL><LI><a href="#[6]">&gt;&gt;</a>&nbsp;&nbsp;&nbsp;BusFault_Handler
</UL>
<BR>[Address Reference Count : 1]<UL><LI> startup_stm32f479xx.o(RESET)
</UL>
<P><STRONG><a name="[9]"></a>DebugMon_Handler</STRONG> (Thumb, 2 bytes, Stack size 0 bytes, stm32f4xx_it.o(.text.DebugMon_Handler))
<BR>[Address Reference Count : 1]<UL><LI> startup_stm32f479xx.o(RESET)
</UL>
<P><STRONG><a name="[c1]"></a>HAL_GetTick</STRONG> (Thumb, 12 bytes, Stack size 0 bytes, stm32f4xx_hal.o(.text.HAL_GetTick))
<BR><BR>[Called By]<UL><LI><a href="#[c5]">&gt;&gt;</a>&nbsp;&nbsp;&nbsp;HAL_RCC_OscConfig
<LI><a href="#[c2]">&gt;&gt;</a>&nbsp;&nbsp;&nbsp;HAL_RCC_ClockConfig
<LI><a href="#[c0]">&gt;&gt;</a>&nbsp;&nbsp;&nbsp;HAL_PWREx_EnableOverDrive
</UL>

<P><STRONG><a name="[cd]"></a>HAL_IncTick</STRONG> (Thumb, 26 bytes, Stack size 0 bytes, stm32f4xx_hal.o(.text.HAL_IncTick))
<BR><BR>[Called By]<UL><LI><a href="#[b]">&gt;&gt;</a>&nbsp;&nbsp;&nbsp;SysTick_Handler
</UL>

<P><STRONG><a name="[ba]"></a>HAL_Init</STRONG> (Thumb, 54 bytes, Stack size 8 bytes, stm32f4xx_hal.o(.text.HAL_Init))
<BR><BR>[Stack]<UL><LI>Max Depth = 32<LI>Call Chain = HAL_Init &rArr; HAL_InitTick &rArr; HAL_NVIC_SetPriority
</UL>
<BR>[Calls]<UL><LI><a href="#[bb]">&gt;&gt;</a>&nbsp;&nbsp;&nbsp;HAL_NVIC_SetPriorityGrouping
<LI><a href="#[bc]">&gt;&gt;</a>&nbsp;&nbsp;&nbsp;HAL_InitTick
<LI><a href="#[bd]">&gt;&gt;</a>&nbsp;&nbsp;&nbsp;HAL_MspInit
</UL>
<BR>[Called By]<UL><LI><a href="#[81]">&gt;&gt;</a>&nbsp;&nbsp;&nbsp;main
</UL>

<P><STRONG><a name="[bc]"></a>HAL_InitTick</STRONG> (Thumb, 72 bytes, Stack size 16 bytes, stm32f4xx_hal.o(.text.HAL_InitTick))
<BR><BR>[Stack]<UL><LI>Max Depth = 24<LI>Call Chain = HAL_InitTick &rArr; HAL_NVIC_SetPriority
</UL>
<BR>[Calls]<UL><LI><a href="#[be]">&gt;&gt;</a>&nbsp;&nbsp;&nbsp;HAL_SYSTICK_Config
<LI><a href="#[bf]">&gt;&gt;</a>&nbsp;&nbsp;&nbsp;HAL_NVIC_SetPriority
</UL>
<BR>[Called By]<UL><LI><a href="#[c2]">&gt;&gt;</a>&nbsp;&nbsp;&nbsp;HAL_RCC_ClockConfig
<LI><a href="#[ba]">&gt;&gt;</a>&nbsp;&nbsp;&nbsp;HAL_Init
</UL>

<P><STRONG><a name="[bd]"></a>HAL_MspInit</STRONG> (Thumb, 56 bytes, Stack size 8 bytes, stm32f4xx_hal_msp.o(.text.HAL_MspInit))
<BR><BR>[Stack]<UL><LI>Max Depth = 8<LI>Call Chain = HAL_MspInit
</UL>
<BR>[Called By]<UL><LI><a href="#[ba]">&gt;&gt;</a>&nbsp;&nbsp;&nbsp;HAL_Init
</UL>

<P><STRONG><a name="[bf]"></a>HAL_NVIC_SetPriority</STRONG> (Thumb, 86 bytes, Stack size 8 bytes, stm32f4xx_hal_cortex.o(.text.HAL_NVIC_SetPriority))
<BR><BR>[Stack]<UL><LI>Max Depth = 8<LI>Call Chain = HAL_NVIC_SetPriority
</UL>
<BR>[Called By]<UL><LI><a href="#[bc]">&gt;&gt;</a>&nbsp;&nbsp;&nbsp;HAL_InitTick
</UL>

<P><STRONG><a name="[bb]"></a>HAL_NVIC_SetPriorityGrouping</STRONG> (Thumb, 32 bytes, Stack size 0 bytes, stm32f4xx_hal_cortex.o(.text.HAL_NVIC_SetPriorityGrouping))
<BR><BR>[Called By]<UL><LI><a href="#[ba]">&gt;&gt;</a>&nbsp;&nbsp;&nbsp;HAL_Init
</UL>

<P><STRONG><a name="[c0]"></a>HAL_PWREx_EnableOverDrive</STRONG> (Thumb, 122 bytes, Stack size 24 bytes, stm32f4xx_hal_pwr_ex.o(.text.HAL_PWREx_EnableOverDrive))
<BR><BR>[Stack]<UL><LI>Max Depth = 24<LI>Call Chain = HAL_PWREx_EnableOverDrive
</UL>
<BR>[Calls]<UL><LI><a href="#[c1]">&gt;&gt;</a>&nbsp;&nbsp;&nbsp;HAL_GetTick
</UL>
<BR>[Called By]<UL><LI><a href="#[ce]">&gt;&gt;</a>&nbsp;&nbsp;&nbsp;SystemClock_Config
</UL>

<P><STRONG><a name="[c2]"></a>HAL_RCC_ClockConfig</STRONG> (Thumb, 356 bytes, Stack size 24 bytes, stm32f4xx_hal_rcc.o(.text.HAL_RCC_ClockConfig))
<BR><BR>[Stack]<UL><LI>Max Depth = 80<LI>Call Chain = HAL_RCC_ClockConfig &rArr; HAL_RCC_GetSysClockFreq &rArr; __aeabi_uldivmod
</UL>
<BR>[Calls]<UL><LI><a href="#[bc]">&gt;&gt;</a>&nbsp;&nbsp;&nbsp;HAL_InitTick
<LI><a href="#[c3]">&gt;&gt;</a>&nbsp;&nbsp;&nbsp;HAL_RCC_GetSysClockFreq
<LI><a href="#[c1]">&gt;&gt;</a>&nbsp;&nbsp;&nbsp;HAL_GetTick
</UL>
<BR>[Called By]<UL><LI><a href="#[ce]">&gt;&gt;</a>&nbsp;&nbsp;&nbsp;SystemClock_Config
</UL>

<P><STRONG><a name="[c3]"></a>HAL_RCC_GetSysClockFreq</STRONG> (Thumb, 106 bytes, Stack size 8 bytes, stm32f4xx_hal_rcc.o(.text.HAL_RCC_GetSysClockFreq))
<BR><BR>[Stack]<UL><LI>Max Depth = 56<LI>Call Chain = HAL_RCC_GetSysClockFreq &rArr; __aeabi_uldivmod
</UL>
<BR>[Calls]<UL><LI><a href="#[c4]">&gt;&gt;</a>&nbsp;&nbsp;&nbsp;__aeabi_uldivmod
</UL>
<BR>[Called By]<UL><LI><a href="#[c2]">&gt;&gt;</a>&nbsp;&nbsp;&nbsp;HAL_RCC_ClockConfig
</UL>

<P><STRONG><a name="[c5]"></a>HAL_RCC_OscConfig</STRONG> (Thumb, 964 bytes, Stack size 32 bytes, stm32f4xx_hal_rcc_ex.o(.text.HAL_RCC_OscConfig))
<BR><BR>[Stack]<UL><LI>Max Depth = 32<LI>Call Chain = HAL_RCC_OscConfig
</UL>
<BR>[Calls]<UL><LI><a href="#[c1]">&gt;&gt;</a>&nbsp;&nbsp;&nbsp;HAL_GetTick
</UL>
<BR>[Called By]<UL><LI><a href="#[ce]">&gt;&gt;</a>&nbsp;&nbsp;&nbsp;SystemClock_Config
</UL>

<P><STRONG><a name="[be]"></a>HAL_SYSTICK_Config</STRONG> (Thumb, 44 bytes, Stack size 0 bytes, stm32f4xx_hal_cortex.o(.text.HAL_SYSTICK_Config))
<BR><BR>[Called By]<UL><LI><a href="#[bc]">&gt;&gt;</a>&nbsp;&nbsp;&nbsp;HAL_InitTick
</UL>

<P><STRONG><a name="[4]"></a>HardFault_Handler</STRONG> (Thumb, 2 bytes, Stack size 0 bytes, stm32f4xx_it.o(.text.HardFault_Handler))
<BR><BR>[Calls]<UL><LI><a href="#[4]">&gt;&gt;</a>&nbsp;&nbsp;&nbsp;HardFault_Handler
</UL>
<BR>[Called By]<UL><LI><a href="#[4]">&gt;&gt;</a>&nbsp;&nbsp;&nbsp;HardFault_Handler
</UL>
<BR>[Address Reference Count : 1]<UL><LI> startup_stm32f479xx.o(RESET)
</UL>
<P><STRONG><a name="[dd]"></a>MX_GPIO_Init</STRONG> (Thumb, 36 bytes, Stack size 4 bytes, gpio.o(.text.MX_GPIO_Init))
[...]
<LI><a href="#[d9]">&gt;&gt;</a>&nbsp;&nbsp;&nbsp;ai_platform_network_post_init
<LI><a href="#[d5]">&gt;&gt;</a>&nbsp;&nbsp;&nbsp;ai_platform_network_init
<LI><a href="#[d3]">&gt;&gt;</a>&nbsp;&nbsp;&nbsp;ai_platform_network_get_error
</UL>

<P><STRONG><a name="[d8]"></a>ai_platform_get_activations_map</STRONG> (Thumb, 38 bytes, Stack size 8 bytes, ai_platform_interface.o(i.ai_platform_get_activations_map))
<BR><BR>[Stack]<UL><LI>Max Depth = 24<LI>Call Chain = ai_platform_get_activations_map &rArr; _platform_get_table_map_from_buffer_array
</UL>
<BR>[Calls]<UL><LI><a href="#[e2]">&gt;&gt;</a>&nbsp;&nbsp;&nbsp;_platform_get_table_map_from_buffer_array
<LI><a href="#[f0]">&gt;&gt;</a>&nbsp;&nbsp;&nbsp;_platform_get_table_map_from_buffer
</UL>
<BR>[Called By]<UL><LI><a href="#[d2]">&gt;&gt;</a>&nbsp;&nbsp;&nbsp;ai_network_init
</UL>

<P><STRONG><a name="[d6]"></a>ai_platform_get_weights_map</STRONG> (Thumb, 36 bytes, Stack size 8 bytes, ai_platform_interface.o(i.ai_platform_get_weights_map))
<BR><BR>[Stack]<UL><LI>Max Depth = 24<LI>Call Chain = ai_platform_get_weights_map &rArr; _platform_get_table_map_from_buffer_array
</UL>
<BR>[Calls]<UL><LI><a href="#[e2]">&gt;&gt;</a>&nbsp;&nbsp;&nbsp;_platform_get_table_map_from_buffer_array
<LI><a href="#[f0]">&gt;&gt;</a>&nbsp;&nbsp;&nbsp;_platform_get_table_map_from_buffer
</UL>
<BR>[Called By]<UL><LI><a href="#[d2]">&gt;&gt;</a>&nbsp;&nbsp;&nbsp;ai_network_init
</UL>

<P><STRONG><a name="[da]"></a>ai_platform_inputs_get</STRONG> (Thumb, 66 bytes, Stack size 24 bytes, ai_platform_interface.o(i.ai_platform_inputs_get))
<BR><BR>[Stack]<UL><LI>Max Depth = 176 + Unknown Stack Size
<LI>Call Chain = ai_platform_inputs_get &rArr; _ai_platform_get_io_buffers_info &rArr; ai_array_to_buffer_fmt
</UL>
<BR>[Calls]<UL><LI><a href="#[d7]">&gt;&gt;</a>&nbsp;&nbsp;&nbsp;ai_platform_network_set_error
<LI><a href="#[f1]">&gt;&gt;</a>&nbsp;&nbsp;&nbsp;ai_platform_context_acquire
<LI><a href="#[de]">&gt;&gt;</a>&nbsp;&nbsp;&nbsp;_ai_platform_get_io_buffers_info
</UL>
<BR>[Called By]<UL><LI><a href="#[c8]">&gt;&gt;</a>&nbsp;&nbsp;&nbsp;ai_network_inputs_get
</UL>

<P><STRONG><a name="[cf]"></a>ai_platform_network_create</STRONG> (Thumb, 146 bytes, Stack size 72 bytes, ai_platform_interface.o(i.ai_platform_network_create))
<BR><BR>[Stack]<UL><LI>Max Depth = 88<LI>Call Chain = ai_platform_network_create &rArr; ai_check_custom_types &rArr; memcmp
</UL>
<BR>[Calls]<UL><LI><a href="#[f2]">&gt;&gt;</a>&nbsp;&nbsp;&nbsp;core_init
<LI><a href="#[f3]">&gt;&gt;</a>&nbsp;&nbsp;&nbsp;ai_version_get
<LI><a href="#[ec]">&gt;&gt;</a>&nbsp;&nbsp;&nbsp;ai_check_custom_types
</UL>
<BR>[Called By]<UL><LI><a href="#[c7]">&gt;&gt;</a>&nbsp;&nbsp;&nbsp;ai_network_create_and_init
</UL>

<P><STRONG><a name="[d3]"></a>ai_platform_network_get_error</STRONG> (Thumb, 24 bytes, Stack size 8 bytes, ai_platform_interface.o(i.ai_platform_network_get_error))
<BR><BR>[Stack]<UL><LI>Max Depth = 8<LI>Call Chain = ai_platform_network_get_error
</UL>
<BR>[Calls]<UL><LI><a href="#[f1]">&gt;&gt;</a>&nbsp;&nbsp;&nbsp;ai_platform_context_acquire
<LI><a href="#[f4]">&gt;&gt;</a>&nbsp;&nbsp;&nbsp;core_get_error
</UL>
<BR>[Called By]<UL><LI><a href="#[c7]">&gt;&gt;</a>&nbsp;&nbsp;&nbsp;ai_network_create_and_init
<LI><a href="#[cc]">&gt;&gt;</a>&nbsp;&nbsp;&nbsp;ai_network_get_error
</UL>

<P><STRONG><a name="[d5]"></a>ai_platform_network_init</STRONG> (Thumb, 262 bytes, Stack size 104 bytes, ai_platform_interface.o(i.ai_platform_network_init))
<BR><BR>[Stack]<UL><LI>Max Depth = 128<LI>Call Chain = ai_platform_network_init &rArr; _platform_ai_buffer_array_copy &rArr; __aeabi_memcpy4
</UL>
<BR>[Calls]<UL><LI><a href="#[d7]">&gt;&gt;</a>&nbsp;&nbsp;&nbsp;ai_platform_network_set_error
<LI><a href="#[f1]">&gt;&gt;</a>&nbsp;&nbsp;&nbsp;ai_platform_context_acquire
<LI><a href="#[f6]">&gt;&gt;</a>&nbsp;&nbsp;&nbsp;ai_layers_init_all
<LI><a href="#[f5]">&gt;&gt;</a>&nbsp;&nbsp;&nbsp;_platform_network_buffers_signature_valid
<LI><a href="#[e1]">&gt;&gt;</a>&nbsp;&nbsp;&nbsp;_platform_ai_buffer_array_copy
<LI><a href="#[e5]">&gt;&gt;</a>&nbsp;&nbsp;&nbsp;ai_buffer_get_size
<LI><a href="#[e0]">&gt;&gt;</a>&nbsp;&nbsp;&nbsp;__aeabi_memcpy4
</UL>
<BR>[Called By]<UL><LI><a href="#[d2]">&gt;&gt;</a>&nbsp;&nbsp;&nbsp;ai_network_init
</UL>

<P><STRONG><a name="[d9]"></a>ai_platform_network_post_init</STRONG> (Thumb, 76 bytes, Stack size 16 bytes, ai_platform_interface.o(i.ai_platform_network_post_init))
<BR><BR>[Stack]<UL><LI>Max Depth = 40<LI>Call Chain = ai_platform_network_post_init &rArr; ai_layers_post_init_all
</UL>
<BR>[Calls]<UL><LI><a href="#[d7]">&gt;&gt;</a>&nbsp;&nbsp;&nbsp;ai_platform_network_set_error
<LI><a href="#[f1]">&gt;&gt;</a>&nbsp;&nbsp;&nbsp;ai_platform_context_acquire
<LI><a href="#[f7]">&gt;&gt;</a>&nbsp;&nbsp;&nbsp;ai_layers_post_init_all
</UL>
<BR>[Called By]<UL><LI><a href="#[d2]">&gt;&gt;</a>&nbsp;&nbsp;&nbsp;ai_network_init
</UL>

<P><STRONG><a name="[dc]"></a>ai_platform_network_process</STRONG> (Thumb, 84 bytes, Stack size 16 bytes, ai_platform_interface.o(i.ai_platform_network_process))
<BR><BR>[Stack]<UL><LI>Max Depth = 80<LI>Call Chain = ai_platform_network_process &rArr; _platform_network_io_bind &rArr; ai_array_to_buffer_fmt
</UL>
<BR>[Calls]<UL><LI><a href="#[f1]">&gt;&gt;</a>&nbsp;&nbsp;&nbsp;ai_platform_context_acquire
<LI><a href="#[ee]">&gt;&gt;</a>&nbsp;&nbsp;&nbsp;ai_layers_forward_all
<LI><a href="#[eb]">&gt;&gt;</a>&nbsp;&nbsp;&nbsp;_platform_network_state_update_output
<LI><a href="#[e9]">&gt;&gt;</a>&nbsp;&nbsp;&nbsp;_platform_network_state_update_input
<LI><a href="#[e4]">&gt;&gt;</a>&nbsp;&nbsp;&nbsp;_platform_network_io_bind
</UL>
<BR>[Called By]<UL><LI><a href="#[cb]">&gt;&gt;</a>&nbsp;&nbsp;&nbsp;ai_network_run
</UL>

<P><STRONG><a name="[d7]"></a>ai_platform_network_set_error</STRONG> (Thumb, 12 bytes, Stack size 0 bytes, ai_platform_interface.o(i.ai_platform_network_set_error))
<BR><BR>[Calls]<UL><LI><a href="#[f8]">&gt;&gt;</a>&nbsp;&nbsp;&nbsp;core_set_error
</UL>
<BR>[Called By]<UL><LI><a href="#[db]">&gt;&gt;</a>&nbsp;&nbsp;&nbsp;ai_platform_outputs_get
<LI><a href="#[da]">&gt;&gt;</a>&nbsp;&nbsp;&nbsp;ai_platform_inputs_get
<LI><a href="#[d9]">&gt;&gt;</a>&nbsp;&nbsp;&nbsp;ai_platform_network_post_init
<LI><a href="#[d5]">&gt;&gt;</a>&nbsp;&nbsp;&nbsp;ai_platform_network_init
<LI><a href="#[d2]">&gt;&gt;</a>&nbsp;&nbsp;&nbsp;ai_network_init
<LI><a href="#[e4]">&gt;&gt;</a>&nbsp;&nbsp;&nbsp;_platform_network_io_bind
</UL>

<P><STRONG><a name="[db]"></a>ai_platform_outputs_get</STRONG> (Thumb, 72 bytes, Stack size 24 bytes, ai_platform_interface.o(i.ai_platform_outputs_get))
<BR><BR>[Stack]<UL><LI>Max Depth = 176 + Unknown Stack Size
<LI>Call Chain = ai_platform_outputs_get &rArr; _ai_platform_get_io_buffers_info &rArr; ai_array_to_buffer_fmt
</UL>
<BR>[Calls]<UL><LI><a href="#[d7]">&gt;&gt;</a>&nbsp;&nbsp;&nbsp;ai_platform_network_set_error
<LI><a href="#[f1]">&gt;&gt;</a>&nbsp;&nbsp;&nbsp;ai_platform_context_acquire
<LI><a href="#[de]">&gt;&gt;</a>&nbsp;&nbsp;&nbsp;_ai_platform_get_io_buffers_info
</UL>
<BR>[Called By]<UL><LI><a href="#[c9]">&gt;&gt;</a>&nbsp;&nbsp;&nbsp;ai_network_outputs_get
</UL>

<P><STRONG><a name="[f3]"></a>ai_version_get</STRONG> (Thumb, 12 bytes, Stack size 0 bytes, ai_datatypes_internal.o(i.ai_version_get))
<BR><BR>[Called By]<UL><LI><a href="#[cf]">&gt;&gt;</a>&nbsp;&nbsp;&nbsp;ai_platform_network_create
</UL>

<P><STRONG><a name="[f4]"></a>core_get_error</STRONG> (Thumb, 12 bytes, Stack size 0 bytes, core_common.o(i.core_get_error))
<BR><BR>[Called By]<UL><LI><a href="#[d3]">&gt;&gt;</a>&nbsp;&nbsp;&nbsp;ai_platform_network_get_error
</UL>

<P><STRONG><a name="[f2]"></a>core_init</STRONG> (Thumb, 4 bytes, Stack size 0 bytes, core_common.o(i.core_init))
<BR><BR>[Called By]<UL><LI><a href="#[cf]">&gt;&gt;</a>&nbsp;&nbsp;&nbsp;ai_platform_network_create
</UL>

<P><STRONG><a name="[f8]"></a>core_set_error</STRONG> (Thumb, 26 bytes, Stack size 0 bytes, core_common.o(i.core_set_error))
<BR><BR>[Called By]<UL><LI><a href="#[d7]">&gt;&gt;</a>&nbsp;&nbsp;&nbsp;ai_platform_network_set_error
</UL>

<P><STRONG><a name="[0]"></a>forward_dense</STRONG> (Thumb, 322 bytes, Stack size 64 bytes, layers_conv2d_generic_float.o(i.forward_dense))
<BR><BR>[Stack]<UL><LI>Max Depth = 156<LI>Call Chain = forward_dense &rArr; forward_lite_dense_if32of32wf32_lut8 &rArr; _lite_dict8_dot_array_f32
</UL>
<BR>[Calls]<UL><LI><a href="#[fb]">&gt;&gt;</a>&nbsp;&nbsp;&nbsp;forward_lite_dense_if32of32wf32_lut8
<LI><a href="#[f9]">&gt;&gt;</a>&nbsp;&nbsp;&nbsp;forward_lite_dense_if32of32wf32_lut4
<LI><a href="#[fa]">&gt;&gt;</a>&nbsp;&nbsp;&nbsp;forward_lite_dense_if32of32wf32
</UL>
<BR>[Address Reference Count : 3]<UL><LI> network.o(.data._hidden_Gemm_output_0_layer)
<LI> network.o(.data._hidden2_Gemm_output_0_layer)
<LI> network.o(.data.output_layer)
</UL>
<P><STRONG><a name="[fa]"></a>forward_lite_dense_if32of32wf32</STRONG> (Thumb, 148 bytes, Stack size 48 bytes, lite_dense_if32.o(i.forward_lite_dense_if32of32wf32))
<BR><BR>[Stack]<UL><LI>Max Depth = 48<LI>Call Chain = forward_lite_dense_if32of32wf32
</UL>
<BR>[Calls]<UL><LI><a href="#[fc]">&gt;&gt;</a>&nbsp;&nbsp;&nbsp;__ai_math_dot_array
</UL>
<BR>[Called By]<UL><LI><a href="#[0]">&gt;&gt;</a>&nbsp;&nbsp;&nbsp;forward_dense
</UL>

<P><STRONG><a name="[f9]"></a>forward_lite_dense_if32of32wf32_lut4</STRONG> (Thumb, 168 bytes, Stack size 72 bytes, lite_dense_if32.o(i.forward_lite_dense_if32of32wf32_lut4))
<BR><BR>[Stack]<UL><LI>Max Depth = 92<LI>Call Chain = forward_lite_dense_if32of32wf32_lut4 &rArr; _lite_dict4_dot_array_f32
</UL>
<BR>[Calls]<UL><LI><a href="#[fd]">&gt;&gt;</a>&nbsp;&nbsp;&nbsp;_lite_dict4_dot_array_f32
<LI><a href="#[ea]">&gt;&gt;</a>&nbsp;&nbsp;&nbsp;st_int8_copy
</UL>
<BR>[Called By]<UL><LI><a href="#[0]">&gt;&gt;</a>&nbsp;&nbsp;&nbsp;forward_dense
</UL>

<P><STRONG><a name="[fb]"></a>forward_lite_dense_if32of32wf32_lut8</STRONG> (Thumb, 168 bytes, Stack size 72 bytes, lite_dense_if32.o(i.forward_lite_dense_if32of32wf32_lut8))
<BR><BR>[Stack]<UL><LI>Max Depth = 92<LI>Call Chain = forward_lite_dense_if32of32wf32_lut8 &rArr; _lite_dict8_dot_array_f32
</UL>
<BR>[Calls]<UL><LI><a href="#[fe]">&gt;&gt;</a>&nbsp;&nbsp;&nbsp;_lite_dict8_dot_array_f32
<LI><a href="#[ea]">&gt;&gt;</a>&nbsp;&nbsp;&nbsp;st_int8_copy
</UL>
<BR>[Called By]<UL><LI><a href="#[0]">&gt;&gt;</a>&nbsp;&nbsp;&nbsp;forward_dense
</UL>

<P><STRONG><a name="[100]"></a>forward_lite_nl_relu_generic_if32of32_kernel</STRONG> (Thumb, 168 bytes, Stack size 0 bytes, lite_nl_relu_if32of32.o(i.forward_lite_nl_relu_generic_if32of32_kernel))
<BR><BR>[Called By]<UL><LI><a href="#[1]">&gt;&gt;</a>&nbsp;&nbsp;&nbsp;forward_relu
</UL>

<P><STRONG><a name="[1]"></a>forward_relu</STRONG> (Thumb, 202 bytes, Stack size 16 bytes, layers_nl_generic_float.o(i.forward_relu))
<BR><BR>[Stack]<UL><LI>Max Depth = 16<LI>Call Chain = forward_relu
</UL>
<BR>[Calls]<UL><LI><a href="#[100]">&gt;&gt;</a>&nbsp;&nbsp;&nbsp;forward_lite_nl_relu_generic_if32of32_kernel
<LI><a href="#[ff]">&gt;&gt;</a>&nbsp;&nbsp;&nbsp;ai_shape_get_size
<LI><a href="#[101]">&gt;&gt;</a>&nbsp;&nbsp;&nbsp;_forward_lite_nl_relu_thresholded_if32of32
</UL>
<BR>[Address Reference Count : 2]<UL><LI> network.o(.data._relu_Relu_output_0_layer)
<LI> network.o(.data._relu_1_Relu_output_0_layer)
</UL>
<P><STRONG><a name="[6b]"></a>fputc</STRONG> (Thumb, 28 bytes, Stack size 0 bytes, fputc.o(i.fputc))
<BR><BR>[Stack]<UL><LI>Max Depth = 40<LI>Call Chain = fputc &rArr; __flsbuf_byte
</UL>
<BR>[Calls]<UL><LI><a href="#[102]">&gt;&gt;</a>&nbsp;&nbsp;&nbsp;__flsbuf_byte
</UL>
<BR>[Called By]<UL><LI><a href="#[94]">&gt;&gt;</a>&nbsp;&nbsp;&nbsp;puts
</UL>
<BR>[Address Reference Count : 1]<UL><LI> _printf_char_file.o(.text)
</UL>
<P><STRONG><a name="[e7]"></a>get_tensor_byte_size</STRONG> (Thumb, 34 bytes, Stack size 0 bytes, ai_datatypes_internal.o(i.get_tensor_byte_size))
<BR><BR>[Called By]<UL><LI><a href="#[e8]">&gt;&gt;</a>&nbsp;&nbsp;&nbsp;_platform_network_state_setup
<LI><a href="#[e4]">&gt;&gt;</a>&nbsp;&nbsp;&nbsp;_platform_network_io_bind
</UL>

<P><STRONG><a name="[ea]"></a>st_int8_copy</STRONG> (Thumb, 144 bytes, Stack size 20 bytes, st_int8_fill.o(i.st_int8_copy))
<BR><BR>[Stack]<UL><LI>Max Depth = 20<LI>Call Chain = st_int8_copy
</UL>
<BR>[Called By]<UL><LI><a href="#[fb]">&gt;&gt;</a>&nbsp;&nbsp;&nbsp;forward_lite_dense_if32of32wf32_lut8
<LI><a href="#[f9]">&gt;&gt;</a>&nbsp;&nbsp;&nbsp;forward_lite_dense_if32of32wf32_lut4
<LI><a href="#[eb]">&gt;&gt;</a>&nbsp;&nbsp;&nbsp;_platform_network_state_update_output
<LI><a href="#[e9]">&gt;&gt;</a>&nbsp;&nbsp;&nbsp;_platform_network_state_update_input
</UL>

<P><STRONG><a name="[75]"></a>_fp_init</STRONG> (Thumb, 26 bytes, Stack size 0 bytes, fpinit.o(x$fpl$fpinit))
<BR><BR>[Called By]<UL><LI><a href="#[74]">&gt;&gt;</a>&nbsp;&nbsp;&nbsp;__rt_lib_init_fp_1
</UL>

<P><STRONG><a name="[148]"></a>__fplib_config_fpu_vfp</STRONG> (Thumb, 0 bytes, Stack size unknown bytes, fpinit.o(x$fpl$fpinit), UNUSED)

<P><STRONG><a name="[149]"></a>__fplib_config_pureend_doubles</STRONG> (Thumb, 0 bytes, Stack size unknown bytes, fpinit.o(x$fpl$fpinit), UNUSED)
<P>
<H3>
Local Symbols
</H3>
<P><STRONG><a name="[de]"></a>_ai_platform_get_io_buffers_info</STRONG> (Thumb, 218 bytes, Stack size 136 bytes, ai_platform_interface.o(i._ai_platform_get_io_buffers_info))
<BR><BR>[Stack]<UL><LI>Max Depth = 152 + Unknown Stack Size
<LI>Call Chain = _ai_platform_get_io_buffers_info &rArr; ai_array_to_buffer_fmt
</UL>
<BR>[Calls]<UL><LI><a href="#[df]">&gt;&gt;</a>&nbsp;&nbsp;&nbsp;ai_array_to_buffer_fmt
<LI><a href="#[a3]">&gt;&gt;</a>&nbsp;&nbsp;&nbsp;__aeabi_memclr4
<LI><a href="#[e0]">&gt;&gt;</a>&nbsp;&nbsp;&nbsp;__aeabi_memcpy4
</UL>
<BR>[Called By]<UL><LI><a href="#[db]">&gt;&gt;</a>&nbsp;&nbsp;&nbsp;ai_platform_outputs_get
<LI><a href="#[da]">&gt;&gt;</a>&nbsp;&nbsp;&nbsp;ai_platform_inputs_get
</UL>

<P><STRONG><a name="[e1]"></a>_platform_ai_buffer_array_copy</STRONG> (Thumb, 76 bytes, Stack size 16 bytes, ai_platform_interface.o(i._platform_ai_buffer_array_copy))
<BR><BR>[Stack]<UL><LI>Max Depth = 24<LI>Call Chain = _platform_ai_buffer_array_copy &rArr; __aeabi_memcpy4
</UL>
<BR>[Calls]<UL><LI><a href="#[e0]">&gt;&gt;</a>&nbsp;&nbsp;&nbsp;__aeabi_memcpy4
</UL>
<BR>[Called By]<UL><LI><a href="#[d5]">&gt;&gt;</a>&nbsp;&nbsp;&nbsp;ai_platform_network_init
</UL>

<P><STRONG><a name="[f0]"></a>_platform_get_table_map_from_buffer</STRONG> (Thumb, 74 bytes, Stack size 12 bytes, ai_platform_interface.o(i._platform_get_table_map_from_buffer))
<BR><BR>[Stack]<UL><LI>Max Depth = 12<LI>Call Chain = _platform_get_table_map_from_buffer
</UL>
<BR>[Called By]<UL><LI><a href="#[d8]">&gt;&gt;</a>&nbsp;&nbsp;&nbsp;ai_platform_get_activations_map
<LI><a href="#[d6]">&gt;&gt;</a>&nbsp;&nbsp;&nbsp;ai_platform_get_weights_map
</UL>

<P><STRONG><a name="[e2]"></a>_platform_get_table_map_from_buffer_array</STRONG> (Thumb, 68 bytes, Stack size 16 bytes, ai_platform_interface.o(i._platform_get_table_map_from_buffer_array))
<BR><BR>[Stack]<UL><LI>Max Depth = 16<LI>Call Chain = _platform_get_table_map_from_buffer_array
</UL>
<BR>[Calls]<UL><LI><a href="#[e3]">&gt;&gt;</a>&nbsp;&nbsp;&nbsp;ai_buffer_array_sane
</UL>
<BR>[Called By]<UL><LI><a href="#[d8]">&gt;&gt;</a>&nbsp;&nbsp;&nbsp;ai_platform_get_activations_map
<LI><a href="#[d6]">&gt;&gt;</a>&nbsp;&nbsp;&nbsp;ai_platform_get_weights_map
</UL>

<P><STRONG><a name="[f5]"></a>_platform_network_buffers_signature_valid</STRONG> (Thumb, 14 bytes, Stack size 0 bytes, ai_platform_interface.o(i._platform_network_buffers_signature_valid))
<BR><BR>[Called By]<UL><LI><a href="#[d5]">&gt;&gt;</a>&nbsp;&nbsp;&nbsp;ai_platform_network_init
</UL>

<P><STRONG><a name="[e4]"></a>_platform_network_io_bind</STRONG> (Thumb, 528 bytes, Stack size 48 bytes, ai_platform_interface.o(i._platform_network_io_bind))
<BR><BR>[Stack]<UL><LI>Max Depth = 64<LI>Call Chain = _platform_network_io_bind &rArr; ai_array_to_buffer_fmt
</UL>
<BR>[Calls]<UL><LI><a href="#[d7]">&gt;&gt;</a>&nbsp;&nbsp;&nbsp;ai_platform_network_set_error
<LI><a href="#[e7]">&gt;&gt;</a>&nbsp;&nbsp;&nbsp;get_tensor_byte_size
<LI><a href="#[df]">&gt;&gt;</a>&nbsp;&nbsp;&nbsp;ai_array_to_buffer_fmt
<LI><a href="#[e6]">&gt;&gt;</a>&nbsp;&nbsp;&nbsp;ai_array_get_data_byte_size
<LI><a href="#[e8]">&gt;&gt;</a>&nbsp;&nbsp;&nbsp;_platform_network_state_setup
<LI><a href="#[e5]">&gt;&gt;</a>&nbsp;&nbsp;&nbsp;ai_buffer_get_size
</UL>
<BR>[Called By]<UL><LI><a href="#[dc]">&gt;&gt;</a>&nbsp;&nbsp;&nbsp;ai_platform_network_process
</UL>

<P><STRONG><a name="[e8]"></a>_platform_network_state_setup</STRONG> (Thumb, 62 bytes, Stack size 16 bytes, ai_platform_interface.o(i._platform_network_state_setup))
<BR><BR>[Stack]<UL><LI>Max Depth = 16<LI>Call Chain = _platform_network_state_setup
</UL>
<BR>[Calls]<UL><LI><a href="#[e7]">&gt;&gt;</a>&nbsp;&nbsp;&nbsp;get_tensor_byte_size
</UL>
<BR>[Called By]<UL><LI><a href="#[e4]">&gt;&gt;</a>&nbsp;&nbsp;&nbsp;_platform_network_io_bind
</UL>

<P><STRONG><a name="[e9]"></a>_platform_network_state_update_input</STRONG> (Thumb, 104 bytes, Stack size 16 bytes, ai_platform_interface.o(i._platform_network_state_update_input))
<BR><BR>[Stack]<UL><LI>Max Depth = 36<LI>Call Chain = _platform_network_state_update_input &rArr; st_int8_copy
</UL>
<BR>[Calls]<UL><LI><a href="#[ea]">&gt;&gt;</a>&nbsp;&nbsp;&nbsp;st_int8_copy
</UL>
<BR>[Called By]<UL><LI><a href="#[dc]">&gt;&gt;</a>&nbsp;&nbsp;&nbsp;ai_platform_network_process
</UL>

<P><STRONG><a name="[eb]"></a>_platform_network_state_update_output</STRONG> (Thumb, 124 bytes, Stack size 24 bytes, ai_platform_interface.o(i._platform_network_state_update_output))
<BR><BR>[Stack]<UL><LI>Max Depth = 44<LI>Call Chain = _platform_network_state_update_output &rArr; st_int8_copy
</UL>
<BR>[Calls]<UL><LI><a href="#[ea]">&gt;&gt;</a>&nbsp;&nbsp;&nbsp;st_int8_copy
</UL>
<BR>[Called By]<UL><LI><a href="#[dc]">&gt;&gt;</a>&nbsp;&nbsp;&nbsp;ai_platform_network_process
</UL>

<P><STRONG><a name="[101]"></a>_forward_lite_nl_relu_thresholded_if32of32</STRONG> (Thumb, 50 bytes, Stack size 0 bytes, layers_nl_generic_float.o(i._forward_lite_nl_relu_thresholded_if32of32))
<BR><BR>[Called By]<UL><LI><a href="#[1]">&gt;&gt;</a>&nbsp;&nbsp;&nbsp;forward_relu
</UL>

<P><STRONG><a name="[ff]"></a>ai_shape_get_size</STRONG> (Thumb, 26 bytes, Stack size 0 bytes, layers_nl_generic_float.o(i.ai_shape_get_size))
<BR><BR>[Called By]<UL><LI><a href="#[1]">&gt;&gt;</a>&nbsp;&nbsp;&nbsp;forward_relu
</UL>

<P><STRONG><a name="[ef]"></a>_ai_forward_layer</STRONG> (Thumb, 18 bytes, Stack size 8 bytes, layers.o(i._ai_forward_layer))
<BR><BR>[Stack]<UL><LI>Max Depth = 8<LI>Call Chain = _ai_forward_layer
</UL>
<BR>[Called By]<UL><LI><a href="#[ee]">&gt;&gt;</a>&nbsp;&nbsp;&nbsp;ai_layers_forward_all
</UL>

<P><STRONG><a name="[fc]"></a>__ai_math_dot_array</STRONG> (Thumb, 304 bytes, Stack size 0 bytes, lite_dense_if32.o(i.__ai_math_dot_array))
<BR><BR>[Called By]<UL><LI><a href="#[fa]">&gt;&gt;</a>&nbsp;&nbsp;&nbsp;forward_lite_dense_if32of32wf32
</UL>

<P><STRONG><a name="[fd]"></a>_lite_dict4_dot_array_f32</STRONG> (Thumb, 294 bytes, Stack size 20 bytes, lite_dense_if32.o(i._lite_dict4_dot_array_f32))
<BR><BR>[Stack]<UL><LI>Max Depth = 20<LI>Call Chain = _lite_dict4_dot_array_f32
</UL>
<BR>[Called By]<UL><LI><a href="#[f9]">&gt;&gt;</a>&nbsp;&nbsp;&nbsp;forward_lite_dense_if32of32wf32_lut4
</UL>

<P><STRONG><a name="[fe]"></a>_lite_dict8_dot_array_f32</STRONG> (Thumb, 226 bytes, Stack size 20 bytes, lite_dense_if32.o(i._lite_dict8_dot_array_f32))
<BR><BR>[Stack]<UL><LI>Max Depth = 20<LI>Call Chain = _lite_dict8_dot_array_f32
</UL>
<BR>[Called By]<UL><LI><a href="#[fb]">&gt;&gt;</a>&nbsp;&nbsp;&nbsp;forward_lite_dense_if32of32wf32_lut8
</UL>

<P><STRONG><a name="[6c]"></a>_printf_input_char</STRONG> (Thumb, 10 bytes, Stack size 0 bytes, _printf_char_common.o(.text))
<BR>[Address Reference Count : 1]<UL><LI> _printf_char_common.o(.text)
</UL><P>
<H3>
Undefined Global Symbols
</H3><HR></body></html>
