Component: ARM Compiler 5.06 update 7 (build 960) Tool: armlink [4d3601]

==============================================================================

Section Cross References

    startup_stm32f407xx.o(RESET) refers to startup_stm32f407xx.o(STACK) for __initial_sp
    startup_stm32f407xx.o(RESET) refers to startup_stm32f407xx.o(.text) for Reset_Handler
    startup_stm32f407xx.o(RESET) refers to stm32f4xx_it.o(i.NMI_Handler) for NMI_Handler
    startup_stm32f407xx.o(RESET) refers to stm32f4xx_it.o(i.HardFault_Handler) for HardFault_Handler
    startup_stm32f407xx.o(RESET) refers to stm32f4xx_it.o(i.MemManage_Handler) for MemManage_Handler
    startup_stm32f407xx.o(RESET) refers to stm32f4xx_it.o(i.BusFault_Handler) for BusFault_Handler
    startup_stm32f407xx.o(RESET) refers to stm32f4xx_it.o(i.UsageFault_Handler) for UsageFault_Handler
    startup_stm32f407xx.o(RESET) refers to stm32f4xx_it.o(i.SVC_Handler) for SVC_Handler
    startup_stm32f407xx.o(RESET) refers to stm32f4xx_it.o(i.DebugMon_Handler) for DebugMon_Handler
    startup_stm32f407xx.o(RESET) refers to stm32f4xx_it.o(i.PendSV_Handler) for PendSV_Handler
    startup_stm32f407xx.o(RESET) refers to stm32f4xx_it.o(i.SysTick_Handler) for SysTick_Handler
    startup_stm32f407xx.o(.text) refers to system_stm32f4xx.o(i.SystemInit) for SystemInit
    startup_stm32f407xx.o(.text) refers to entry.o(.ARM.Collect$$$$00000000) for __main
    network.o(i.ai_network_create) refers to ai_platform_interface.o(i.ai_platform_network_create) for ai_platform_network_create
    network.o(i.ai_network_create) refers to network.o(.data) for .data
    network.o(i.ai_network_create_and_init) refers to network.o(i.ai_network_create) for ai_network_create
    network.o(i.ai_network_create_and_init) refers to network_data.o(i.ai_network_data_params_get) for ai_network_data_params_get
    network.o(i.ai_network_create_and_init) refers to network.o(i.ai_network_get_error) for ai_network_get_error
    network.o(i.ai_network_create_and_init) refers to ai_platform.o(i.ai_buffer_array_item_set_address) for ai_buffer_array_item_set_address
    network.o(i.ai_network_create_and_init) refers to network.o(i.ai_network_init) for ai_network_init
    network.o(i.ai_network_destroy) refers to ai_platform_interface.o(i.ai_platform_network_destroy) for ai_platform_network_destroy
    network.o(i.ai_network_forward) refers to ai_platform_interface.o(i.ai_platform_network_process) for ai_platform_network_process
    network.o(i.ai_network_get_error) refers to ai_platform_interface.o(i.ai_platform_network_get_error) for ai_platform_network_get_error
    network.o(i.ai_network_get_info) refers to ai_platform_interface.o(i.ai_platform_context_acquire) for ai_platform_context_acquire
    network.o(i.ai_network_get_info) refers to memcpya.o(.text) for __aeabi_memcpy4
    network.o(i.ai_network_get_info) refers to ai_platform_interface.o(i.ai_platform_runtime_get_revision) for ai_platform_runtime_get_revision
    network.o(i.ai_network_get_info) refers to ai_platform_interface.o(i.ai_platform_runtime_get_version) for ai_platform_runtime_get_version
    network.o(i.ai_network_get_info) refers to ai_platform_interface.o(i.ai_platform_api_get_version) for ai_platform_api_get_version
    network.o(i.ai_network_get_info) refers to ai_platform_interface.o(i.ai_platform_interface_api_get_version) for ai_platform_interface_api_get_version
    network.o(i.ai_network_get_info) refers to ai_platform_interface.o(i.ai_platform_api_get_network_report) for ai_platform_api_get_network_report
    network.o(i.ai_network_get_info) refers to network.o(.constdata) for .constdata
    network.o(i.ai_network_get_report) refers to ai_platform_interface.o(i.ai_platform_context_acquire) for ai_platform_context_acquire
    network.o(i.ai_network_get_report) refers to memcpya.o(.text) for __aeabi_memcpy4
    network.o(i.ai_network_get_report) refers to ai_platform_interface.o(i.ai_platform_runtime_get_revision) for ai_platform_runtime_get_revision
    network.o(i.ai_network_get_report) refers to ai_platform_interface.o(i.ai_platform_runtime_get_version) for ai_platform_runtime_get_version
    network.o(i.ai_network_get_report) refers to ai_platform_interface.o(i.ai_platform_api_get_version) for ai_platform_api_get_version
    network.o(i.ai_network_get_report) refers to ai_platform_interface.o(i.ai_platform_interface_api_get_version) for ai_platform_interface_api_get_version
    network.o(i.ai_network_get_report) refers to ai_platform_interface.o(i.ai_platform_api_get_network_report) for ai_platform_api_get_network_report
    network.o(i.ai_network_get_report) refers to network.o(.constdata) for .constdata
    network.o(i.ai_network_init) refers to ai_platform_interface.o(i.ai_platform_network_init) for ai_platform_network_init
    network.o(i.ai_network_init) refers to network.o(i.network_configure_weights) for network_configure_weights
[...]
    i.ai_platform_outputs_get                0x0800398c   Section        0  ai_platform_interface.o(i.ai_platform_outputs_get)
    i.ai_shape_get_size                      0x080039d4   Section        0  layers_nl_generic_float.o(i.ai_shape_get_size)
    ai_shape_get_size                        0x080039d5   Thumb Code    26  layers_nl_generic_float.o(i.ai_shape_get_size)
    i.ai_version_get                         0x080039ee   Section        0  ai_datatypes_internal.o(i.ai_version_get)
    i.core_get_error                         0x080039fa   Section        0  core_common.o(i.core_get_error)
    i.core_init                              0x08003a06   Section        0  core_common.o(i.core_init)
    i.core_set_error                         0x08003a0a   Section        0  core_common.o(i.core_set_error)
    i.forward_dense                          0x08003a24   Section        0  layers_conv2d_generic_float.o(i.forward_dense)
    i.forward_lite_dense_if32of32wf32        0x08003b6c   Section        0  lite_dense_if32.o(i.forward_lite_dense_if32of32wf32)
    i.forward_lite_dense_if32of32wf32_lut4   0x08003c04   Section        0  lite_dense_if32.o(i.forward_lite_dense_if32of32wf32_lut4)
    i.forward_lite_dense_if32of32wf32_lut8   0x08003cb0   Section        0  lite_dense_if32.o(i.forward_lite_dense_if32of32wf32_lut8)
    i.forward_lite_nl_relu_generic_if32of32_kernel 0x08003d5c   Section        0  lite_nl_relu_if32of32.o(i.forward_lite_nl_relu_generic_if32of32_kernel)
    i.forward_relu                           0x08003e08   Section        0  layers_nl_generic_float.o(i.forward_relu)
    i.fputc                                  0x08003ed8   Section        0  usart.o(i.fputc)
    i.get_tensor_byte_size                   0x08003ef0   Section        0  ai_datatypes_internal.o(i.get_tensor_byte_size)
    i.internal_alloc                         0x08003f18   Section        0  mallocr.o(i.internal_alloc)
    internal_alloc                           0x08003f19   Thumb Code    76  mallocr.o(i.internal_alloc)
    i.main                                   0x08003f68   Section        0  main.o(i.main)
    i.network_configure_activations          0x08003fa8   Section        0  network.o(i.network_configure_activations)
    network_configure_activations            0x08003fa9   Thumb Code    82  network.o(i.network_configure_activations)
    i.network_configure_weights              0x08004000   Section        0  network.o(i.network_configure_weights)
    network_configure_weights                0x08004001   Thumb Code   150  network.o(i.network_configure_weights)
    i.post_process                           0x0800409c   Section        0  app_x-cube-ai.o(i.post_process)
    i.st_int8_copy                           0x080040e4   Section        0  st_int8_fill.o(i.st_int8_copy)
    .constdata                               0x08004174   Section        8  network.o(.constdata)
    output_chain                             0x08004174   Data           8  network.o(.constdata)
    .constdata                               0x0800417c   Section        8  network.o(.constdata)
    _relu_1_Relu_output_0_chain              0x0800417c   Data           8  network.o(.constdata)
    .constdata                               0x08004184   Section        8  network.o(.constdata)
    _hidden2_Gemm_output_0_chain             0x08004184   Data           8  network.o(.constdata)
    .constdata                               0x0800418c   Section        8  network.o(.constdata)
    _relu_Relu_output_0_chain                0x0800418c   Data           8  network.o(.constdata)
    .constdata                               0x08004194   Section        8  network.o(.constdata)
    _hidden_Gemm_output_0_chain              0x08004194   Data           8  network.o(.constdata)
    .constdata                               0x0800419c   Section      104  network_data.o(.constdata)
    .constdata                               0x08004220   Section      568  network_data_params.o(.constdata)
    .constdata                               0x08004458   Section       88  app_x-cube-ai.o(.constdata)
    .constdata                               0x080044b0   Section       16  system_stm32f4xx.o(.constdata)
    .constdata                               0x080044c0   Section        8  system_stm32f4xx.o(.constdata)
    .constdata                               0x080044c8   Section      104  ai_platform_interface.o(.constdata)
    .constdata                               0x08004530   Section       64  ctype_c.o(.constdata)
    .data                                    0x20000000   Section       16  network.o(.data)
    <Data1>                                  0x20000000   Data          16  network.o(.data)
    .data                                    0x20000010   Section       16  network.o(.data)
    <Data2>                                  0x20000010   Data          16  network.o(.data)
    .data                                    0x20000020   Section       16  network.o(.data)
    <Data3>                                  0x20000020   Data          16  network.o(.data)
    .data                                    0x20000030   Section       16  network.o(.data)
    <Data4>                                  0x20000030   Data          16  network.o(.data)
    .data                                    0x20000040   Section       16  network.o(.data)
    <Data5>                                  0x20000040   Data          16  network.o(.data)
    .data                                    0x20000050   Section       16  network.o(.data)
    <Data6>                                  0x20000050   Data          16  network.o(.data)
    .data                                    0x20000060   Section       16  network.o(.data)
    <Data7>                                  0x20000060   Data          16  network.o(.data)
    .data                                    0x20000070   Section       16  network.o(.data)
    <Data8>                                  0x20000070   Data          16  network.o(.data)
    .data                                    0x20000080   Section       16  network.o(.data)
    <Data9>                                  0x20000080   Data          16  network.o(.data)
    .data                                    0x20000090   Section       16  network.o(.data)
    <Data10>                                 0x20000090   Data          16  network.o(.data)
    .data                                    0x200000a0   Section       16  network.o(.data)
    <Data11>                                 0x200000a0   Data          16  network.o(.data)
    .data                                    0x200000b0   Section       16  network.o(.data)
    <Data12>                                 0x200000b0   Data          16  network.o(.data)
    .data                                    0x200000c0   Section       16  network.o(.data)
    <Data13>                                 0x200000c0   Data          16  network.o(.data)
    .data                                    0x200000d0   Section       16  network.o(.data)
    <Data14>                                 0x200000d0   Data          16  network.o(.data)
    .data                                    0x200000e0   Section       16  network.o(.data)
    <Data15>                                 0x200000e0   Data          16  network.o(.data)
    .data                                    0x200000f0   Section       16  network.o(.data)
    <Data16>                                 0x200000f0   Data          16  network.o(.data)
    .data                                    0x20000100   Section       16  network.o(.data)
    <Data17>                                 0x20000100   Data          16  network.o(.data)
    .data                                    0x20000110   Section       16  network.o(.data)
    <Data18>                                 0x20000110   Data          16  network.o(.data)
    .data                                    0x20000120   Section       16  network.o(.data)
    <Data19>                                 0x20000120   Data          16  network.o(.data)
    .data                                    0x20000130   Section       16  network.o(.data)
    <Data20>                                 0x20000130   Data          16  network.o(.data)
    .data                                    0x20000140   Section       16  network.o(.data)
    <Data21>                                 0x20000140   Data          16  network.o(.data)
    .data                                    0x20000150   Section       16  network.o(.data)
    <Data22>                                 0x20000150   Data          16  network.o(.data)
    .data                                    0x20000160   Section       16  network.o(.data)
    <Data23>                                 0x20000160   Data          16  network.o(.data)
    .data                                    0x20000170   Section       16  network.o(.data)
    <Data24>                                 0x20000170   Data          16  network.o(.data)
    .data                                    0x20000180   Section        4  network.o(.data)
    <Data25>                                 0x20000180   Data           4  network.o(.data)
    .data                                    0x20000184   Section        4  network.o(.data)
    <Data26>                                 0x20000184   Data           4  network.o(.data)
    .data                                    0x20000188   Section        8  network.o(.data)
    <Data27>                                 0x20000188   Data           8  network.o(.data)
    .data                                    0x20000190   Section        4  network.o(.data)
    <Data28>                                 0x20000190   Data           4  network.o(.data)
    .data                                    0x20000194   Section       48  network.o(.data)
    <Data29>                                 0x20000194   Data          48  network.o(.data)
    .data                                    0x200001c4   Section        4  network.o(.data)
    <Data30>                                 0x200001c4   Data           4  network.o(.data)
    .data                                    0x200001c8   Section        4  network.o(.data)
    <Data31>                                 0x200001c8   Data           4  network.o(.data)
    .data                                    0x200001cc   Section        4  network.o(.data)
    <Data32>                                 0x200001cc   Data           4  network.o(.data)
    .data                                    0x200001d0   Section        4  network.o(.data)
    <Data33>                                 0x200001d0   Data           4  network.o(.data)
    .data                                    0x200001d4   Section       48  network.o(.data)
    <Data34>                                 0x200001d4   Data          48  network.o(.data)
    .data                                    0x20000204   Section        4  network.o(.data)
    <Data35>                                 0x20000204   Data           4  network.o(.data)
    .data                                    0x20000208   Section        4  network.o(.data)
    <Data36>                                 0x20000208   Data           4  network.o(.data)
    .data                                    0x2000020c   Section        8  network.o(.data)
    <Data37>                                 0x2000020c   Data           8  network.o(.data)
    .data                                    0x20000214   Section        4  network.o(.data)
    <Data38>                                 0x20000214   Data           4  network.o(.data)
    .data                                    0x20000218   Section       48  network.o(.data)
    <Data39>                                 0x20000218   Data          48  network.o(.data)
    .data                                    0x20000248   Section        4  network.o(.data)
    <Data40>                                 0x20000248   Data           4  network.o(.data)
    .data                                    0x2000024c   Section        4  network.o(.data)
    <Data41>                                 0x2000024c   Data           4  network.o(.data)
    .data                                    0x20000250   Section        4  network.o(.data)
    <Data42>                                 0x20000250   Data           4  network.o(.data)
    .data                                    0x20000254   Section        4  network.o(.data)
    <Data43>                                 0x20000254   Data           4  network.o(.data)
    .data                                    0x20000258   Section       48  network.o(.data)
    <Data44>                                 0x20000258   Data          48  network.o(.data)
    .data                                    0x20000288   Section        4  network.o(.data)
    <Data45>                                 0x20000288   Data           4  network.o(.data)
    .data                                    0x2000028c   Section        4  network.o(.data)
    <Data46>                                 0x2000028c   Data           4  network.o(.data)
    .data                                    0x20000290   Section        8  network.o(.data)
    <Data47>                                 0x20000290   Data           8  network.o(.data)
    .data                                    0x20000298   Section        4  network.o(.data)
    <Data48>                                 0x20000298   Data           4  network.o(.data)
    .data                                    0x2000029c   Section       48  network.o(.data)
    <Data49>                                 0x2000029c   Data          48  network.o(.data)
    .data                                    0x200002cc   Section       16  network.o(.data)
    <Data50>                                 0x200002cc   Data          16  network.o(.data)
    .data                                    0x200002dc   Section       28  network.o(.data)
    <Data51>                                 0x200002dc   Data          28  network.o(.data)
    .data                                    0x200002f8   Section       16  network.o(.data)
    <Data52>                                 0x200002f8   Data          16  network.o(.data)
    .data                                    0x20000308   Section       28  network.o(.data)
    <Data53>                                 0x20000308   Data          28  network.o(.data)
    .data                                    0x20000324   Section        4  network.o(.data)
    <Data54>                                 0x20000324   Data           4  network.o(.data)
    .data                                    0x20000328   Section        8  network.o(.data)
    <Data57>                                 0x20000328   Data           8  network.o(.data)
    .data                                    0x20000330   Section       12  network.o(.data)
    <Data58>                                 0x20000330   Data          12  network.o(.data)
    .data                                    0x2000033c   Section        4  network.o(.data)
    <Data59>                                 0x2000033c   Data           4  network.o(.data)
    .data                                    0x20000340   Section        8  network.o(.data)
    <Data62>                                 0x20000340   Data           8  network.o(.data)
    .data                                    0x20000348   Section       12  network.o(.data)
    <Data63>                                 0x20000348   Data          12  network.o(.data)
    .data                                    0x20000354   Section       24  network.o(.data)
    <Data64>                                 0x20000354   Data          24  network.o(.data)
    .data                                    0x2000036c   Section      276  network.o(.data)
    g_network_activations_map                0x2000036c   Data           4  network.o(.data)
    g_network_weights_map                    0x20000370   Data           4  network.o(.data)
    input_output_array                       0x20000374   Data          16  network.o(.data)
    _hidden_Gemm_output_0_output_array       0x20000384   Data          16  network.o(.data)
    _relu_Relu_output_0_output_array         0x20000394   Data          16  network.o(.data)
    _hidden2_Gemm_output_0_output_array      0x200003a4   Data          16  network.o(.data)
    _relu_1_Relu_output_0_output_array       0x200003b4   Data          16  network.o(.data)
    output_output_array                      0x200003c4   Data          16  network.o(.data)
    _hidden_Gemm_output_0_weights_array      0x200003d4   Data          16  network.o(.data)
    _hidden_Gemm_output_0_bias_array         0x200003e4   Data          16  network.o(.data)
    _hidden2_Gemm_output_0_weights_array     0x200003f4   Data          16  network.o(.data)
    _hidden2_Gemm_output_0_bias_array        0x20000404   Data          16  network.o(.data)
    output_weights_array                     0x20000414   Data          16  network.o(.data)
    output_bias_array                        0x20000424   Data          16  network.o(.data)
    g_network                                0x20000434   Data          76  network.o(.data)
    .data                                    0x20000480   Section       28  network.o(.data)
    _hidden_Gemm_output_0_bias               0x20000480   Data          28  network.o(.data)
    .data                                    0x2000049c   Section       28  network.o(.data)
    _hidden2_Gemm_output_0_weights           0x2000049c   Data          28  network.o(.data)
    .data                                    0x200004b8   Section       28  network.o(.data)
    _hidden2_Gemm_output_0_bias              0x200004b8   Data          28  network.o(.data)
    .data                                    0x200004d4   Section       28  network.o(.data)
    output_weights                           0x200004d4   Data          28  network.o(.data)
    .data                                    0x200004f0   Section       28  network.o(.data)
    output_bias                              0x200004f0   Data          28  network.o(.data)
    .data                                    0x2000050c   Section       28  network.o(.data)
    input_output                             0x2000050c   Data          28  network.o(.data)
    .data                                    0x20000528   Section       28  network.o(.data)
    _hidden_Gemm_output_0_output             0x20000528   Data          28  network.o(.data)
    .data                                    0x20000544   Section       28  network.o(.data)
    _relu_Relu_output_0_output               0x20000544   Data          28  network.o(.data)
    .data                                    0x20000560   Section       28  network.o(.data)
    _hidden2_Gemm_output_0_output            0x20000560   Data          28  network.o(.data)
    .data                                    0x2000057c   Section       28  network.o(.data)
    _relu_1_Relu_output_0_output             0x2000057c   Data          28  network.o(.data)
    .data                                    0x20000598   Section       28  network.o(.data)
    output_output                            0x20000598   Data          28  network.o(.data)
    .data                                    0x200005b4   Section       28  network.o(.data)
    _hidden_Gemm_output_0_weights            0x200005b4   Data          28  network.o(.data)
    .data                                    0x200005d0   Section       28  network.o(.data)
    output_layer                             0x200005d0   Data          28  network.o(.data)
    .data                                    0x200005ec   Section       32  network.o(.data)
    _relu_1_Relu_output_0_layer              0x200005ec   Data          32  network.o(.data)
    .data                                    0x2000060c   Section       28  network.o(.data)
    _hidden2_Gemm_output_0_layer             0x2000060c   Data          28  network.o(.data)
    .data                                    0x20000628   Section       32  network.o(.data)
    _relu_Relu_output_0_layer                0x20000628   Data          32  network.o(.data)
    .data                                    0x20000648   Section       28  network.o(.data)
    _hidden_Gemm_output_0_layer              0x20000648   Data          28  network.o(.data)
    .data                                    0x20000664   Section       16  network_data.o(.data)
    <Data1>                                  0x20000664   Data          16  network_data.o(.data)
    .data                                    0x20000674   Section       16  network_data.o(.data)
    <Data2>                                  0x20000674   Data          16  network_data.o(.data)
    .data                                    0x20000684   Section       28  network_data.o(.data)
    .data                                    0x200006a0   Section       28  network_data.o(.data)
    .data                                    0x200006bc   Section       32  app_x-cube-ai.o(.data)
    network                                  0x200006c8   Data           4  app_x-cube-ai.o(.data)
    ai_input                                 0x200006cc   Data           4  app_x-cube-ai.o(.data)
    ai_output                                0x200006d0   Data           4  app_x-cube-ai.o(.data)
    .data                                    0x200006dc   Section       12  stm32f4xx_hal.o(.data)
    .data                                    0x200006e8   Section        4  system_stm32f4xx.o(.data)
    .data                                    0x200006ec   Section        4  stdout.o(.data)
    .data                                    0x200006f0   Section        4  mvars.o(.data)
    .data                                    0x200006f4   Section        4  mvars.o(.data)
    .bss                                     0x200006f8   Section       28  network.o(.bss)
    <Data55>                                 0x200006f8   Data          28  network.o(.bss)
    .bss                                     0x20000714   Section       16  network.o(.bss)
    <Data56>                                 0x20000714   Data          16  network.o(.bss)
    .bss                                     0x20000724   Section       28  network.o(.bss)
    <Data60>                                 0x20000724   Data          28  network.o(.bss)
    .bss                                     0x20000740   Section       16  network.o(.bss)
    <Data61>                                 0x20000740   Data          16  network.o(.bss)
    .bss                                     0x20000760   Section       80  app_x-cube-ai.o(.bss)
    pool0                                    0x20000760   Data          80  app_x-cube-ai.o(.bss)
    .bss                                     0x200007b0   Section       72  usart.o(.bss)
    HEAP                                     0x200007f8   Section     8192  startup_stm32f407xx.o(HEAP)
    STACK                                    0x200027f8   Section    16384  startup_stm32f407xx.o(STACK)

    Global Symbols

    Symbol Name                              Value     Ov Type        Size  Object(Section)

    BuildAttributes$$THM_ISAv4$E$P$D$K$B$S$7EM$VFPi3$EXTD16$VFPS$VFMA$PE$A:L22UL41UL21$X:L11$S22US41US21$IEEE1$IW$USESV6$~STKCKD$USESV7$~SHL$OTIME$ROPI$IEEEX$EBA8$MICROLIB$REQ8$PRES8$EABIv2 0x00000000   Number         0  anon$$obj.o ABSOLUTE
    __ARM_use_no_argv                        0x00000000   Number         0  main.o ABSOLUTE
    _printf_a                                0x00000000   Number         0  stubs.o ABSOLUTE
    _printf_c                                0x00000000   Number         0  stubs.o ABSOLUTE
    _printf_charcount                        0x00000000   Number         0  stubs.o ABSOLUTE
    _printf_d                                0x00000000   Number         0  stubs.o ABSOLUTE
    _printf_e                                0x00000000   Number         0  stubs.o ABSOLUTE
    _printf_f                                0x00000000   Number         0  stubs.o ABSOLUTE
    _printf_flags                            0x00000000   Number         0  stubs.o ABSOLUTE
    _printf_fp_dec                           0x00000000   Number         0  stubs.o ABSOLUTE
    _printf_fp_hex                           0x00000000   Number         0  stubs.o ABSOLUTE
    _printf_g                                0x00000000   Number         0  stubs.o ABSOLUTE
    _printf_i                                0x00000000   Number         0  stubs.o ABSOLUTE
    _printf_int_dec                          0x00000000   Number         0  stubs.o ABSOLUTE
    _printf_l                                0x00000000   Number         0  stubs.o ABSOLUTE
    _printf_lc                               0x00000000   Number         0  stubs.o ABSOLUTE
    _printf_ll                               0x00000000   Number         0  stubs.o ABSOLUTE
    _printf_lld                              0x00000000   Number         0  stubs.o ABSOLUTE
    _printf_lli                              0x00000000   Number         0  stubs.o ABSOLUTE
    _printf_llo                              0x00000000   Number         0  stubs.o ABSOLUTE
    _printf_llu                              0x00000000   Number         0  stubs.o ABSOLUTE
    _printf_llx                              0x00000000   Number         0  stubs.o ABSOLUTE
    _printf_longlong_dec                     0x00000000   Number         0  stubs.o ABSOLUTE
    _printf_longlong_hex                     0x00000000   Number         0  stubs.o ABSOLUTE
    _printf_longlong_oct                     0x00000000   Number         0  stubs.o ABSOLUTE
    _printf_ls                               0x00000000   Number         0  stubs.o ABSOLUTE
    _printf_mbtowc                           0x00000000   Number         0  stubs.o ABSOLUTE
    _printf_n                                0x00000000   Number         0  stubs.o ABSOLUTE
    _printf_o                                0x00000000   Number         0  stubs.o ABSOLUTE
    _printf_p                                0x00000000   Number         0  stubs.o ABSOLUTE
    _printf_percent                          0x00000000   Number         0  stubs.o ABSOLUTE
    _printf_pre_padding                      0x00000000   Number         0  stubs.o ABSOLUTE
    _printf_return_value                     0x00000000   Number         0  stubs.o ABSOLUTE
    _printf_s                                0x00000000   Number         0  stubs.o ABSOLUTE
    _printf_sizespec                         0x00000000   Number         0  stubs.o ABSOLUTE
    _printf_str                              0x00000000   Number         0  stubs.o ABSOLUTE
    _printf_truncate_signed                  0x00000000   Number         0  stubs.o ABSOLUTE
    _printf_truncate_unsigned                0x00000000   Number         0  stubs.o ABSOLUTE
    _printf_u                                0x00000000   Number         0  stubs.o ABSOLUTE
    _printf_wc                               0x00000000   Number         0  stubs.o ABSOLUTE
    _printf_wctomb                           0x00000000   Number         0  stubs.o ABSOLUTE
    _printf_widthprec                        0x00000000   Number         0  stubs.o ABSOLUTE
    _printf_x                                0x00000000   Number         0  stubs.o ABSOLUTE
    __arm_fini_                               - Undefined Weak Reference
    __cpp_initialize__aeabi_                  - Undefined Weak Reference
    __cxa_finalize                            - Undefined Weak Reference
    _clock_init                               - Undefined Weak Reference
    _microlib_exit                            - Undefined Weak Reference
    _scanf_int                                - Undefined Weak Reference
    _scanf_longlong                           - Undefined Weak Reference
    _scanf_string                             - Undefined Weak Reference
    __Vectors_Size                           0x00000188   Number         0  startup_stm32f407xx.o ABSOLUTE
    __Vectors                                0x08000000   Data           4  startup_stm32f407xx.o(RESET)
    __Vectors_End                            0x08000188   Data           0  startup_stm32f407xx.o(RESET)
    __main                                   0x08000189   Thumb Code     0  entry.o(.ARM.Collect$$$$00000000)
    _main_stk                                0x08000189   Thumb Code     0  entry2.o(.ARM.Collect$$$$00000001)
    _main_scatterload                        0x0800018d   Thumb Code     0  entry5.o(.ARM.Collect$$$$00000004)
    __main_after_scatterload                 0x08000191   Thumb Code     0  entry5.o(.ARM.Collect$$$$00000004)
    _main_clock                              0x08000191   Thumb Code     0  entry7b.o(.ARM.Collect$$$$00000008)
    _main_cpp_init                           0x08000191   Thumb Code     0  entry8b.o(.ARM.Collect$$$$0000000A)
    _main_init                               0x08000191   Thumb Code     0  entry9a.o(.ARM.Collect$$$$0000000B)
    __rt_lib_shutdown_fini                   0x08000199   Thumb Code     0  entry12b.o(.ARM.Collect$$$$0000000E)
    __rt_final_cpp                           0x0800019d   Thumb Code     0  entry10a.o(.ARM.Collect$$$$0000000F)
    __rt_final_exit                          0x0800019d   Thumb Code     0  entry11a.o(.ARM.Collect$$$$00000011)
    Reset_Handler                            0x080001a1   Thumb Code     8  startup_stm32f407xx.o(.text)
    ADC_IRQHandler                           0x080001bb   Thumb Code     0  startup_stm32f407xx.o(.text)
    CAN1_RX0_IRQHandler                      0x080001bb   Thumb Code     0  startup_stm32f407xx.o(.text)
    CAN1_RX1_IRQHandler                      0x080001bb   Thumb Code     0  startup_stm32f407xx.o(.text)
    CAN1_SCE_IRQHandler                      0x080001bb   Thumb Code     0  startup_stm32f407xx.o(.text)
    CAN1_TX_IRQHandler                       0x080001bb   Thumb Code     0  startup_stm32f407xx.o(.text)
    CAN2_RX0_IRQHandler                      0x080001bb   Thumb Code     0  startup_stm32f407xx.o(.text)
    CAN2_RX1_IRQHandler                      0x080001bb   Thumb Code     0  startup_stm32f407xx.o(.text)
    CAN2_SCE_IRQHandler                      0x080001bb   Thumb Code     0  startup_stm32f407xx.o(.text)
    CAN2_TX_IRQHandler                       0x080001bb   Thumb Code     0  startup_stm32f407xx.o(.text)
    DCMI_IRQHandler                          0x080001bb   Thumb Code     0  startup_stm32f407xx.o(.text)
    DMA1_Stream0_IRQHandler                  0x080001bb   Thumb Code     0  startup_stm32f407xx.o(.text)
    DMA1_Stream1_IRQHandler                  0x080001bb   Thumb Code     0  startup_stm32f407xx.o(.text)
    DMA1_Stream2_IRQHandler                  0x080001bb   Thumb Code     0  startup_stm32f407xx.o(.text)
    DMA1_Stream3_IRQHandler                  0x080001bb   Thumb Code     0  startup_stm32f407xx.o(.text)
    DMA1_Stream4_IRQHandler                  0x080001bb   Thumb Code     0  startup_stm32f407xx.o(.text)
    DMA1_Stream5_IRQHandler                  0x080001bb   Thumb Code     0  startup_stm32f407xx.o(.text)
    DMA1_Stream6_IRQHandler                  0x080001bb   Thumb Code     0  startup_stm32f407xx.o(.text)
    DMA1_Stream7_IRQHandler                  0x080001bb   Thumb Code     0  startup_stm32f407xx.o(.text)
    DMA2_Stream0_IRQHandler                  0x080001bb   Thumb Code     0  startup_stm32f407xx.o(.text)
    DMA2_Stream1_IRQHandler                  0x080001bb   Thumb Code     0  startup_stm32f407xx.o(.text)
    DMA2_Stream2_IRQHandler                  0x080001bb   Thumb Code     0  startup_stm32f407xx.o(.text)
    DMA2_Stream3_IRQHandler                  0x080001bb   Thumb Code     0  startup_stm32f407xx.o(.text)
    DMA2_Stream4_IRQHandler                  0x080001bb   Thumb Code     0  startup_stm32f407xx.o(.text)
    DMA2_Stream5_IRQHandler                  0x080001bb   Thumb Code     0  startup_stm32f407xx.o(.text)
    DMA2_Stream6_IRQHandler                  0x080001bb   Thumb Code     0  startup_stm32f407xx.o(.text)
    DMA2_Stream7_IRQHandler                  0x080001bb   Thumb Code     0  startup_stm32f407xx.o(.text)
    ETH_IRQHandler                           0x080001bb   Thumb Code     0  startup_stm32f407xx.o(.text)
    ETH_WKUP_IRQHandler                      0x080001bb   Thumb Code     0  startup_stm32f407xx.o(.text)
    EXTI0_IRQHandler                         0x080001bb   Thumb Code     0  startup_stm32f407xx.o(.text)
    EXTI15_10_IRQHandler                     0x080001bb   Thumb Code     0  startup_stm32f407xx.o(.text)
    EXTI1_IRQHandler                         0x080001bb   Thumb Code     0  startup_stm32f407xx.o(.text)
    EXTI2_IRQHandler                         0x080001bb   Thumb Code     0  startup_stm32f407xx.o(.text)
    EXTI3_IRQHandler                         0x080001bb   Thumb Code     0  startup_stm32f407xx.o(.text)
    EXTI4_IRQHandler                         0x080001bb   Thumb Code     0  startup_stm32f407xx.o(.text)
    EXTI9_5_IRQHandler                       0x080001bb   Thumb Code     0  startup_stm32f407xx.o(.text)
    FLASH_IRQHandler                         0x080001bb   Thumb Code     0  startup_stm32f407xx.o(.text)
    FMC_IRQHandler                           0x080001bb   Thumb Code     0  startup_stm32f407xx.o(.text)
    FPU_IRQHandler                           0x080001bb   Thumb Code     0  startup_stm32f407xx.o(.text)
    HASH_RNG_IRQHandler                      0x080001bb   Thumb Code     0  startup_stm32f407xx.o(.text)
    I2C1_ER_IRQHandler                       0x080001bb   Thumb Code     0  startup_stm32f407xx.o(.text)
    I2C1_EV_IRQHandler                       0x080001bb   Thumb Code     0  startup_stm32f407xx.o(.text)
    I2C2_ER_IRQHandler                       0x080001bb   Thumb Code     0  startup_stm32f407xx.o(.text)
    I2C2_EV_IRQHandler                       0x080001bb   Thumb Code     0  startup_stm32f407xx.o(.text)
    I2C3_ER_IRQHandler                       0x080001bb   Thumb Code     0  startup_stm32f407xx.o(.text)
    I2C3_EV_IRQHandler                       0x080001bb   Thumb Code     0  startup_stm32f407xx.o(.text)
    OTG_FS_IRQHandler                        0x080001bb   Thumb Code     0  startup_stm32f407xx.o(.text)
    OTG_FS_WKUP_IRQHandler                   0x080001bb   Thumb Code     0  startup_stm32f407xx.o(.text)
    OTG_HS_EP1_IN_IRQHandler                 0x080001bb   Thumb Code     0  startup_stm32f407xx.o(.text)
    OTG_HS_EP1_OUT_IRQHandler                0x080001bb   Thumb Code     0  startup_stm32f407xx.o(.text)
    OTG_HS_IRQHandler                        0x080001bb   Thumb Code     0  startup_stm32f407xx.o(.text)
    OTG_HS_WKUP_IRQHandler                   0x080001bb   Thumb Code     0  startup_stm32f407xx.o(.text)
    PVD_IRQHandler                           0x080001bb   Thumb Code     0  startup_stm32f407xx.o(.text)
    RCC_IRQHandler                           0x080001bb   Thumb Code     0  startup_stm32f407xx.o(.text)
    RTC_Alarm_IRQHandler                     0x080001bb   Thumb Code     0  startup_stm32f407xx.o(.text)
    RTC_WKUP_IRQHandler                      0x080001bb   Thumb Code     0  startup_stm32f407xx.o(.text)
    SDIO_IRQHandler                          0x080001bb   Thumb Code     0  startup_stm32f407xx.o(.text)
    SPI1_IRQHandler                          0x080001bb   Thumb Code     0  startup_stm32f407xx.o(.text)
    SPI2_IRQHandler                          0x080001bb   Thumb Code     0  startup_stm32f407xx.o(.text)
    SPI3_IRQHandler                          0x080001bb   Thumb Code     0  startup_stm32f407xx.o(.text)
    TAMP_STAMP_IRQHandler                    0x080001bb   Thumb Code     0  startup_stm32f407xx.o(.text)
    TIM1_BRK_TIM9_IRQHandler                 0x080001bb   Thumb Code     0  startup_stm32f407xx.o(.text)
    TIM1_CC_IRQHandler                       0x080001bb   Thumb Code     0  startup_stm32f407xx.o(.text)
    TIM1_TRG_COM_TIM11_IRQHandler            0x080001bb   Thumb Code     0  startup_stm32f407xx.o(.text)
    TIM1_UP_TIM10_IRQHandler                 0x080001bb   Thumb Code     0  startup_stm32f407xx.o(.text)
    TIM2_IRQHandler                          0x080001bb   Thumb Code     0  startup_stm32f407xx.o(.text)
    TIM3_IRQHandler                          0x080001bb   Thumb Code     0  startup_stm32f407xx.o(.text)
    TIM4_IRQHandler                          0x080001bb   Thumb Code     0  startup_stm32f407xx.o(.text)
    TIM5_IRQHandler                          0x080001bb   Thumb Code     0  startup_stm32f407xx.o(.text)
    TIM6_DAC_IRQHandler                      0x080001bb   Thumb Code     0  startup_stm32f407xx.o(.text)
    TIM7_IRQHandler                          0x080001bb   Thumb Code     0  startup_stm32f407xx.o(.text)
    TIM8_BRK_TIM12_IRQHandler                0x080001bb   Thumb Code     0  startup_stm32f407xx.o(.text)
    TIM8_CC_IRQHandler                       0x080001bb   Thumb Code     0  startup_stm32f407xx.o(.text)
    TIM8_TRG_COM_TIM14_IRQHandler            0x080001bb   Thumb Code     0  startup_stm32f407xx.o(.text)
    TIM8_UP_TIM13_IRQHandler                 0x080001bb   Thumb Code     0  startup_stm32f407xx.o(.text)
    UART4_IRQHandler                         0x080001bb   Thumb Code     0  startup_stm32f407xx.o(.text)
    UART5_IRQHandler                         0x080001bb   Thumb Code     0  startup_stm32f407xx.o(.text)
    USART1_IRQHandler                        0x080001bb   Thumb Code     0  startup_stm32f407xx.o(.text)
    USART2_IRQHandler                        0x080001bb   Thumb Code     0  startup_stm32f407xx.o(.text)
    USART3_IRQHandler                        0x080001bb   Thumb Code     0  startup_stm32f407xx.o(.text)
    USART6_IRQHandler                        0x080001bb   Thumb Code     0  startup_stm32f407xx.o(.text)
    WWDG_IRQHandler                          0x080001bb   Thumb Code     0  startup_stm32f407xx.o(.text)
    __aeabi_uldivmod                         0x080001c5   Thumb Code    98  uldiv.o(.text)
    __aeabi_memcpy                           0x08000227   Thumb Code    36  memcpya.o(.text)
    __aeabi_memcpy4                          0x08000227   Thumb Code     0  memcpya.o(.text)
    __aeabi_memcpy8                          0x08000227   Thumb Code     0  memcpya.o(.text)
    __aeabi_memset                           0x0800024b   Thumb Code    14  memseta.o(.text)
    __aeabi_memset4                          0x0800024b   Thumb Code     0  memseta.o(.text)
    __aeabi_memset8                          0x0800024b   Thumb Code     0  memseta.o(.text)
    __aeabi_memclr                           0x08000259   Thumb Code     4  memseta.o(.text)
    __aeabi_memclr4                          0x08000259   Thumb Code     0  memseta.o(.text)
    __aeabi_memclr8                          0x08000259   Thumb Code     0  memseta.o(.text)
    _memset$wrapper                          0x0800025d   Thumb Code    18  memseta.o(.text)
    strlen                                   0x0800026f   Thumb Code    14  strlen.o(.text)
    memcmp                                   0x0800027d   Thumb Code    26  memcmp.o(.text)
    __0sscanf                                0x08000299   Thumb Code    48  __0sscanf.o(.text)
    _scanf_real                              0x080003f9   Thumb Code     0  scanf_fp.o(.text)
    _scanf_really_real                       0x080003f9   Thumb Code   556  scanf_fp.o(.text)
    __aeabi_f2d                              0x08000631   Thumb Code    38  f2d.o(.text)
    __aeabi_uidiv                            0x08000657   Thumb Code     0  uidiv.o(.text)
    __aeabi_uidivmod                         0x08000657   Thumb Code    44  uidiv.o(.text)
    __aeabi_llsl                             0x08000683   Thumb Code    30  llshl.o(.text)
    _ll_shift_l                              0x08000683   Thumb Code     0  llshl.o(.text)
    __aeabi_llsr                             0x080006a1   Thumb Code    32  llushr.o(.text)
    _ll_ushift_r                             0x080006a1   Thumb Code     0  llushr.o(.text)
    __vfscanf_char                           0x080006cd   Thumb Code    20  scanf_char.o(.text)
    _sgetc                                   0x080006e9   Thumb Code    30  _sgetc.o(.text)
    _sbackspace                              0x08000707   Thumb Code    34  _sgetc.o(.text)
    __I$use$fp                               0x08000729   Thumb Code     0  iusefp.o(.text)
    __aeabi_dadd                             0x08000729   Thumb Code   322  dadd.o(.text)
    __aeabi_dsub                             0x0800086b   Thumb Code     6  dadd.o(.text)
    __aeabi_drsub                            0x08000871   Thumb Code     6  dadd.o(.text)
    __aeabi_dmul                             0x08000877   Thumb Code   228  dmul.o(.text)
    __aeabi_ddiv                             0x0800095b   Thumb Code   222  ddiv.o(.text)
    __aeabi_ul2d                             0x08000a39   Thumb Code    24  dfltul.o(.text)
    __aeabi_d2ulz                            0x08000a51   Thumb Code    48  dfixul.o(.text)
    __aeabi_cdrcmple                         0x08000a81   Thumb Code    48  cdrcmple.o(.text)
    __aeabi_d2f                              0x08000ab1   Thumb Code    56  d2f.o(.text)
    __scatterload                            0x08000ae9   Thumb Code    28  init.o(.text)
    __scatterload_rt2                        0x08000ae9   Thumb Code     0  init.o(.text)
    __aeabi_lasr                             0x08000b0d   Thumb Code    36  llsshr.o(.text)
    _ll_sshift_r                             0x08000b0d   Thumb Code     0  llsshr.o(.text)
    isspace                                  0x08000b31   Thumb Code    10  isspace_c.o(.text)
    __vfscanf                                0x08000b3d   Thumb Code   810  _scanf.o(.text)
    _float_round                             0x08000e6d   Thumb Code    18  fepilogue.o(.text)
    _float_epilogue                          0x08000e7f   Thumb Code    92  fepilogue.o(.text)
    _double_round                            0x08000edb   Thumb Code    30  depilogue.o(.text)
    _double_epilogue                         0x08000ef9   Thumb Code   156  depilogue.o(.text)
    __ctype_lookup                           0x08000f95   Thumb Code    34  ctype_c.o(.text)
    __decompress                             0x08000fbd   Thumb Code     0  __dczerorl2.o(.text)
    __decompress1                            0x08000fbd   Thumb Code    86  __dczerorl2.o(.text)
    BusFault_Handler                         0x08001013   Thumb Code     2  stm32f4xx_it.o(i.BusFault_Handler)
    DebugMon_Handler                         0x08001015   Thumb Code     2  stm32f4xx_it.o(i.DebugMon_Handler)
    Error_Handler                            0x08001017   Thumb Code     4  main.o(i.Error_Handler)
    HAL_GPIO_Init                            0x0800101d   Thumb Code   450  stm32f4xx_hal_gpio.o(i.HAL_GPIO_Init)
    HAL_GetTick                              0x0800120d   Thumb Code     6  stm32f4xx_hal.o(i.HAL_GetTick)
    HAL_IncTick                              0x08001219   Thumb Code    12  stm32f4xx_hal.o(i.HAL_IncTick)
    HAL_Init                                 0x08001229   Thumb Code    48  stm32f4xx_hal.o(i.HAL_Init)
    HAL_InitTick                             0x0800125d   Thumb Code    54  stm32f4xx_hal.o(i.HAL_InitTick)
    HAL_MspInit                              0x0800129d   Thumb Code    42  stm32f4xx_hal_msp.o(i.HAL_MspInit)
    HAL_NVIC_SetPriority                     0x080012cd   Thumb Code    60  stm32f4xx_hal_cortex.o(i.HAL_NVIC_SetPriority)
    HAL_NVIC_SetPriorityGrouping             0x0800130d   Thumb Code    26  stm32f4xx_hal_cortex.o(i.HAL_NVIC_SetPriorityGrouping)
    HAL_RCC_ClockConfig                      0x08001331   Thumb Code   288  stm32f4xx_hal_rcc.o(i.HAL_RCC_ClockConfig)
    HAL_RCC_GetPCLK1Freq                     0x08001465   Thumb Code    20  stm32f4xx_hal_rcc.o(i.HAL_RCC_GetPCLK1Freq)
    HAL_RCC_GetPCLK2Freq                     0x08001485   Thumb Code    20  stm32f4xx_hal_rcc.o(i.HAL_RCC_GetPCLK2Freq)
    HAL_RCC_GetSysClockFreq                  0x080014a5   Thumb Code    88  stm32f4xx_hal_rcc.o(i.HAL_RCC_GetSysClockFreq)
    HAL_RCC_OscConfig                        0x08001509   Thumb Code   856  stm32f4xx_hal_rcc.o(i.HAL_RCC_OscConfig)
    HAL_SYSTICK_Config                       0x08001875   Thumb Code    40  stm32f4xx_hal_cortex.o(i.HAL_SYSTICK_Config)
    HAL_UART_Init                            0x0800189d   Thumb Code   100  stm32f4xx_hal_uart.o(i.HAL_UART_Init)
    HAL_UART_MspInit                         0x08001901   Thumb Code    94  usart.o(i.HAL_UART_MspInit)
    HAL_UART_Receive                         0x0800196d   Thumb Code   176  stm32f4xx_hal_uart.o(i.HAL_UART_Receive)
    HAL_UART_Transmit                        0x08001a1d   Thumb Code   160  stm32f4xx_hal_uart.o(i.HAL_UART_Transmit)
    HardFault_Handler                        0x08001abd   Thumb Code     2  stm32f4xx_it.o(i.HardFault_Handler)
    MX_GPIO_Init                             0x08001ac1   Thumb Code    22  gpio.o(i.MX_GPIO_Init)
    MX_USART1_UART_Init                      0x08001add   Thumb Code    48  usart.o(i.MX_USART1_UART_Init)
    MX_X_CUBE_AI_Init                        0x08001b15   Thumb Code    18  app_x-cube-ai.o(i.MX_X_CUBE_AI_Init)
    MX_X_CUBE_AI_Process                     0x08001b55   Thumb Code   160  app_x-cube-ai.o(i.MX_X_CUBE_AI_Process)
    MemManage_Handler                        0x08001c29   Thumb Code     2  stm32f4xx_it.o(i.MemManage_Handler)
    NMI_Handler                              0x08001c2b   Thumb Code     2  stm32f4xx_it.o(i.NMI_Handler)
    PendSV_Handler                           0x08001c2d   Thumb Code     2  stm32f4xx_it.o(i.PendSV_Handler)
    SVC_Handler                              0x08001c2f   Thumb Code     2  stm32f4xx_it.o(i.SVC_Handler)
    SysTick_Handler                          0x08001c31   Thumb Code     4  stm32f4xx_it.o(i.SysTick_Handler)
    SystemClock_Config                       0x08001c35   Thumb Code   140  main.o(i.SystemClock_Config)
    SystemInit                               0x08001cc9   Thumb Code    12  system_stm32f4xx.o(i.SystemInit)
    UsageFault_Handler                       0x08001ea7   Thumb Code     2  stm32f4xx_it.o(i.UsageFault_Handler)
    __0printf                                0x08001ea9   Thumb Code    22  printfa.o(i.__0printf)
    __1printf                                0x08001ea9   Thumb Code     0  printfa.o(i.__0printf)
    __2printf                                0x08001ea9   Thumb Code     0  printfa.o(i.__0printf)
    __c89printf                              0x08001ea9   Thumb Code     0  printfa.o(i.__0printf)
    printf                                   0x08001ea9   Thumb Code     0  printfa.o(i.__0printf)
    __0snprintf                              0x08001ec9   Thumb Code    48  printfa.o(i.__0snprintf)
    __1snprintf                              0x08001ec9   Thumb Code     0  printfa.o(i.__0snprintf)
    __2snprintf                              0x08001ec9   Thumb Code     0  printfa.o(i.__0snprintf)
    __c89snprintf                            0x08001ec9   Thumb Code     0  printfa.o(i.__0snprintf)
    snprintf                                 0x08001ec9   Thumb Code     0  printfa.o(i.__0snprintf)
    malloc                                   0x08002051   Thumb Code    64  mallocr.o(i.__malloc$realloc)
    __scatterload_copy                       0x080020a1   Thumb Code    14  handlers.o(i.__scatterload_copy)
    __scatterload_null                       0x080020af   Thumb Code     2  handlers.o(i.__scatterload_null)
    __scatterload_zeroinit                   0x080020b1   Thumb Code    14  handlers.o(i.__scatterload_zeroinit)
    _is_digit                                0x0800236d   Thumb Code    14  scanf_fp.o(i._is_digit)
    acquire_and_process_data                 0x080030d5   Thumb Code   100  app_x-cube-ai.o(i.acquire_and_process_data)
    ai_array_get_data_byte_size              0x08003171   Thumb Code    30  ai_datatypes_format.o(i.ai_array_get_data_byte_size)
    ai_array_to_buffer_fmt                   0x08003191   Thumb Code   242  ai_datatypes_format.o(i.ai_array_to_buffer_fmt)
    ai_buffer_array_item_set_address         0x0800331d   Thumb Code    36  ai_platform.o(i.ai_buffer_array_item_set_address)
    ai_buffer_array_sane                     0x08003341   Thumb Code    18  ai_platform.o(i.ai_buffer_array_sane)
    ai_buffer_get_size                       0x08003355   Thumb Code    96  ai_platform.o(i.ai_buffer_get_size)
    ai_check_custom_types                    0x080033bd   Thumb Code    38  layers.o(i.ai_check_custom_types)
    ai_layers_forward_all                    0x080033e9   Thumb Code    80  layers.o(i.ai_layers_forward_all)
    ai_layers_init_all                       0x08003439   Thumb Code    30  layers.o(i.ai_layers_init_all)
    ai_layers_post_init_all                  0x08003457   Thumb Code    54  layers.o(i.ai_layers_post_init_all)
    ai_network_create                        0x0800350d   Thumb Code    20  network.o(i.ai_network_create)
    ai_network_create_and_init               0x08003525   Thumb Code   136  network.o(i.ai_network_create_and_init)
    ai_network_data_params_get               0x080035ad   Thumb Code    36  network_data.o(i.ai_network_data_params_get)
    ai_network_get_error                     0x080035d5   Thumb Code     4  network.o(i.ai_network_get_error)
    ai_network_init                          0x080035d9   Thumb Code    48  network.o(i.ai_network_init)
    ai_network_inputs_get                    0x08003609   Thumb Code    12  network.o(i.ai_network_inputs_get)
    ai_network_outputs_get                   0x0800361d   Thumb Code    12  network.o(i.ai_network_outputs_get)
    ai_network_run                           0x08003631   Thumb Code     4  network.o(i.ai_network_run)
    ai_platform_bind_network_params          0x08003635   Thumb Code    38  ai_platform_interface.o(i.ai_platform_bind_network_params)
    ai_platform_context_acquire              0x08003661   Thumb Code    14  ai_platform_interface.o(i.ai_platform_context_acquire)
    ai_platform_get_activations_map          0x08003675   Thumb Code    38  ai_platform_interface.o(i.ai_platform_get_activations_map)
    ai_platform_get_weights_map              0x080036a1   Thumb Code    36  ai_platform_interface.o(i.ai_platform_get_weights_map)
    ai_platform_inputs_get                   0x080036c9   Thumb Code    66  ai_platform_interface.o(i.ai_platform_inputs_get)
    ai_platform_network_create               0x0800370d   Thumb Code   146  ai_platform_interface.o(i.ai_platform_network_create)
    ai_platform_network_get_error            0x080037a9   Thumb Code    24  ai_platform_interface.o(i.ai_platform_network_get_error)
    ai_platform_network_init                 0x080037c5   Thumb Code   262  ai_platform_interface.o(i.ai_platform_network_init)
    ai_platform_network_post_init            0x080038dd   Thumb Code    76  ai_platform_interface.o(i.ai_platform_network_post_init)
    ai_platform_network_process              0x0800392d   Thumb Code    84  ai_platform_interface.o(i.ai_platform_network_process)
    ai_platform_network_set_error            0x08003981   Thumb Code    12  ai_platform_interface.o(i.ai_platform_network_set_error)
    ai_platform_outputs_get                  0x0800398d   Thumb Code    72  ai_platform_interface.o(i.ai_platform_outputs_get)
    ai_version_get                           0x080039ef   Thumb Code    12  ai_datatypes_internal.o(i.ai_version_get)
    core_get_error                           0x080039fb   Thumb Code    12  core_common.o(i.core_get_error)
    core_init                                0x08003a07   Thumb Code     4  core_common.o(i.core_init)
    core_set_error                           0x08003a0b   Thumb Code    26  core_common.o(i.core_set_error)
    forward_dense                            0x08003a25   Thumb Code   322  layers_conv2d_generic_float.o(i.forward_dense)
    forward_lite_dense_if32of32wf32          0x08003b6d   Thumb Code   148  lite_dense_if32.o(i.forward_lite_dense_if32of32wf32)
    forward_lite_dense_if32of32wf32_lut4     0x08003c05   Thumb Code   168  lite_dense_if32.o(i.forward_lite_dense_if32of32wf32_lut4)
    forward_lite_dense_if32of32wf32_lut8     0x08003cb1   Thumb Code   168  lite_dense_if32.o(i.forward_lite_dense_if32of32wf32_lut8)
    forward_lite_nl_relu_generic_if32of32_kernel 0x08003d5d   Thumb Code   168  lite_nl_relu_if32of32.o(i.forward_lite_nl_relu_generic_if32of32_kernel)
    forward_relu                             0x08003e09   Thumb Code   202  layers_nl_generic_float.o(i.forward_relu)
    fputc                                    0x08003ed9   Thumb Code    20  usart.o(i.fputc)
    get_tensor_byte_size                     0x08003ef1   Thumb Code    34  ai_datatypes_internal.o(i.get_tensor_byte_size)
    main                                     0x08003f69   Thumb Code    32  main.o(i.main)
    post_process                             0x0800409d   Thumb Code    50  app_x-cube-ai.o(i.post_process)
    st_int8_copy                             0x080040e5   Thumb Code   144  st_int8_fill.o(i.st_int8_copy)
    s_network_weights_array_u64              0x08004220   Data         568  network_data_params.o(.constdata)
    AHBPrescTable                            0x080044b0   Data          16  system_stm32f4xx.o(.constdata)
    APBPrescTable                            0x080044c0   Data           8  system_stm32f4xx.o(.constdata)
    __ctype_categories                       0x08004530   Data          64  ctype_c.o(.constdata)
    Region$$Table$$Base                      0x08004570   Number         0  anon$$obj.o(Region$$Table)
    Region$$Table$$Limit                     0x08004590   Number         0  anon$$obj.o(Region$$Table)
    g_network_data_map_activations           0x20000684   Data          28  network_data.o(.data)
    g_network_data_map_weights               0x200006a0   Data          28  network_data.o(.data)
    data_ins                                 0x200006bc   Data           4  app_x-cube-ai.o(.data)
    data_outs                                0x200006c0   Data           4  app_x-cube-ai.o(.data)
    data_activations0                        0x200006c4   Data           4  app_x-cube-ai.o(.data)
    input_data                               0x200006d4   Data           4  app_x-cube-ai.o(.data)
    output_data                              0x200006d8   Data           4  app_x-cube-ai.o(.data)
    uwTickFreq                               0x200006dc   Data           1  stm32f4xx_hal.o(.data)
    uwTickPrio                               0x200006e0   Data           4  stm32f4xx_hal.o(.data)
    uwTick                                   0x200006e4   Data           4  stm32f4xx_hal.o(.data)
    SystemCoreClock                          0x200006e8   Data           4  system_stm32f4xx.o(.data)
    __stdout                                 0x200006ec   Data           4  stdout.o(.data)
    __microlib_freelist                      0x200006f0   Data           4  mvars.o(.data)
    __microlib_freelist_initialised          0x200006f4   Data           4  mvars.o(.data)
    huart1                                   0x200007b0   Data          72  usart.o(.bss)
    __heap_base                              0x200007f8   Data           0  startup_stm32f407xx.o(HEAP)
    __heap_limit                             0x200027f8   Data           0  startup_stm32f407xx.o(HEAP)
    __initial_sp                             0x200067f8   Data           0  startup_stm32f407xx.o(STACK)



==============================================================================

Memory Map of the image

  Image Entry point : 0x08000189

  Load Region LR_IROM1 (Base: 0x08000000, Size: 0x00004c88, Max: 0x00100000, ABSOLUTE, COMPRESSED[0x000047c8])

    Execution Region ER_IROM1 (Exec base: 0x08000000, Load base: 0x08000000, Size: 0x00004590, Max: 0x00100000, ABSOLUTE)

    Exec Addr    Load Addr    Size         Type   Attr      Idx    E Section Name        Object

    0x08000000   0x08000000   0x00000188   Data   RO            3    RESET               startup_stm32f407xx.o
    0x08000188   0x08000188   0x00000000   Code   RO         3792  * .ARM.Collect$$$$00000000  mc_w.l(entry.o)
    0x08000188   0x08000188   0x00000004   Code   RO         4150    .ARM.Collect$$$$00000001  mc_w.l(entry2.o)
    0x0800018c   0x0800018c   0x00000004   Code   RO         4153    .ARM.Collect$$$$00000004  mc_w.l(entry5.o)
    0x08000190   0x08000190   0x00000000   Code   RO         4155    .ARM.Collect$$$$00000008  mc_w.l(entry7b.o)
    0x08000190   0x08000190   0x00000000   Code   RO         4157    .ARM.Collect$$$$0000000A  mc_w.l(entry8b.o)
    0x08000190   0x08000190   0x00000008   Code   RO         4158    .ARM.Collect$$$$0000000B  mc_w.l(entry9a.o)
    0x08000198   0x08000198   0x00000004   Code   RO         4165    .ARM.Collect$$$$0000000E  mc_w.l(entry12b.o)
    0x0800019c   0x0800019c   0x00000000   Code   RO         4160    .ARM.Collect$$$$0000000F  mc_w.l(entry10a.o)
    0x0800019c   0x0800019c   0x00000000   Code   RO         4162    .ARM.Collect$$$$00000011  mc_w.l(entry11a.o)
    0x0800019c   0x0800019c   0x00000004   Code   RO         4151    .ARM.Collect$$$$00002712  mc_w.l(entry2.o)
    0x080001a0   0x080001a0   0x00000024   Code   RO            4    .text               startup_stm32f407xx.o
    0x080001c4   0x080001c4   0x00000062   Code   RO         3795    .text               mc_w.l(uldiv.o)
    0x08000226   0x08000226   0x00000024   Code   RO         3797    .text               mc_w.l(memcpya.o)
    0x0800024a   0x0800024a   0x00000024   Code   RO         3799    .text               mc_w.l(memseta.o)
    0x0800026e   0x0800026e   0x0000000e   Code   RO         3801    .text               mc_w.l(strlen.o)
    0x0800027c   0x0800027c   0x0000001a   Code   RO         3803    .text               mc_w.l(memcmp.o)
    0x08000296   0x08000296   0x00000002   PAD
    0x08000298   0x08000298   0x00000038   Code   RO         4096    .text               mc_w.l(__0sscanf.o)
    0x080002d0   0x080002d0   0x00000360   Code   RO         4098    .text               mc_w.l(scanf_fp.o)
    0x08000630   0x08000630   0x00000026   Code   RO         4104    .text               mf_w.l(f2d.o)
    0x08000656   0x08000656   0x0000002c   Code   RO         4167    .text               mc_w.l(uidiv.o)
    0x08000682   0x08000682   0x0000001e   Code   RO         4169    .text               mc_w.l(llshl.o)
    0x080006a0   0x080006a0   0x00000020   Code   RO         4171    .text               mc_w.l(llushr.o)
    0x080006c0   0x080006c0   0x00000028   Code   RO         4182    .text               mc_w.l(scanf_char.o)
    0x080006e8   0x080006e8   0x00000040   Code   RO         4184    .text               mc_w.l(_sgetc.o)
    0x08000728   0x08000728   0x00000000   Code   RO         4186    .text               mc_w.l(iusefp.o)
    0x08000728   0x08000728   0x0000014e   Code   RO         4191    .text               mf_w.l(dadd.o)
    0x08000876   0x08000876   0x000000e4   Code   RO         4193    .text               mf_w.l(dmul.o)
    0x0800095a   0x0800095a   0x000000de   Code   RO         4195    .text               mf_w.l(ddiv.o)
    0x08000a38   0x08000a38   0x00000018   Code   RO         4197    .text               mf_w.l(dfltul.o)
    0x08000a50   0x08000a50   0x00000030   Code   RO         4199    .text               mf_w.l(dfixul.o)
    0x08000a80   0x08000a80   0x00000030   Code   RO         4201    .text               mf_w.l(cdrcmple.o)
    0x08000ab0   0x08000ab0   0x00000038   Code   RO         4203    .text               mf_w.l(d2f.o)
    0x08000ae8   0x08000ae8   0x00000024   Code   RO         4207    .text               mc_w.l(init.o)
    0x08000b0c   0x08000b0c   0x00000024   Code   RO         4209    .text               mc_w.l(llsshr.o)
    0x08000b30   0x08000b30   0x0000000a   Code   RO         4211    .text               mc_w.l(isspace_c.o)
    0x08000b3a   0x08000b3a   0x00000002   PAD
    0x08000b3c   0x08000b3c   0x00000330   Code   RO         4213    .text               mc_w.l(_scanf.o)
    0x08000e6c   0x08000e6c   0x0000006e   Code   RO         4215    .text               mf_w.l(fepilogue.o)
    0x08000eda   0x08000eda   0x000000ba   Code   RO         4217    .text               mf_w.l(depilogue.o)
    0x08000f94   0x08000f94   0x00000028   Code   RO         4219    .text               mc_w.l(ctype_c.o)
    0x08000fbc   0x08000fbc   0x00000056   Code   RO         4230    .text               mc_w.l(__dczerorl2.o)
    0x08001012   0x08001012   0x00000002   Code   RO          840    i.BusFault_Handler  stm32f4xx_it.o
    0x08001014   0x08001014   0x00000002   Code   RO          841    i.DebugMon_Handler  stm32f4xx_it.o
    0x08001016   0x08001016   0x00000004   Code   RO          629    i.Error_Handler     main.o
    0x0800101a   0x0800101a   0x00000002   PAD
    0x0800101c   0x0800101c   0x000001f0   Code   RO         1294    i.HAL_GPIO_Init     stm32f4xx_hal_gpio.o
    0x0800120c   0x0800120c   0x0000000c   Code   RO         1844    i.HAL_GetTick       stm32f4xx_hal.o
    0x08001218   0x08001218   0x00000010   Code   RO         1850    i.HAL_IncTick       stm32f4xx_hal.o
    0x08001228   0x08001228   0x00000034   Code   RO         1851    i.HAL_Init          stm32f4xx_hal.o
    0x0800125c   0x0800125c   0x00000040   Code   RO         1852    i.HAL_InitTick      stm32f4xx_hal.o
    0x0800129c   0x0800129c   0x00000030   Code   RO          915    i.HAL_MspInit       stm32f4xx_hal_msp.o
    0x080012cc   0x080012cc   0x00000040   Code   RO         1692    i.HAL_NVIC_SetPriority  stm32f4xx_hal_cortex.o
    0x0800130c   0x0800130c   0x00000024   Code   RO         1693    i.HAL_NVIC_SetPriorityGrouping  stm32f4xx_hal_cortex.o
    0x08001330   0x08001330   0x00000134   Code   RO          940    i.HAL_RCC_ClockConfig  stm32f4xx_hal_rcc.o
    0x08001464   0x08001464   0x00000020   Code   RO          947    i.HAL_RCC_GetPCLK1Freq  stm32f4xx_hal_rcc.o
    0x08001484   0x08001484   0x00000020   Code   RO          948    i.HAL_RCC_GetPCLK2Freq  stm32f4xx_hal_rcc.o
    0x080014a4   0x080014a4   0x00000064   Code   RO          949    i.HAL_RCC_GetSysClockFreq  stm32f4xx_hal_rcc.o
    0x08001508   0x08001508   0x0000036c   Code   RO          952    i.HAL_RCC_OscConfig  stm32f4xx_hal_rcc.o
    0x08001874   0x08001874   0x00000028   Code   RO         1697    i.HAL_SYSTICK_Config  stm32f4xx_hal_cortex.o
    0x0800189c   0x0800189c   0x00000064   Code   RO         2155    i.HAL_UART_Init     stm32f4xx_hal_uart.o
    0x08001900   0x08001900   0x0000006c   Code   RO          793    i.HAL_UART_MspInit  usart.o
    0x0800196c   0x0800196c   0x000000b0   Code   RO         2158    i.HAL_UART_Receive  stm32f4xx_hal_uart.o
    0x08001a1c   0x08001a1c   0x000000a0   Code   RO         2163    i.HAL_UART_Transmit  stm32f4xx_hal_uart.o
    0x08001abc   0x08001abc   0x00000002   Code   RO          842    i.HardFault_Handler  stm32f4xx_it.o
    0x08001abe   0x08001abe   0x00000002   PAD
    0x08001ac0   0x08001ac0   0x0000001c   Code   RO          681    i.MX_GPIO_Init      gpio.o
    0x08001adc   0x08001adc   0x00000038   Code   RO          794    i.MX_USART1_UART_Init  usart.o
    0x08001b14   0x08001b14   0x00000040   Code   RO          442    i.MX_X_CUBE_AI_Init  app_x-cube-ai.o
    0x08001b54   0x08001b54   0x000000d4   Code   RO          443    i.MX_X_CUBE_AI_Process  app_x-cube-ai.o
    0x08001c28   0x08001c28   0x00000002   Code   RO          843    i.MemManage_Handler  stm32f4xx_it.o
    0x08001c2a   0x08001c2a   0x00000002   Code   RO          844    i.NMI_Handler       stm32f4xx_it.o
    0x08001c2c   0x08001c2c   0x00000002   Code   RO          845    i.PendSV_Handler    stm32f4xx_it.o
    0x08001c2e   0x08001c2e   0x00000002   Code   RO          846    i.SVC_Handler       stm32f4xx_it.o
    0x08001c30   0x08001c30   0x00000004   Code   RO          847    i.SysTick_Handler   stm32f4xx_it.o
    0x08001c34   0x08001c34   0x00000094   Code   RO          630    i.SystemClock_Config  main.o
    0x08001cc8   0x08001cc8   0x00000010   Code   RO         2489    i.SystemInit        system_stm32f4xx.o
    0x08001cd8   0x08001cd8   0x0000004e   Code   RO         2178    i.UART_EndRxTransfer  stm32f4xx_hal_uart.o
    0x08001d26   0x08001d26   0x00000002   PAD
    0x08001d28   0x08001d28   0x0000010c   Code   RO         2181    i.UART_SetConfig    stm32f4xx_hal_uart.o
    0x08001e34   0x08001e34   0x00000072   Code   RO         2184    i.UART_WaitOnFlagUntilTimeout  stm32f4xx_hal_uart.o
    0x08001ea6   0x08001ea6   0x00000002   Code   RO          848    i.UsageFault_Handler  stm32f4xx_it.o
    0x08001ea8   0x08001ea8   0x00000020   Code   RO         4040    i.__0printf         mc_w.l(printfa.o)
    0x08001ec8   0x08001ec8   0x00000034   Code   RO         4041    i.__0snprintf       mc_w.l(printfa.o)
    0x08001efc   0x08001efc   0x00000020   Code   RO         1699    i.__NVIC_SetPriority  stm32f4xx_hal_cortex.o
    0x08001f1c   0x08001f1c   0x00000134   Code   RO         2965    i.__ai_math_dot_array  NetworkRuntime910_CM4_Keil.lib(lite_dense_if32.o)
    0x08002050   0x08002050   0x00000050   Code   RO         4073    i.__malloc$realloc  mc_w.l(mallocr.o)
    0x080020a0   0x080020a0   0x0000000e   Code   RO         4224    i.__scatterload_copy  mc_w.l(handlers.o)
    0x080020ae   0x080020ae   0x00000002   Code   RO         4225    i.__scatterload_null  mc_w.l(handlers.o)
    0x080020b0   0x080020b0   0x0000000e   Code   RO         4226    i.__scatterload_zeroinit  mc_w.l(handlers.o)
    0x080020be   0x080020be   0x00000012   Code   RO         2895    i._ai_forward_layer  NetworkRuntime910_CM4_Keil.lib(layers.o)
    0x080020d0   0x080020d0   0x000000e0   Code   RO         2540    i._ai_platform_get_io_buffers_info  NetworkRuntime910_CM4_Keil.lib(ai_platform_interface.o)
    0x080021b0   0x080021b0   0x00000038   Code   RO         2651    i._forward_lite_nl_relu_thresholded_if32of32  NetworkRuntime910_CM4_Keil.lib(layers_nl_generic_float.o)
    0x080021e8   0x080021e8   0x00000184   Code   RO         4047    i._fp_digits        mc_w.l(printfa.o)
    0x0800236c   0x0800236c   0x0000000e   Code   RO         4100    i._is_digit         mc_w.l(scanf_fp.o)
    0x0800237a   0x0800237a   0x00000002   PAD
    0x0800237c   0x0800237c   0x0000012c   Code   RO         2966    i._lite_dict4_dot_array_f32  NetworkRuntime910_CM4_Keil.lib(lite_dense_if32.o)
    0x080024a8   0x080024a8   0x000000e8   Code   RO         2967    i._lite_dict8_dot_array_f32  NetworkRuntime910_CM4_Keil.lib(lite_dense_if32.o)
    0x08002590   0x08002590   0x0000004c   Code   RO         2541    i._platform_ai_buffer_array_copy  NetworkRuntime910_CM4_Keil.lib(ai_platform_interface.o)
    0x080025dc   0x080025dc   0x00000050   Code   RO         2542    i._platform_get_table_map_from_buffer  NetworkRuntime910_CM4_Keil.lib(ai_platform_interface.o)
    0x0800262c   0x0800262c   0x00000044   Code   RO         2543    i._platform_get_table_map_from_buffer_array  NetworkRuntime910_CM4_Keil.lib(ai_platform_interface.o)
    0x08002670   0x08002670   0x00000014   Code   RO         2544    i._platform_network_buffers_signature_valid  NetworkRuntime910_CM4_Keil.lib(ai_platform_interface.o)
    0x08002684   0x08002684   0x00000210   Code   RO         2545    i._platform_network_io_bind  NetworkRuntime910_CM4_Keil.lib(ai_platform_interface.o)
    0x08002894   0x08002894   0x0000003e   Code   RO         2546    i._platform_network_state_setup  NetworkRuntime910_CM4_Keil.lib(ai_platform_interface.o)
    0x080028d2   0x080028d2   0x00000068   Code   RO         2547    i._platform_network_state_update_input  NetworkRuntime910_CM4_Keil.lib(ai_platform_interface.o)
    0x0800293a   0x0800293a   0x0000007c   Code   RO         2548    i._platform_network_state_update_output  NetworkRuntime910_CM4_Keil.lib(ai_platform_interface.o)
    0x080029b6   0x080029b6   0x00000002   PAD
    0x080029b8   0x080029b8   0x000006b4   Code   RO         4048    i._printf_core      mc_w.l(printfa.o)
    0x0800306c   0x0800306c   0x00000024   Code   RO         4049    i._printf_post_padding  mc_w.l(printfa.o)
    0x08003090   0x08003090   0x0000002e   Code   RO         4050    i._printf_pre_padding  mc_w.l(printfa.o)
    0x080030be   0x080030be   0x00000016   Code   RO         4051    i._snputc           mc_w.l(printfa.o)
    0x080030d4   0x080030d4   0x0000009c   Code   RO          444    i.acquire_and_process_data  app_x-cube-ai.o
    0x08003170   0x08003170   0x0000001e   Code   RO         2843    i.ai_array_get_data_byte_size  NetworkRuntime910_CM4_Keil.lib(ai_datatypes_format.o)
    0x0800318e   0x0800318e   0x00000002   PAD
    0x08003190   0x08003190   0x00000128   Code   RO         2845    i.ai_array_to_buffer_fmt  NetworkRuntime910_CM4_Keil.lib(ai_datatypes_format.o)
    0x080032b8   0x080032b8   0x00000064   Code   RO          445    i.ai_boostrap       app_x-cube-ai.o
    0x0800331c   0x0800331c   0x00000024   Code   RO         2526    i.ai_buffer_array_item_set_address  NetworkRuntime910_CM4_Keil.lib(ai_platform.o)
    0x08003340   0x08003340   0x00000012   Code   RO         2527    i.ai_buffer_array_sane  NetworkRuntime910_CM4_Keil.lib(ai_platform.o)
    0x08003352   0x08003352   0x00000002   PAD
    0x08003354   0x08003354   0x00000068   Code   RO         2529    i.ai_buffer_get_size  NetworkRuntime910_CM4_Keil.lib(ai_platform.o)
    0x080033bc   0x080033bc   0x0000002c   Code   RO         2897    i.ai_check_custom_types  NetworkRuntime910_CM4_Keil.lib(layers.o)
    0x080033e8   0x080033e8   0x00000050   Code   RO         2901    i.ai_layers_forward_all  NetworkRuntime910_CM4_Keil.lib(layers.o)
    0x08003438   0x08003438   0x0000001e   Code   RO         2902    i.ai_layers_init_all  NetworkRuntime910_CM4_Keil.lib(layers.o)
    0x08003456   0x08003456   0x00000036   Code   RO         2903    i.ai_layers_post_init_all  NetworkRuntime910_CM4_Keil.lib(layers.o)
    0x0800348c   0x0800348c   0x00000080   Code   RO          446    i.ai_log_err        app_x-cube-ai.o
    0x0800350c   0x0800350c   0x00000018   Code   RO           10    i.ai_network_create  network.o
    0x08003524   0x08003524   0x00000088   Code   RO           11    i.ai_network_create_and_init  network.o
    0x080035ac   0x080035ac   0x00000028   Code   RO          369    i.ai_network_data_params_get  network_data.o
    0x080035d4   0x080035d4   0x00000004   Code   RO           14    i.ai_network_get_error  network.o
    0x080035d8   0x080035d8   0x00000030   Code   RO           17    i.ai_network_init   network.o
    0x08003608   0x08003608   0x00000014   Code   RO           18    i.ai_network_inputs_get  network.o
    0x0800361c   0x0800361c   0x00000014   Code   RO           19    i.ai_network_outputs_get  network.o
    0x08003630   0x08003630   0x00000004   Code   RO           20    i.ai_network_run    network.o
    0x08003634   0x08003634   0x0000002c   Code   RO         2552    i.ai_platform_bind_network_params  NetworkRuntime910_CM4_Keil.lib(ai_platform_interface.o)
    0x08003660   0x08003660   0x00000014   Code   RO         2553    i.ai_platform_context_acquire  NetworkRuntime910_CM4_Keil.lib(ai_platform_interface.o)
    0x08003674   0x08003674   0x0000002c   Code   RO         2555    i.ai_platform_get_activations_map  NetworkRuntime910_CM4_Keil.lib(ai_platform_interface.o)
    0x080036a0   0x080036a0   0x00000028   Code   RO         2556    i.ai_platform_get_weights_map  NetworkRuntime910_CM4_Keil.lib(ai_platform_interface.o)
    0x080036c8   0x080036c8   0x00000042   Code   RO         2557    i.ai_platform_inputs_get  NetworkRuntime910_CM4_Keil.lib(ai_platform_interface.o)
    0x0800370a   0x0800370a   0x00000002   PAD
    0x0800370c   0x0800370c   0x0000009c   Code   RO         2559    i.ai_platform_network_create  NetworkRuntime910_CM4_Keil.lib(ai_platform_interface.o)
    0x080037a8   0x080037a8   0x0000001c   Code   RO         2561    i.ai_platform_network_get_error  NetworkRuntime910_CM4_Keil.lib(ai_platform_interface.o)
    0x080037c4   0x080037c4   0x00000118   Code   RO         2562    i.ai_platform_network_init  NetworkRuntime910_CM4_Keil.lib(ai_platform_interface.o)
    0x080038dc   0x080038dc   0x00000050   Code   RO         2563    i.ai_platform_network_post_init  NetworkRuntime910_CM4_Keil.lib(ai_platform_interface.o)
    0x0800392c   0x0800392c   0x00000054   Code   RO         2564    i.ai_platform_network_process  NetworkRuntime910_CM4_Keil.lib(ai_platform_interface.o)
    0x08003980   0x08003980   0x0000000c   Code   RO         2565    i.ai_platform_network_set_error  NetworkRuntime910_CM4_Keil.lib(ai_platform_interface.o)
    0x0800398c   0x0800398c   0x00000048   Code   RO         2571    i.ai_platform_outputs_get  NetworkRuntime910_CM4_Keil.lib(ai_platform_interface.o)
    0x080039d4   0x080039d4   0x0000001a   Code   RO         2653    i.ai_shape_get_size  NetworkRuntime910_CM4_Keil.lib(layers_nl_generic_float.o)
    0x080039ee   0x080039ee   0x0000000c   Code   RO         2866    i.ai_version_get    NetworkRuntime910_CM4_Keil.lib(ai_datatypes_internal.o)
    0x080039fa   0x080039fa   0x0000000c   Code   RO         2876    i.core_get_error    NetworkRuntime910_CM4_Keil.lib(core_common.o)
    0x08003a06   0x08003a06   0x00000004   Code   RO         2877    i.core_init         NetworkRuntime910_CM4_Keil.lib(core_common.o)
    0x08003a0a   0x08003a0a   0x0000001a   Code   RO         2878    i.core_set_error    NetworkRuntime910_CM4_Keil.lib(core_common.o)
    0x08003a24   0x08003a24   0x00000148   Code   RO         2622    i.forward_dense     NetworkRuntime910_CM4_Keil.lib(layers_conv2d_generic_float.o)
    0x08003b6c   0x08003b6c   0x00000098   Code   RO         2968    i.forward_lite_dense_if32of32wf32  NetworkRuntime910_CM4_Keil.lib(lite_dense_if32.o)
    0x08003c04   0x08003c04   0x000000ac   Code   RO         2969    i.forward_lite_dense_if32of32wf32_lut4  NetworkRuntime910_CM4_Keil.lib(lite_dense_if32.o)
    0x08003cb0   0x08003cb0   0x000000ac   Code   RO         2970    i.forward_lite_dense_if32of32wf32_lut8  NetworkRuntime910_CM4_Keil.lib(lite_dense_if32.o)
    0x08003d5c   0x08003d5c   0x000000ac   Code   RO         2956    i.forward_lite_nl_relu_generic_if32of32_kernel  NetworkRuntime910_CM4_Keil.lib(lite_nl_relu_if32of32.o)
    0x08003e08   0x08003e08   0x000000d0   Code   RO         2679    i.forward_relu      NetworkRuntime910_CM4_Keil.lib(layers_nl_generic_float.o)
    0x08003ed8   0x08003ed8   0x00000018   Code   RO          795    i.fputc             usart.o
    0x08003ef0   0x08003ef0   0x00000028   Code   RO         2867    i.get_tensor_byte_size  NetworkRuntime910_CM4_Keil.lib(ai_datatypes_internal.o)
    0x08003f18   0x08003f18   0x00000050   Code   RO         4074    i.internal_alloc    mc_w.l(mallocr.o)
    0x08003f68   0x08003f68   0x00000040   Code   RO          632    i.main              main.o
    0x08003fa8   0x08003fa8   0x00000058   Code   RO           21    i.network_configure_activations  network.o
    0x08004000   0x08004000   0x0000009c   Code   RO           22    i.network_configure_weights  network.o
    0x0800409c   0x0800409c   0x00000048   Code   RO          447    i.post_process      app_x-cube-ai.o
    0x080040e4   0x080040e4   0x00000090   Code   RO         3519    i.st_int8_copy      NetworkRuntime910_CM4_Keil.lib(st_int8_fill.o)
    0x08004174   0x08004174   0x00000008   Data   RO           27    .constdata          network.o
    0x0800417c   0x0800417c   0x00000008   Data   RO           28    .constdata          network.o
    0x08004184   0x08004184   0x00000008   Data   RO           29    .constdata          network.o
    0x0800418c   0x0800418c   0x00000008   Data   RO           30    .constdata          network.o
    0x08004194   0x08004194   0x00000008   Data   RO           31    .constdata          network.o
    0x0800419c   0x0800419c   0x00000068   Data   RO          372    .constdata          network_data.o
    0x08004204   0x08004204   0x0000001c   PAD
    0x08004220   0x08004220   0x00000238   Data   RO          422    .constdata          network_data_params.o
    0x08004458   0x08004458   0x00000058   Data   RO          449    .constdata          app_x-cube-ai.o
    0x080044b0   0x080044b0   0x00000010   Data   RO         2490    .constdata          system_stm32f4xx.o
    0x080044c0   0x080044c0   0x00000008   Data   RO         2491    .constdata          system_stm32f4xx.o
    0x080044c8   0x080044c8   0x00000068   Data   RO         2574    .constdata          NetworkRuntime910_CM4_Keil.lib(ai_platform_interface.o)
    0x08004530   0x08004530   0x00000040   Data   RO         4220    .constdata          mc_w.l(ctype_c.o)
    0x08004570   0x08004570   0x00000020   Data   RO         4222    Region$$Table       anon$$obj.o


    Execution Region RW_IRAM1 (Exec base: 0x20000000, Load base: 0x08004590, Size: 0x000067f8, Max: 0x0001c000, ABSOLUTE, COMPRESSED[0x00000238])

    Exec Addr    Load Addr    Size         Type   Attr      Idx    E Section Name        Object

    0x20000000   COMPRESSED   0x00000010   Data   RW           34    .data               network.o
    0x20000010   COMPRESSED   0x00000010   Data   RW           35    .data               network.o
    0x20000020   COMPRESSED   0x00000010   Data   RW           36    .data               network.o
    0x20000030   COMPRESSED   0x00000010   Data   RW           37    .data               network.o
    0x20000040   COMPRESSED   0x00000010   Data   RW           38    .data               network.o
    0x20000050   COMPRESSED   0x00000010   Data   RW           39    .data               network.o
    0x20000060   COMPRESSED   0x00000010   Data   RW           40    .data               network.o
    0x20000070   COMPRESSED   0x00000010   Data   RW           41    .data               network.o
    0x20000080   COMPRESSED   0x00000010   Data   RW           42    .data               network.o
    0x20000090   COMPRESSED   0x00000010   Data   RW           43    .data               network.o
    0x200000a0   COMPRESSED   0x00000010   Data   RW           44    .data               network.o
    0x200000b0   COMPRESSED   0x00000010   Data   RW           45    .data               network.o
    0x200000c0   COMPRESSED   0x00000010   Data   RW           46    .data               network.o
    0x200000d0   COMPRESSED   0x00000010   Data   RW           47    .data               network.o
    0x200000e0   COMPRESSED   0x00000010   Data   RW           48    .data               network.o
    0x200000f0   COMPRESSED   0x00000010   Data   RW           49    .data               network.o
    0x20000100   COMPRESSED   0x00000010   Data   RW           50    .data               network.o
    0x20000110   COMPRESSED   0x00000010   Data   RW           51    .data               network.o
    0x20000120   COMPRESSED   0x00000010   Data   RW           52    .data               network.o
    0x20000130   COMPRESSED   0x00000010   Data   RW           53    .data               network.o
    0x20000140   COMPRESSED   0x00000010   Data   RW           54    .data               network.o
    0x20000150   COMPRESSED   0x00000010   Data   RW           55    .data               network.o
    0x20000160   COMPRESSED   0x00000010   Data   RW           56    .data               network.o
    0x20000170   COMPRESSED   0x00000010   Data   RW           57    .data               network.o
    0x20000180   COMPRESSED   0x00000004   Data   RW           58    .data               network.o
    0x20000184   COMPRESSED   0x00000004   Data   RW           59    .data               network.o
    0x20000188   COMPRESSED   0x00000008   Data   RW           60    .data               network.o
    0x20000190   COMPRESSED   0x00000004   Data   RW           61    .data               network.o
    0x20000194   COMPRESSED   0x00000030   Data   RW           62    .data               network.o
    0x200001c4   COMPRESSED   0x00000004   Data   RW           63    .data               network.o
    0x200001c8   COMPRESSED   0x00000004   Data   RW           64    .data               network.o
    0x200001cc   COMPRESSED   0x00000004   Data   RW           65    .data               network.o
    0x200001d0   COMPRESSED   0x00000004   Data   RW           66    .data               network.o
    0x200001d4   COMPRESSED   0x00000030   Data   RW           67    .data               network.o
    0x20000204   COMPRESSED   0x00000004   Data   RW           68    .data               network.o
    0x20000208   COMPRESSED   0x00000004   Data   RW           69    .data               network.o
    0x2000020c   COMPRESSED   0x00000008   Data   RW           70    .data               network.o
    0x20000214   COMPRESSED   0x00000004   Data   RW           71    .data               network.o
    0x20000218   COMPRESSED   0x00000030   Data   RW           72    .data               network.o
    0x20000248   COMPRESSED   0x00000004   Data   RW           73    .data               network.o
    0x2000024c   COMPRESSED   0x00000004   Data   RW           74    .data               network.o
    0x20000250   COMPRESSED   0x00000004   Data   RW           75    .data               network.o
    0x20000254   COMPRESSED   0x00000004   Data   RW           76    .data               network.o
    0x20000258   COMPRESSED   0x00000030   Data   RW           77    .data               network.o
    0x20000288   COMPRESSED   0x00000004   Data   RW           78    .data               network.o
    0x2000028c   COMPRESSED   0x00000004   Data   RW           79    .data               network.o
    0x20000290   COMPRESSED   0x00000008   Data   RW           80    .data               network.o
    0x20000298   COMPRESSED   0x00000004   Data   RW           81    .data               network.o
    0x2000029c   COMPRESSED   0x00000030   Data   RW           82    .data               network.o
    0x200002cc   COMPRESSED   0x00000010   Data   RW           83    .data               network.o
    0x200002dc   COMPRESSED   0x0000001c   Data   RW           84    .data               network.o
    0x200002f8   COMPRESSED   0x00000010   Data   RW           85    .data               network.o
    0x20000308   COMPRESSED   0x0000001c   Data   RW           86    .data               network.o
    0x20000324   COMPRESSED   0x00000004   Data   RW           87    .data               network.o
    0x20000328   COMPRESSED   0x00000008   Data   RW           88    .data               network.o
    0x20000330   COMPRESSED   0x0000000c   Data   RW           89    .data               network.o
    0x2000033c   COMPRESSED   0x00000004   Data   RW           90    .data               network.o
    0x20000340   COMPRESSED   0x00000008   Data   RW           91    .data               network.o
    0x20000348   COMPRESSED   0x0000000c   Data   RW           92    .data               network.o
    0x20000354   COMPRESSED   0x00000018   Data   RW           93    .data               network.o
    0x2000036c   COMPRESSED   0x00000114   Data   RW           94    .data               network.o
    0x20000480   COMPRESSED   0x0000001c   Data   RW           95    .data               network.o
    0x2000049c   COMPRESSED   0x0000001c   Data   RW           96    .data               network.o
    0x200004b8   COMPRESSED   0x0000001c   Data   RW           97    .data               network.o
    0x200004d4   COMPRESSED   0x0000001c   Data   RW           98    .data               network.o
    0x200004f0   COMPRESSED   0x0000001c   Data   RW           99    .data               network.o
    0x2000050c   COMPRESSED   0x0000001c   Data   RW          100    .data               network.o
    0x20000528   COMPRESSED   0x0000001c   Data   RW          101    .data               network.o
    0x20000544   COMPRESSED   0x0000001c   Data   RW          102    .data               network.o
    0x20000560   COMPRESSED   0x0000001c   Data   RW          103    .data               network.o
    0x2000057c   COMPRESSED   0x0000001c   Data   RW          104    .data               network.o
    0x20000598   COMPRESSED   0x0000001c   Data   RW          105    .data               network.o
    0x200005b4   COMPRESSED   0x0000001c   Data   RW          106    .data               network.o
    0x200005d0   COMPRESSED   0x0000001c   Data   RW          107    .data               network.o
    0x200005ec   COMPRESSED   0x00000020   Data   RW          108    .data               network.o
    0x2000060c   COMPRESSED   0x0000001c   Data   RW          109    .data               network.o
    0x20000628   COMPRESSED   0x00000020   Data   RW          110    .data               network.o
    0x20000648   COMPRESSED   0x0000001c   Data   RW          111    .data               network.o
    0x20000664   COMPRESSED   0x00000010   Data   RW          373    .data               network_data.o
    0x20000674   COMPRESSED   0x00000010   Data   RW          374    .data               network_data.o
    0x20000684   COMPRESSED   0x0000001c   Data   RW          375    .data               network_data.o
    0x200006a0   COMPRESSED   0x0000001c   Data   RW          376    .data               network_data.o
    0x200006bc   COMPRESSED   0x00000020   Data   RW          450    .data               app_x-cube-ai.o
    0x200006dc   COMPRESSED   0x0000000c   Data   RW         1858    .data               stm32f4xx_hal.o
    0x200006e8   COMPRESSED   0x00000004   Data   RW         2492    .data               system_stm32f4xx.o
    0x200006ec   COMPRESSED   0x00000004   Data   RW         4166    .data               mc_w.l(stdout.o)
    0x200006f0   COMPRESSED   0x00000004   Data   RW         4173    .data               mc_w.l(mvars.o)
    0x200006f4   COMPRESSED   0x00000004   Data   RW         4174    .data               mc_w.l(mvars.o)
    0x200006f8        -       0x0000001c   Zero   RW           23    .bss                network.o
    0x20000714        -       0x00000010   Zero   RW           24    .bss                network.o
    0x20000724        -       0x0000001c   Zero   RW           25    .bss                network.o
    0x20000740        -       0x00000010   Zero   RW           26    .bss                network.o
    0x20000750   COMPRESSED   0x00000010   PAD
    0x20000760        -       0x00000050   Zero   RW          448    .bss                app_x-cube-ai.o
    0x200007b0        -       0x00000048   Zero   RW          796    .bss                usart.o
    0x200007f8        -       0x00002000   Zero   RW            2    HEAP                startup_stm32f407xx.o
    0x200027f8        -       0x00004000   Zero   RW            1    STACK               startup_stm32f407xx.o


    Execution Region RW_IRAM2 (Exec base: 0x2001c000, Load base: 0x080047c8, Size: 0x00000000, Max: 0x00004000, ABSOLUTE)

    **** No section assigned to this execution region ****


==============================================================================

Image component sizes


      Code (inc. data)   RO Data    RW Data    ZI Data      Debug   Object Name

       732        310         88         32         80      82339   app_x-cube-ai.o
        28          6          0          0          0     653759   gpio.o
       216         40          0          0          0       3420   main.o
       500         32         40       1636         88      56242   network.o
        40          4        104         88          0      15285   network_data.o
         0          0        568          0          0      14718   network_data_params.o
        36          8        392          0      24576        836   startup_stm32f407xx.o
       144         24          0         12          0       8781   stm32f4xx_hal.o
       172         14          0          0          0      33154   stm32f4xx_hal_cortex.o
       496         46          0          0          0       1532   stm32f4xx_hal_gpio.o
        48          6          0          0          0        862   stm32f4xx_hal_msp.o
      1348         76          0          0          0       5240   stm32f4xx_hal_rcc.o
       896         10          0          0          0       5999   stm32f4xx_hal_uart.o
        20          0          0          0          0       4178   stm32f4xx_it.o
        16          4         24          4          0       1127   system_stm32f4xx.o
       188         26          0          0         72       2346   usart.o

    ----------------------------------------------------------------------
      4886        606       1276       1772      24832     889818   Object Totals
         0          0         32          0          0          0   (incl. Generated)
         6          0         28          0         16          0   (incl. Padding)

    ----------------------------------------------------------------------

      Code (inc. data)   RO Data    RW Data    ZI Data      Debug   Library Member Name

       326         54          0          0          0        244   ai_datatypes_format.o
        52          6          0          0          0        232   ai_datatypes_internal.o
       158          8          0          0          0        368   ai_platform.o
      2212         76        104          0          0       2764   ai_platform_interface.o
        42          0          0          0          0        348   core_common.o
       226          6          0          0          0        628   layers.o
       328          6          0          0          0        148   layers_conv2d_generic_float.o
       290         12          0          0          0        376   layers_nl_generic_float.o
      1336         28          0          0          0        860   lite_dense_if32.o
       172          4          0          0          0        116   lite_nl_relu_if32of32.o
       144          0          0          0          0        132   st_int8_fill.o
        56          8          0          0          0         84   __0sscanf.o
        86          0          0          0          0          0   __dczerorl2.o
       816          6          0          0          0        112   _scanf.o
        64          0          0          0          0         84   _sgetc.o
        40          6         64          0          0         68   ctype_c.o
         0          0          0          0          0          0   entry.o
         0          0          0          0          0          0   entry10a.o
         0          0          0          0          0          0   entry11a.o
         4          0          0          0          0          0   entry12b.o
         8          4          0          0          0          0   entry2.o
         4          0          0          0          0          0   entry5.o
         0          0          0          0          0          0   entry7b.o
         0          0          0          0          0          0   entry8b.o
         8          4          0          0          0          0   entry9a.o
        30          0          0          0          0          0   handlers.o
        36          8          0          0          0         68   init.o
        10          0          0          0          0         68   isspace_c.o
         0          0          0          0          0          0   iusefp.o
        30          0          0          0          0         68   llshl.o
        36          0          0          0          0         68   llsshr.o
        32          0          0          0          0         68   llushr.o
       160         20          0          0          0        172   mallocr.o
        26          0          0          0          0         80   memcmp.o
        36          0          0          0          0         68   memcpya.o
        36          0          0          0          0        108   memseta.o
         0          0          0          8          0          0   mvars.o
      2292         94          0          0          0        620   printfa.o
        40          8          0          0          0         84   scanf_char.o
       878         12          0          0          0        216   scanf_fp.o
         0          0          0          4          0          0   stdout.o
        14          0          0          0          0         68   strlen.o
        44          0          0          0          0         80   uidiv.o
        98          0          0          0          0         92   uldiv.o
        48          0          0          0          0         68   cdrcmple.o
        56          0          0          0          0         88   d2f.o
       334          0          0          0          0        148   dadd.o
       222          0          0          0          0        100   ddiv.o
       186          0          0          0          0        176   depilogue.o
        48          0          0          0          0         68   dfixul.o
        24          0          0          0          0         76   dfltul.o
       228          0          0          0          0         96   dmul.o
        38          0          0          0          0         68   f2d.o
       110          0          0          0          0        168   fepilogue.o

    ----------------------------------------------------------------------
     11478        370        168         12          0       9548   Library Totals
        14          0          0          0          0          0   (incl. Padding)

    ----------------------------------------------------------------------

      Code (inc. data)   RO Data    RW Data    ZI Data      Debug   Library Name

      5286        200        104          0          0       6216   NetworkRuntime910_CM4_Keil.lib
      4884        170         64         12          0       2276   mc_w.l
      1294          0          0          0          0       1056   mf_w.l

    ----------------------------------------------------------------------
     11478        370        168         12          0       9548   Library Totals

    ----------------------------------------------------------------------

==============================================================================


      Code (inc. data)   RO Data    RW Data    ZI Data      Debug   

     16364        976       1444       1784      24832     888582   Grand Totals
     16364        976       1444        568      24832     888582   ELF Image Totals (compressed)
     16364        976       1444        568          0          0   ROM Totals

==============================================================================

    Total RO  Size (Code + RO Data)                17808 (  17.39kB)
    Total RW  Size (RW Data + ZI Data)             26616 (  25.99kB)
    Total ROM Size (Code + RO Data + RW Data)      18376 (  17.95kB)

==============================================================================

