Component: Arm Compiler for Embedded 6.22 Tool: armlink [5ee90200]

==============================================================================

Section Cross References

    startup_stm32f479xx.o(STACK) refers (Special) to heapauxi.o(.text) for __use_two_region_memory
    startup_stm32f479xx.o(HEAP) refers (Special) to heapauxi.o(.text) for __use_two_region_memory
    startup_stm32f479xx.o(RESET) refers (Special) to heapauxi.o(.text) for __use_two_region_memory
    startup_stm32f479xx.o(RESET) refers to startup_stm32f479xx.o(STACK) for __initial_sp
    startup_stm32f479xx.o(RESET) refers to startup_stm32f479xx.o(.text) for Reset_Handler
    startup_stm32f479xx.o(RESET) refers to stm32f4xx_it.o(.text.NMI_Handler) for NMI_Handler
    startup_stm32f479xx.o(RESET) refers to stm32f4xx_it.o(.text.HardFault_Handler) for HardFault_Handler
    startup_stm32f479xx.o(RESET) refers to stm32f4xx_it.o(.text.MemManage_Handler) for MemManage_Handler
    startup_stm32f479xx.o(RESET) refers to stm32f4xx_it.o(.text.BusFault_Handler) for BusFault_Handler
    startup_stm32f479xx.o(RESET) refers to stm32f4xx_it.o(.text.UsageFault_Handler) for UsageFault_Handler
    startup_stm32f479xx.o(RESET) refers to stm32f4xx_it.o(.text.SVC_Handler) for SVC_Handler
    startup_stm32f479xx.o(RESET) refers to stm32f4xx_it.o(.text.DebugMon_Handler) for DebugMon_Handler
    startup_stm32f479xx.o(RESET) refers to stm32f4xx_it.o(.text.PendSV_Handler) for PendSV_Handler
    startup_stm32f479xx.o(RESET) refers to stm32f4xx_it.o(.text.SysTick_Handler) for SysTick_Handler
    startup_stm32f479xx.o(.text) refers (Special) to heapauxi.o(.text) for __use_two_region_memory
    startup_stm32f479xx.o(.text) refers to system_stm32f4xx.o(.text.SystemInit) for SystemInit
    startup_stm32f479xx.o(.text) refers to __main.o(!!!main) for __main
    startup_stm32f479xx.o(.text) refers to startup_stm32f479xx.o(HEAP) for Heap_Mem
    startup_stm32f479xx.o(.text) refers to startup_stm32f479xx.o(STACK) for Stack_Mem
    network.o(.text.ai_network_get_info) refers to ai_platform_interface.o(i.ai_platform_context_acquire) for ai_platform_context_acquire
    network.o(.text.ai_network_get_info) refers to network.o(.rodata.str1.1) for .L.str
    network.o(.text.ai_network_get_info) refers to ai_platform_interface.o(i.ai_platform_runtime_get_revision) for ai_platform_runtime_get_revision
    network.o(.text.ai_network_get_info) refers to ai_platform_interface.o(i.ai_platform_runtime_get_version) for ai_platform_runtime_get_version
    network.o(.text.ai_network_get_info) refers to ai_platform_interface.o(i.ai_platform_api_get_version) for ai_platform_api_get_version
    network.o(.text.ai_network_get_info) refers to ai_platform_interface.o(i.ai_platform_interface_api_get_version) for ai_platform_interface_api_get_version
    network.o(.text.ai_network_get_info) refers to rt_memclr_w.o(.text) for __aeabi_memclr8
    network.o(.text.ai_network_get_info) refers to ai_platform_interface.o(i.ai_platform_api_get_network_report) for ai_platform_api_get_network_report
    network.o(.text.ai_network_get_info) refers to rt_memcpy_w.o(.text) for __aeabi_memcpy8
    network.o(.ARM.exidx.text.ai_network_get_info) refers to network.o(.text.ai_network_get_info) for [Anonymous Symbol]
    network.o(.text.ai_network_get_report) refers to ai_platform_interface.o(i.ai_platform_context_acquire) for ai_platform_context_acquire
    network.o(.text.ai_network_get_report) refers to network.o(.rodata.str1.1) for .L.str
    network.o(.text.ai_network_get_report) refers to ai_platform_interface.o(i.ai_platform_runtime_get_revision) for ai_platform_runtime_get_revision
    network.o(.text.ai_network_get_report) refers to ai_platform_interface.o(i.ai_platform_runtime_get_version) for ai_platform_runtime_get_version
    network.o(.text.ai_network_get_report) refers to ai_platform_interface.o(i.ai_platform_api_get_version) for ai_platform_api_get_version
    network.o(.text.ai_network_get_report) refers to ai_platform_interface.o(i.ai_platform_interface_api_get_version) for ai_platform_interface_api_get_version
    network.o(.text.ai_network_get_report) refers to rt_memclr_w.o(.text) for __aeabi_memclr8
    network.o(.text.ai_network_get_report) refers to ai_platform_interface.o(i.ai_platform_api_get_network_report) for ai_platform_api_get_network_report
    network.o(.text.ai_network_get_report) refers to rt_memcpy_w.o(.text) for __aeabi_memcpy8
    network.o(.ARM.exidx.text.ai_network_get_report) refers to network.o(.text.ai_network_get_report) for [Anonymous Symbol]
    network.o(.text.ai_network_get_error) refers to ai_platform_interface.o(i.ai_platform_network_get_error) for ai_platform_network_get_error
    network.o(.ARM.exidx.text.ai_network_get_error) refers to network.o(.text.ai_network_get_error) for [Anonymous Symbol]
    network.o(.text.ai_network_create) refers to network.o(.data.g_network) for g_network
[...]
    output_layer                             0x20000650   Data          28  network.o(.data.output_layer)
    [Anonymous Symbol]                       0x20000650   Section        0  network.o(.data.output_layer)
    output_output                            0x2000066c   Data          28  network.o(.data.output_output)
    [Anonymous Symbol]                       0x2000066c   Section        0  network.o(.data.output_output)
    output_weights                           0x20000688   Data          28  network.o(.data.output_weights)
    [Anonymous Symbol]                       0x20000688   Section        0  network.o(.data.output_weights)
    .bss                                     0x200006c0   Section       84  stdio_streams.o(.bss)
    .bss                                     0x20000714   Section       84  stdio_streams.o(.bss)
    .bss                                     0x20000768   Section       84  stdio_streams.o(.bss)
    .bss                                     0x200007bc   Section       96  libspace.o(.bss)
    .L_MergedGlobals                         0x2000081c   Data          28  app_x-cube-ai.o(.bss..L_MergedGlobals)
    [Anonymous Symbol]                       0x2000081c   Section        0  app_x-cube-ai.o(.bss..L_MergedGlobals)
    ai_input                                 0x20000828   Data           4  app_x-cube-ai.o(.bss..L_MergedGlobals)
    ai_output                                0x2000082c   Data           4  app_x-cube-ai.o(.bss..L_MergedGlobals)
    network                                  0x20000834   Data           4  app_x-cube-ai.o(.bss..L_MergedGlobals)
    .L_MergedGlobals.82                      0x20000838   Data           8  network.o(.bss..L_MergedGlobals.82)
    g_network_weights_map                    0x20000838   Data           4  network.o(.bss..L_MergedGlobals.82)
    [Anonymous Symbol]                       0x20000838   Section        0  network.o(.bss..L_MergedGlobals.82)
    g_network_activations_map                0x2000083c   Data           4  network.o(.bss..L_MergedGlobals.82)
    .compoundliteral.10                      0x20000840   Data          28  network.o(.bss..compoundliteral.10)
    [Anonymous Symbol]                       0x20000840   Section        0  network.o(.bss..compoundliteral.10)
    .compoundliteral.11                      0x2000085c   Data           8  network.o(.bss..compoundliteral.11)
    [Anonymous Symbol]                       0x2000085c   Section        0  network.o(.bss..compoundliteral.11)
    .compoundliteral.14                      0x20000864   Data          16  network.o(.bss..compoundliteral.14)
    [Anonymous Symbol]                       0x20000864   Section        0  network.o(.bss..compoundliteral.14)
    .compoundliteral.15                      0x20000874   Data          28  network.o(.bss..compoundliteral.15)
    [Anonymous Symbol]                       0x20000874   Section        0  network.o(.bss..compoundliteral.15)
    .compoundliteral.16                      0x20000890   Data           8  network.o(.bss..compoundliteral.16)
    [Anonymous Symbol]                       0x20000890   Section        0  network.o(.bss..compoundliteral.16)
    .compoundliteral.29                      0x20000898   Data           4  network.o(.bss..compoundliteral.29)
    [Anonymous Symbol]                       0x20000898   Section        0  network.o(.bss..compoundliteral.29)
    .compoundliteral.42                      0x2000089c   Data           4  network.o(.bss..compoundliteral.42)
    [Anonymous Symbol]                       0x2000089c   Section        0  network.o(.bss..compoundliteral.42)
    .compoundliteral.43                      0x200008a0   Data           4  network.o(.bss..compoundliteral.43)
    [Anonymous Symbol]                       0x200008a0   Section        0  network.o(.bss..compoundliteral.43)
    .compoundliteral.51                      0x200008a4   Data           4  network.o(.bss..compoundliteral.51)
    [Anonymous Symbol]                       0x200008a4   Section        0  network.o(.bss..compoundliteral.51)
    .compoundliteral.64                      0x200008a8   Data           4  network.o(.bss..compoundliteral.64)
    [Anonymous Symbol]                       0x200008a8   Section        0  network.o(.bss..compoundliteral.64)
    .compoundliteral.65                      0x200008ac   Data           4  network.o(.bss..compoundliteral.65)
    [Anonymous Symbol]                       0x200008ac   Section        0  network.o(.bss..compoundliteral.65)
    .compoundliteral.73                      0x200008b0   Data           4  network.o(.bss..compoundliteral.73)
    [Anonymous Symbol]                       0x200008b0   Section        0  network.o(.bss..compoundliteral.73)
    .compoundliteral.9                       0x200008b4   Data          16  network.o(.bss..compoundliteral.9)
    [Anonymous Symbol]                       0x200008b4   Section        0  network.o(.bss..compoundliteral.9)
    pool0                                    0x200008e0   Data          80  app_x-cube-ai.o(.bss.pool0)
    [Anonymous Symbol]                       0x200008e0   Section        0  app_x-cube-ai.o(.bss.pool0)
    Heap_Mem                                 0x20000938   Data       16384  startup_stm32f479xx.o(HEAP)
    HEAP                                     0x20000938   Section    16384  startup_stm32f479xx.o(HEAP)
    Stack_Mem                                0x20004938   Data       16384  startup_stm32f479xx.o(STACK)
    STACK                                    0x20004938   Section    16384  startup_stm32f479xx.o(STACK)
    __initial_sp                             0x20008938   Data           0  startup_stm32f479xx.o(STACK)

    Global Symbols

    Symbol Name                              Value     Ov Type        Size  Object(Section)

    BuildAttributes$$THM_ISAv4$E$P$D$K$B$S$7EM$VFPi3$EXTD16$VFPS$VFMA$PE$A:L22UL41UL21$X:L11$S22US41US21$IEEE1$IW$~IW$USESV6$~STKCKD$USESV7$~SHL$OTIME$ROPI$IEEEX$EBA8$UX$STANDARDLIB$REQ8$PRES8$EABIv2 0x00000000   Number         0  anon$$obj.o ABSOLUTE
    _printf_flags                            0x00000000   Number         0  printf_stubs.o ABSOLUTE
    _printf_return_value                     0x00000000   Number         0  printf_stubs.o ABSOLUTE
    _printf_sizespec                         0x00000000   Number         0  printf_stubs.o ABSOLUTE
    _printf_widthprec                        0x00000000   Number         0  printf_stubs.o ABSOLUTE
    __ARM_exceptions_init                     - Undefined Weak Reference
    __alloca_initialize                       - Undefined Weak Reference
    __arm_preinit_                            - Undefined Weak Reference
    __arm_relocate_pie_                       - Undefined Weak Reference
    __cpp_initialize__aeabi_                  - Undefined Weak Reference
    __cxa_finalize                            - Undefined Weak Reference
    __rt_locale                               - Undefined Weak Reference
    __sigvec_lookup                           - Undefined Weak Reference
    __user_heap_extent                        - Undefined Weak Reference
    _atexit_init                              - Undefined Weak Reference
    _call_atexit_fns                          - Undefined Weak Reference
    _clock_init                               - Undefined Weak Reference
    _fp_trap_init                             - Undefined Weak Reference
    _fp_trap_shutdown                         - Undefined Weak Reference
    _get_lc_collate                           - Undefined Weak Reference
    _get_lc_ctype                             - Undefined Weak Reference
    _get_lc_monetary                          - Undefined Weak Reference
    _get_lc_numeric                           - Undefined Weak Reference
    _get_lc_time                              - Undefined Weak Reference
    _getenv_init                              - Undefined Weak Reference
    _handle_redirection                       - Undefined Weak Reference
    _mutex_acquire                            - Undefined Weak Reference
    _mutex_free                               - Undefined Weak Reference
    _mutex_release                            - Undefined Weak Reference
    _printf_mbtowc                            - Undefined Weak Reference
    _printf_truncate_unsigned                 - Undefined Weak Reference
    _rand_init                                - Undefined Weak Reference
    _signal_finish                            - Undefined Weak Reference
    _signal_init                              - Undefined Weak Reference
    __Vectors_Size                           0x000001b4   Number         0  startup_stm32f479xx.o ABSOLUTE
    __Vectors                                0x08000000   Data           4  startup_stm32f479xx.o(RESET)
    __Vectors_End                            0x080001b4   Data           0  startup_stm32f479xx.o(RESET)
    __main                                   0x080001b5   Thumb Code     8  __main.o(!!!main)
    __scatterload                            0x080001bd   Thumb Code     0  __scatter.o(!!!scatter)
    __scatterload_rt2                        0x080001bd   Thumb Code    84  __scatter.o(!!!scatter)
    __scatterload_rt2_thumb_only             0x080001bd   Thumb Code     0  __scatter.o(!!!scatter)
    __scatterload_loop                       0x080001c7   Thumb Code     0  __scatter.o(!!!scatter)
    __decompress                             0x08000219   Thumb Code    90  __dczerorl2.o(!!dczerorl2)
    __decompress1                            0x08000219   Thumb Code     0  __dczerorl2.o(!!dczerorl2)
    __scatterload_null                       0x08000275   Thumb Code     2  __scatter.o(!!handler_null)
    __scatterload_zeroinit                   0x08000279   Thumb Code    28  __scatter_zi.o(!!handler_zi)
    _printf_percent                          0x08000295   Thumb Code     0  _printf_percent.o(.ARM.Collect$$_printf_percent$$00000000)
    _printf_x                                0x08000295   Thumb Code     0  _printf_x.o(.ARM.Collect$$_printf_percent$$0000000C)
    _printf_s                                0x0800029b   Thumb Code     0  _printf_s.o(.ARM.Collect$$_printf_percent$$00000014)
    _printf_percent_end                      0x080002a1   Thumb Code     0  _printf_percent_end.o(.ARM.Collect$$_printf_percent$$00000017)
    __rt_lib_init                            0x080002a5   Thumb Code     0  libinit.o(.ARM.Collect$$libinit$$00000000)
    __rt_lib_init_fp_1                       0x080002a7   Thumb Code     0  libinit2.o(.ARM.Collect$$libinit$$00000001)
    __rt_lib_init_heap_2                     0x080002ab   Thumb Code     0  libinit2.o(.ARM.Collect$$libinit$$00000007)
    __rt_lib_init_preinit_1                  0x080002ab   Thumb Code     0  libinit2.o(.ARM.Collect$$libinit$$00000006)
    __rt_lib_init_relocate_pie_1             0x080002ab   Thumb Code     0  libinit2.o(.ARM.Collect$$libinit$$00000004)
    __rt_lib_init_atexit_1                   0x080002b3   Thumb Code     0  libinit2.o(.ARM.Collect$$libinit$$0000001D)
    __rt_lib_init_clock_1                    0x080002b3   Thumb Code     0  libinit2.o(.ARM.Collect$$libinit$$00000023)
    __rt_lib_init_fp_trap_1                  0x080002b3   Thumb Code     0  libinit2.o(.ARM.Collect$$libinit$$00000021)
    __rt_lib_init_getenv_1                   0x080002b3   Thumb Code     0  libinit2.o(.ARM.Collect$$libinit$$00000025)
    __rt_lib_init_heap_1                     0x080002b3   Thumb Code     0  libinit2.o(.ARM.Collect$$libinit$$0000000C)
    __rt_lib_init_lc_collate_1               0x080002b3   Thumb Code     0  libinit2.o(.ARM.Collect$$libinit$$00000013)
    __rt_lib_init_lc_ctype_1                 0x080002b3   Thumb Code     0  libinit2.o(.ARM.Collect$$libinit$$00000015)
    __rt_lib_init_lc_monetary_1              0x080002b3   Thumb Code     0  libinit2.o(.ARM.Collect$$libinit$$00000017)
    __rt_lib_init_lc_numeric_1               0x080002b3   Thumb Code     0  libinit2.o(.ARM.Collect$$libinit$$00000019)
    __rt_lib_init_lc_time_1                  0x080002b3   Thumb Code     0  libinit2.o(.ARM.Collect$$libinit$$0000001B)
    __rt_lib_init_rand_1                     0x080002b3   Thumb Code     0  libinit2.o(.ARM.Collect$$libinit$$00000010)
    __rt_lib_init_signal_1                   0x080002b3   Thumb Code     0  libinit2.o(.ARM.Collect$$libinit$$0000001F)
    __rt_lib_init_stdio_2                    0x080002b3   Thumb Code     0  libinit2.o(.ARM.Collect$$libinit$$00000026)
    __rt_lib_init_user_alloc_1               0x080002b3   Thumb Code     0  libinit2.o(.ARM.Collect$$libinit$$0000000E)
    __rt_lib_init_alloca_1                   0x080002b7   Thumb Code     0  libinit2.o(.ARM.Collect$$libinit$$00000030)
    __rt_lib_init_argv_1                     0x080002b7   Thumb Code     0  libinit2.o(.ARM.Collect$$libinit$$0000002E)
    __rt_lib_init_cpp_1                      0x080002b7   Thumb Code     0  libinit2.o(.ARM.Collect$$libinit$$00000034)
    __rt_lib_init_exceptions_1               0x080002b7   Thumb Code     0  libinit2.o(.ARM.Collect$$libinit$$00000032)
    __rt_lib_init_return                     0x080002b7   Thumb Code     0  libinit2.o(.ARM.Collect$$libinit$$00000035)
    __rt_lib_init_stdio_1                    0x080002b7   Thumb Code     0  libinit2.o(.ARM.Collect$$libinit$$00000027)
    __rt_lib_shutdown                        0x080002b9   Thumb Code     0  libshutdown.o(.ARM.Collect$$libshutdown$$00000000)
    __rt_lib_shutdown_cpp_1                  0x080002bb   Thumb Code     0  libshutdown2.o(.ARM.Collect$$libshutdown$$00000002)
    __rt_lib_shutdown_stdio_2                0x080002bb   Thumb Code     0  libshutdown2.o(.ARM.Collect$$libshutdown$$00000003)
    __rt_lib_shutdown_fp_trap_1              0x080002bf   Thumb Code     0  libshutdown2.o(.ARM.Collect$$libshutdown$$00000007)
    __rt_lib_shutdown_heap_1                 0x080002bf   Thumb Code     0  libshutdown2.o(.ARM.Collect$$libshutdown$$0000000F)
    __rt_lib_shutdown_return                 0x080002bf   Thumb Code     0  libshutdown2.o(.ARM.Collect$$libshutdown$$00000010)
    __rt_lib_shutdown_signal_1               0x080002bf   Thumb Code     0  libshutdown2.o(.ARM.Collect$$libshutdown$$0000000A)
    __rt_lib_shutdown_stdio_1                0x080002bf   Thumb Code     0  libshutdown2.o(.ARM.Collect$$libshutdown$$00000004)
    __rt_lib_shutdown_user_alloc_1           0x080002bf   Thumb Code     0  libshutdown2.o(.ARM.Collect$$libshutdown$$0000000C)
    __rt_entry                               0x080002c1   Thumb Code     0  __rtentry.o(.ARM.Collect$$rtentry$$00000000)
    __rt_entry_presh_1                       0x080002c1   Thumb Code     0  __rtentry2.o(.ARM.Collect$$rtentry$$00000002)
    __rt_entry_sh                            0x080002c1   Thumb Code     0  __rtentry4.o(.ARM.Collect$$rtentry$$00000004)
    __rt_entry_li                            0x080002c7   Thumb Code     0  __rtentry2.o(.ARM.Collect$$rtentry$$0000000A)
    __rt_entry_postsh_1                      0x080002c7   Thumb Code     0  __rtentry2.o(.ARM.Collect$$rtentry$$00000009)
    __rt_entry_main                          0x080002cb   Thumb Code     0  __rtentry2.o(.ARM.Collect$$rtentry$$0000000D)
    __rt_entry_postli_1                      0x080002cb   Thumb Code     0  __rtentry2.o(.ARM.Collect$$rtentry$$0000000C)
    __rt_exit                                0x080002d3   Thumb Code     0  rtexit.o(.ARM.Collect$$rtexit$$00000000)
    __rt_exit_ls                             0x080002d5   Thumb Code     0  rtexit2.o(.ARM.Collect$$rtexit$$00000003)
    __rt_exit_prels_1                        0x080002d5   Thumb Code     0  rtexit2.o(.ARM.Collect$$rtexit$$00000002)
    __rt_exit_exit                           0x080002d9   Thumb Code     0  rtexit2.o(.ARM.Collect$$rtexit$$00000004)
    Reset_Handler                            0x080002e1   Thumb Code     8  startup_stm32f479xx.o(.text)
    ADC_IRQHandler                           0x080002fb   Thumb Code     0  startup_stm32f479xx.o(.text)
    CAN1_RX0_IRQHandler                      0x080002fb   Thumb Code     0  startup_stm32f479xx.o(.text)
    CAN1_RX1_IRQHandler                      0x080002fb   Thumb Code     0  startup_stm32f479xx.o(.text)
    CAN1_SCE_IRQHandler                      0x080002fb   Thumb Code     0  startup_stm32f479xx.o(.text)
    CAN1_TX_IRQHandler                       0x080002fb   Thumb Code     0  startup_stm32f479xx.o(.text)
    CAN2_RX0_IRQHandler                      0x080002fb   Thumb Code     0  startup_stm32f479xx.o(.text)
    CAN2_RX1_IRQHandler                      0x080002fb   Thumb Code     0  startup_stm32f479xx.o(.text)
    CAN2_SCE_IRQHandler                      0x080002fb   Thumb Code     0  startup_stm32f479xx.o(.text)
    CAN2_TX_IRQHandler                       0x080002fb   Thumb Code     0  startup_stm32f479xx.o(.text)
    CRYP_IRQHandler                          0x080002fb   Thumb Code     0  startup_stm32f479xx.o(.text)
    DCMI_IRQHandler                          0x080002fb   Thumb Code     0  startup_stm32f479xx.o(.text)
    DMA1_Stream0_IRQHandler                  0x080002fb   Thumb Code     0  startup_stm32f479xx.o(.text)
    DMA1_Stream1_IRQHandler                  0x080002fb   Thumb Code     0  startup_stm32f479xx.o(.text)
    DMA1_Stream2_IRQHandler                  0x080002fb   Thumb Code     0  startup_stm32f479xx.o(.text)
    DMA1_Stream3_IRQHandler                  0x080002fb   Thumb Code     0  startup_stm32f479xx.o(.text)
    DMA1_Stream4_IRQHandler                  0x080002fb   Thumb Code     0  startup_stm32f479xx.o(.text)
    DMA1_Stream5_IRQHandler                  0x080002fb   Thumb Code     0  startup_stm32f479xx.o(.text)
    DMA1_Stream6_IRQHandler                  0x080002fb   Thumb Code     0  startup_stm32f479xx.o(.text)
    DMA1_Stream7_IRQHandler                  0x080002fb   Thumb Code     0  startup_stm32f479xx.o(.text)
    DMA2D_IRQHandler                         0x080002fb   Thumb Code     0  startup_stm32f479xx.o(.text)
    DMA2_Stream0_IRQHandler                  0x080002fb   Thumb Code     0  startup_stm32f479xx.o(.text)
    DMA2_Stream1_IRQHandler                  0x080002fb   Thumb Code     0  startup_stm32f479xx.o(.text)
    DMA2_Stream2_IRQHandler                  0x080002fb   Thumb Code     0  startup_stm32f479xx.o(.text)
    DMA2_Stream3_IRQHandler                  0x080002fb   Thumb Code     0  startup_stm32f479xx.o(.text)
    DMA2_Stream4_IRQHandler                  0x080002fb   Thumb Code     0  startup_stm32f479xx.o(.text)
    DMA2_Stream5_IRQHandler                  0x080002fb   Thumb Code     0  startup_stm32f479xx.o(.text)
    DMA2_Stream6_IRQHandler                  0x080002fb   Thumb Code     0  startup_stm32f479xx.o(.text)
    DMA2_Stream7_IRQHandler                  0x080002fb   Thumb Code     0  startup_stm32f479xx.o(.text)
    DSI_IRQHandler                           0x080002fb   Thumb Code     0  startup_stm32f479xx.o(.text)
    ETH_IRQHandler                           0x080002fb   Thumb Code     0  startup_stm32f479xx.o(.text)
    ETH_WKUP_IRQHandler                      0x080002fb   Thumb Code     0  startup_stm32f479xx.o(.text)
    EXTI0_IRQHandler                         0x080002fb   Thumb Code     0  startup_stm32f479xx.o(.text)
    EXTI15_10_IRQHandler                     0x080002fb   Thumb Code     0  startup_stm32f479xx.o(.text)
    EXTI1_IRQHandler                         0x080002fb   Thumb Code     0  startup_stm32f479xx.o(.text)
    EXTI2_IRQHandler                         0x080002fb   Thumb Code     0  startup_stm32f479xx.o(.text)
    EXTI3_IRQHandler                         0x080002fb   Thumb Code     0  startup_stm32f479xx.o(.text)
    EXTI4_IRQHandler                         0x080002fb   Thumb Code     0  startup_stm32f479xx.o(.text)
    EXTI9_5_IRQHandler                       0x080002fb   Thumb Code     0  startup_stm32f479xx.o(.text)
    FLASH_IRQHandler                         0x080002fb   Thumb Code     0  startup_stm32f479xx.o(.text)
    FMC_IRQHandler                           0x080002fb   Thumb Code     0  startup_stm32f479xx.o(.text)
    FPU_IRQHandler                           0x080002fb   Thumb Code     0  startup_stm32f479xx.o(.text)
    HASH_RNG_IRQHandler                      0x080002fb   Thumb Code     0  startup_stm32f479xx.o(.text)
    I2C1_ER_IRQHandler                       0x080002fb   Thumb Code     0  startup_stm32f479xx.o(.text)
    I2C1_EV_IRQHandler                       0x080002fb   Thumb Code     0  startup_stm32f479xx.o(.text)
    I2C2_ER_IRQHandler                       0x080002fb   Thumb Code     0  startup_stm32f479xx.o(.text)
    I2C2_EV_IRQHandler                       0x080002fb   Thumb Code     0  startup_stm32f479xx.o(.text)
    I2C3_ER_IRQHandler                       0x080002fb   Thumb Code     0  startup_stm32f479xx.o(.text)
    I2C3_EV_IRQHandler                       0x080002fb   Thumb Code     0  startup_stm32f479xx.o(.text)
    LTDC_ER_IRQHandler                       0x080002fb   Thumb Code     0  startup_stm32f479xx.o(.text)
    LTDC_IRQHandler                          0x080002fb   Thumb Code     0  startup_stm32f479xx.o(.text)
    OTG_FS_IRQHandler                        0x080002fb   Thumb Code     0  startup_stm32f479xx.o(.text)
    OTG_FS_WKUP_IRQHandler                   0x080002fb   Thumb Code     0  startup_stm32f479xx.o(.text)
    OTG_HS_EP1_IN_IRQHandler                 0x080002fb   Thumb Code     0  startup_stm32f479xx.o(.text)
    OTG_HS_EP1_OUT_IRQHandler                0x080002fb   Thumb Code     0  startup_stm32f479xx.o(.text)
    OTG_HS_IRQHandler                        0x080002fb   Thumb Code     0  startup_stm32f479xx.o(.text)
    OTG_HS_WKUP_IRQHandler                   0x080002fb   Thumb Code     0  startup_stm32f479xx.o(.text)
    PVD_IRQHandler                           0x080002fb   Thumb Code     0  startup_stm32f479xx.o(.text)
    QUADSPI_IRQHandler                       0x080002fb   Thumb Code     0  startup_stm32f479xx.o(.text)
    RCC_IRQHandler                           0x080002fb   Thumb Code     0  startup_stm32f479xx.o(.text)
    RTC_Alarm_IRQHandler                     0x080002fb   Thumb Code     0  startup_stm32f479xx.o(.text)
    RTC_WKUP_IRQHandler                      0x080002fb   Thumb Code     0  startup_stm32f479xx.o(.text)
    SAI1_IRQHandler                          0x080002fb   Thumb Code     0  startup_stm32f479xx.o(.text)
    SDIO_IRQHandler                          0x080002fb   Thumb Code     0  startup_stm32f479xx.o(.text)
    SPI1_IRQHandler                          0x080002fb   Thumb Code     0  startup_stm32f479xx.o(.text)
    SPI2_IRQHandler                          0x080002fb   Thumb Code     0  startup_stm32f479xx.o(.text)
    SPI3_IRQHandler                          0x080002fb   Thumb Code     0  startup_stm32f479xx.o(.text)
    SPI4_IRQHandler                          0x080002fb   Thumb Code     0  startup_stm32f479xx.o(.text)
    SPI5_IRQHandler                          0x080002fb   Thumb Code     0  startup_stm32f479xx.o(.text)
    SPI6_IRQHandler                          0x080002fb   Thumb Code     0  startup_stm32f479xx.o(.text)
    TAMP_STAMP_IRQHandler                    0x080002fb   Thumb Code     0  startup_stm32f479xx.o(.text)
    TIM1_BRK_TIM9_IRQHandler                 0x080002fb   Thumb Code     0  startup_stm32f479xx.o(.text)
    TIM1_CC_IRQHandler                       0x080002fb   Thumb Code     0  startup_stm32f479xx.o(.text)
    TIM1_TRG_COM_TIM11_IRQHandler            0x080002fb   Thumb Code     0  startup_stm32f479xx.o(.text)
    TIM1_UP_TIM10_IRQHandler                 0x080002fb   Thumb Code     0  startup_stm32f479xx.o(.text)
    TIM2_IRQHandler                          0x080002fb   Thumb Code     0  startup_stm32f479xx.o(.text)
    TIM3_IRQHandler                          0x080002fb   Thumb Code     0  startup_stm32f479xx.o(.text)
    TIM4_IRQHandler                          0x080002fb   Thumb Code     0  startup_stm32f479xx.o(.text)
    TIM5_IRQHandler                          0x080002fb   Thumb Code     0  startup_stm32f479xx.o(.text)
    TIM6_DAC_IRQHandler                      0x080002fb   Thumb Code     0  startup_stm32f479xx.o(.text)
    TIM7_IRQHandler                          0x080002fb   Thumb Code     0  startup_stm32f479xx.o(.text)
    TIM8_BRK_TIM12_IRQHandler                0x080002fb   Thumb Code     0  startup_stm32f479xx.o(.text)
    TIM8_CC_IRQHandler                       0x080002fb   Thumb Code     0  startup_stm32f479xx.o(.text)
    TIM8_TRG_COM_TIM14_IRQHandler            0x080002fb   Thumb Code     0  startup_stm32f479xx.o(.text)
    TIM8_UP_TIM13_IRQHandler                 0x080002fb   Thumb Code     0  startup_stm32f479xx.o(.text)
    UART4_IRQHandler                         0x080002fb   Thumb Code     0  startup_stm32f479xx.o(.text)
    UART5_IRQHandler                         0x080002fb   Thumb Code     0  startup_stm32f479xx.o(.text)
    UART7_IRQHandler                         0x080002fb   Thumb Code     0  startup_stm32f479xx.o(.text)
    UART8_IRQHandler                         0x080002fb   Thumb Code     0  startup_stm32f479xx.o(.text)
    USART1_IRQHandler                        0x080002fb   Thumb Code     0  startup_stm32f479xx.o(.text)
    USART2_IRQHandler                        0x080002fb   Thumb Code     0  startup_stm32f479xx.o(.text)
    USART3_IRQHandler                        0x080002fb   Thumb Code     0  startup_stm32f479xx.o(.text)
    USART6_IRQHandler                        0x080002fb   Thumb Code     0  startup_stm32f479xx.o(.text)
    WWDG_IRQHandler                          0x080002fb   Thumb Code     0  startup_stm32f479xx.o(.text)
    __user_initial_stackheap                 0x080002fd   Thumb Code     0  startup_stm32f479xx.o(.text)
    malloc                                   0x08000321   Thumb Code    94  h1_alloc.o(.text)
    free                                     0x0800037f   Thumb Code    78  h1_free.o(.text)
    __aeabi_uldivmod                         0x080003cd   Thumb Code     0  lludivv7m.o(.text)
    _ll_udiv                                 0x080003cd   Thumb Code   240  lludivv7m.o(.text)
    __2printf                                0x080004bd   Thumb Code    20  noretval__2printf.o(.text)
    _printf_pre_padding                      0x080004d5   Thumb Code    44  _printf_pad.o(.text)
    _printf_post_padding                     0x08000501   Thumb Code    34  _printf_pad.o(.text)
    _printf_str                              0x08000523   Thumb Code    82  _printf_str.o(.text)
    _printf_int_hex                          0x08000575   Thumb Code    84  _printf_hex_int.o(.text)
    _printf_longlong_hex                     0x08000575   Thumb Code     0  _printf_hex_int.o(.text)
    __printf                                 0x080005cd   Thumb Code   308  __printf_flags_wp.o(.text)
    puts                                     0x08000705   Thumb Code    40  puts.o(.text)
    memcmp                                   0x08000731   Thumb Code    88  memcmp.o(.text)
    __aeabi_memcpy4                          0x08000789   Thumb Code     0  rt_memcpy_w.o(.text)
    __aeabi_memcpy8                          0x08000789   Thumb Code     0  rt_memcpy_w.o(.text)
    __rt_memcpy_w                            0x08000789   Thumb Code   100  rt_memcpy_w.o(.text)
    _memcpy_lastbytes_aligned                0x080007d1   Thumb Code     0  rt_memcpy_w.o(.text)
    __aeabi_memclr4                          0x080007ed   Thumb Code     0  rt_memclr_w.o(.text)
    __aeabi_memclr8                          0x080007ed   Thumb Code     0  rt_memclr_w.o(.text)
    __rt_memclr_w                            0x080007ed   Thumb Code     0  rt_memclr_w.o(.text)
    _memset_w                                0x080007f1   Thumb Code    74  rt_memclr_w.o(.text)
    __use_two_region_memory                  0x0800083b   Thumb Code     2  heapauxi.o(.text)
    __rt_heap_escrow                         0x0800083d   Thumb Code     2  heapauxi.o(.text)
    __rt_heap_expand                         0x0800083f   Thumb Code     2  heapauxi.o(.text)
    __rt_heap_descriptor                     0x08000841   Thumb Code     8  rt_heap_descriptor_intlibspace.o(.text)
    __use_no_heap                            0x08000849   Thumb Code     2  hguard.o(.text)
    __heap$guard                             0x0800084b   Thumb Code     2  hguard.o(.text)
    _terminate_user_alloc                    0x0800084d   Thumb Code     2  init_alloc.o(.text)
    _init_user_alloc                         0x0800084f   Thumb Code     2  init_alloc.o(.text)
    __Heap_Full                              0x08000851   Thumb Code    34  init_alloc.o(.text)
    __Heap_Broken                            0x08000873   Thumb Code     6  init_alloc.o(.text)
    _init_alloc                              0x08000879   Thumb Code    94  init_alloc.o(.text)
    __Heap_Initialize                        0x080008d7   Thumb Code     8  h1_init.o(.text)
    __Heap_DescSize                          0x080008df   Thumb Code     4  h1_init.o(.text)
    _printf_int_common                       0x080008e3   Thumb Code   178  _printf_intcommon.o(.text)
    _printf_cs_common                        0x08000995   Thumb Code    20  _printf_char.o(.text)
    _printf_char                             0x080009a9   Thumb Code    16  _printf_char.o(.text)
    _printf_string                           0x080009b9   Thumb Code     8  _printf_char.o(.text)
    _printf_char_file                        0x080009c1   Thumb Code    32  _printf_char_file.o(.text)
    __user_libspace                          0x080009e5   Thumb Code     8  libspace.o(.text)
    __user_perproc_libspace                  0x080009e5   Thumb Code     0  libspace.o(.text)
    __user_perthread_libspace                0x080009e5   Thumb Code     0  libspace.o(.text)
    __aeabi_errno_addr                       0x080009ed   Thumb Code     8  rt_errno_addr_intlibspace.o(.text)
    __errno$intlibspace                      0x080009ed   Thumb Code     0  rt_errno_addr_intlibspace.o(.text)
    __rt_errno_addr$intlibspace              0x080009ed   Thumb Code     0  rt_errno_addr_intlibspace.o(.text)
    __Heap_ProvideMemory                     0x080009f5   Thumb Code    52  h1_extend.o(.text)
    _maybe_terminate_alloc                   0x080009f5   Thumb Code     0  maybetermalloc1.o(.text)
    _printf_char_common                      0x08000a33   Thumb Code    32  _printf_char_common.o(.text)
    ferror                                   0x08000a59   Thumb Code     8  ferror.o(.text)
    __flsbuf                                 0x08000a61   Thumb Code   482  flsbuf.o(.text)
    __flsbuf_byte                            0x08000a61   Thumb Code     0  flsbuf.o(.text)
    __flsbuf_wide                            0x08000a61   Thumb Code     0  flsbuf.o(.text)
    _initio                                  0x08000c45   Thumb Code   210  initio.o(.text)
    _terminateio                             0x08000d17   Thumb Code    56  initio.o(.text)
    __rt_SIGRTMEM                            0x08000d7d   Thumb Code    14  defsig_rtmem_outer.o(.text)
    _sys_open                                0x08000d8b   Thumb Code    20  sys_io.o(.text)
    _sys_close                               0x08000d9f   Thumb Code    12  sys_io.o(.text)
    _sys_write                               0x08000dab   Thumb Code    16  sys_io.o(.text)
    _sys_read                                0x08000dbb   Thumb Code    14  sys_io.o(.text)
    _sys_istty                               0x08000dc9   Thumb Code    12  sys_io.o(.text)
    _sys_seek                                0x08000dd5   Thumb Code    14  sys_io.o(.text)
    _sys_ensure                              0x08000de3   Thumb Code     2  sys_io.o(.text)
    _sys_flen                                0x08000de5   Thumb Code    12  sys_io.o(.text)
    __I$use$semihosting                      0x08000df1   Thumb Code     0  use_no_semi.o(.text)
    __use_no_semihosting_swi                 0x08000df1   Thumb Code     2  use_no_semi.o(.text)
    __semihosting_library_function           0x08000df3   Thumb Code     0  indicate_semi.o(.text)
    __user_setup_stackheap                   0x08000df3   Thumb Code    74  sys_stackheap_outer.o(.text)
    setvbuf                                  0x08000e3d   Thumb Code    70  setvbuf.o(.text)
    _seterr                                  0x08000e85   Thumb Code    20  stdio.o(.text)
    _writebuf                                0x08000e99   Thumb Code   108  stdio.o(.text)
    _fflush                                  0x08000f05   Thumb Code    70  stdio.o(.text)
    _deferredlazyseek                        0x08000f4b   Thumb Code    60  stdio.o(.text)
    freopen                                  0x08000f8d   Thumb Code   160  fopen.o(.text)
    fopen                                    0x0800102d   Thumb Code    74  fopen.o(.text)
    _fclose_internal                         0x0800107d   Thumb Code    76  fclose.o(.text)
    fclose                                   0x0800107d   Thumb Code     0  fclose.o(.text)
    exit                                     0x080010c9   Thumb Code    18  exit.o(.text)
    __sig_exit                               0x080010db   Thumb Code    10  defsig_exit.o(.text)
    __rt_SIGRTRED                            0x080010e5   Thumb Code    14  defsig_rtred_outer.o(.text)
    __rt_SIGRTMEM_inner                      0x080010f5   Thumb Code    22  defsig_rtmem_inner.o(.text)
    _sys_exit                                0x08001145   Thumb Code     8  sys_exit.o(.text)
    _fseek                                   0x08001151   Thumb Code   242  fseek.o(.text)
    fseek                                    0x08001151   Thumb Code     0  fseek.o(.text)
    __default_signal_display                 0x08001249   Thumb Code    50  defsig_general.o(.text)
    __rt_SIGRTRED_inner                      0x0800127d   Thumb Code    14  defsig_rtred_inner.o(.text)
    strlen                                   0x080012b1   Thumb Code    62  strlen.o(.text)
    _ttywrch                                 0x080012ef   Thumb Code    14  sys_wrch.o(.text)
    _ftell_internal                          0x080012fd   Thumb Code    66  ftell.o(.text)
    ftell                                    0x080012fd   Thumb Code     0  ftell.o(.text)
    BusFault_Handler                         0x08001341   Thumb Code     2  stm32f4xx_it.o(.text.BusFault_Handler)
    DebugMon_Handler                         0x08001345   Thumb Code     2  stm32f4xx_it.o(.text.DebugMon_Handler)
    HAL_GetTick                              0x08001349   Thumb Code    12  stm32f4xx_hal.o(.text.HAL_GetTick)
    HAL_IncTick                              0x08001355   Thumb Code    26  stm32f4xx_hal.o(.text.HAL_IncTick)
    HAL_Init                                 0x08001371   Thumb Code    54  stm32f4xx_hal.o(.text.HAL_Init)
    HAL_InitTick                             0x080013a9   Thumb Code    72  stm32f4xx_hal.o(.text.HAL_InitTick)
    HAL_MspInit                              0x080013f1   Thumb Code    56  stm32f4xx_hal_msp.o(.text.HAL_MspInit)
    HAL_NVIC_SetPriority                     0x08001429   Thumb Code    86  stm32f4xx_hal_cortex.o(.text.HAL_NVIC_SetPriority)
    HAL_NVIC_SetPriorityGrouping             0x08001481   Thumb Code    32  stm32f4xx_hal_cortex.o(.text.HAL_NVIC_SetPriorityGrouping)
    HAL_PWREx_EnableOverDrive                0x080014a1   Thumb Code   122  stm32f4xx_hal_pwr_ex.o(.text.HAL_PWREx_EnableOverDrive)
    HAL_RCC_ClockConfig                      0x0800151d   Thumb Code   356  stm32f4xx_hal_rcc.o(.text.HAL_RCC_ClockConfig)
    HAL_RCC_GetSysClockFreq                  0x08001681   Thumb Code   106  stm32f4xx_hal_rcc.o(.text.HAL_RCC_GetSysClockFreq)
    HAL_RCC_OscConfig                        0x080016ed   Thumb Code   964  stm32f4xx_hal_rcc_ex.o(.text.HAL_RCC_OscConfig)
    HAL_SYSTICK_Config                       0x08001ab1   Thumb Code    44  stm32f4xx_hal_cortex.o(.text.HAL_SYSTICK_Config)
    HardFault_Handler                        0x08001add   Thumb Code     2  stm32f4xx_it.o(.text.HardFault_Handler)
    MX_GPIO_Init                             0x08001ae1   Thumb Code    36  gpio.o(.text.MX_GPIO_Init)
    MX_X_CUBE_AI_Init                        0x08001b05   Thumb Code    88  app_x-cube-ai.o(.text.MX_X_CUBE_AI_Init)
    MX_X_CUBE_AI_Process                     0x08001b79   Thumb Code   188  app_x-cube-ai.o(.text.MX_X_CUBE_AI_Process)
    MemManage_Handler                        0x08001c61   Thumb Code     2  stm32f4xx_it.o(.text.MemManage_Handler)
    NMI_Handler                              0x08001c65   Thumb Code     2  stm32f4xx_it.o(.text.NMI_Handler)
    PendSV_Handler                           0x08001c69   Thumb Code     2  stm32f4xx_it.o(.text.PendSV_Handler)
    SVC_Handler                              0x08001c6d   Thumb Code     2  stm32f4xx_it.o(.text.SVC_Handler)
    SysTick_Handler                          0x08001c71   Thumb Code     4  stm32f4xx_it.o(.text.SysTick_Handler)
    SystemClock_Config                       0x08001c75   Thumb Code   184  main.o(.text.SystemClock_Config)
    SystemInit                               0x08001d2d   Thumb Code    18  system_stm32f4xx.o(.text.SystemInit)
    UsageFault_Handler                       0x08001d41   Thumb Code     2  stm32f4xx_it.o(.text.UsageFault_Handler)
    ai_network_create_and_init               0x08001d45   Thumb Code   164  network.o(.text.ai_network_create_and_init)
    ai_network_data_params_get               0x08001de9   Thumb Code    56  network_data.o(.text.ai_network_data_params_get)
    ai_network_get_error                     0x08001e21   Thumb Code     4  network.o(.text.ai_network_get_error)
    ai_network_init                          0x08001e25   Thumb Code   254  network.o(.text.ai_network_init)
    ai_network_inputs_get                    0x08001f25   Thumb Code    30  network.o(.text.ai_network_inputs_get)
    ai_network_outputs_get                   0x08001f45   Thumb Code    30  network.o(.text.ai_network_outputs_get)
    ai_network_run                           0x08001f65   Thumb Code     4  network.o(.text.ai_network_run)
    main                                     0x08001f69   Thumb Code    22  main.o(.text.main)
    _is_digit                                0x080021e1   Thumb Code    14  __printf_wp.o(i._is_digit)
    ai_array_get_data_byte_size              0x0800282b   Thumb Code    30  ai_datatypes_format.o(i.ai_array_get_data_byte_size)
    ai_array_to_buffer_fmt                   0x08002849   Thumb Code   242  ai_datatypes_format.o(i.ai_array_to_buffer_fmt)
    ai_buffer_array_item_set_address         0x08002971   Thumb Code    36  ai_platform.o(i.ai_buffer_array_item_set_address)
    ai_buffer_array_sane                     0x08002995   Thumb Code    18  ai_platform.o(i.ai_buffer_array_sane)
    ai_buffer_get_size                       0x080029a9   Thumb Code    96  ai_platform.o(i.ai_buffer_get_size)
    ai_check_custom_types                    0x08002a11   Thumb Code    38  layers.o(i.ai_check_custom_types)
    ai_layers_forward_all                    0x08002a3d   Thumb Code    80  layers.o(i.ai_layers_forward_all)
    ai_layers_init_all                       0x08002a8d   Thumb Code    30  layers.o(i.ai_layers_init_all)
    ai_layers_post_init_all                  0x08002aab   Thumb Code    54  layers.o(i.ai_layers_post_init_all)
    ai_platform_bind_network_params          0x08002ae1   Thumb Code    38  ai_platform_interface.o(i.ai_platform_bind_network_params)
    ai_platform_context_acquire              0x08002b0d   Thumb Code    14  ai_platform_interface.o(i.ai_platform_context_acquire)
    ai_platform_get_activations_map          0x08002b21   Thumb Code    38  ai_platform_interface.o(i.ai_platform_get_activations_map)
    ai_platform_get_weights_map              0x08002b4d   Thumb Code    36  ai_platform_interface.o(i.ai_platform_get_weights_map)
    ai_platform_inputs_get                   0x08002b75   Thumb Code    66  ai_platform_interface.o(i.ai_platform_inputs_get)
    ai_platform_network_create               0x08002bb9   Thumb Code   146  ai_platform_interface.o(i.ai_platform_network_create)
    ai_platform_network_get_error            0x08002c55   Thumb Code    24  ai_platform_interface.o(i.ai_platform_network_get_error)
    ai_platform_network_init                 0x08002c71   Thumb Code   262  ai_platform_interface.o(i.ai_platform_network_init)
    ai_platform_network_post_init            0x08002d89   Thumb Code    76  ai_platform_interface.o(i.ai_platform_network_post_init)
    ai_platform_network_process              0x08002dd9   Thumb Code    84  ai_platform_interface.o(i.ai_platform_network_process)
    ai_platform_network_set_error            0x08002e2d   Thumb Code    12  ai_platform_interface.o(i.ai_platform_network_set_error)
    ai_platform_outputs_get                  0x08002e39   Thumb Code    72  ai_platform_interface.o(i.ai_platform_outputs_get)
    ai_version_get                           0x08002e9b   Thumb Code    12  ai_datatypes_internal.o(i.ai_version_get)
    core_get_error                           0x08002ea7   Thumb Code    12  core_common.o(i.core_get_error)
    core_init                                0x08002eb3   Thumb Code     4  core_common.o(i.core_init)
    core_set_error                           0x08002eb7   Thumb Code    26  core_common.o(i.core_set_error)
    forward_dense                            0x08002ed1   Thumb Code   322  layers_conv2d_generic_float.o(i.forward_dense)
    forward_lite_dense_if32of32wf32          0x08003019   Thumb Code   148  lite_dense_if32.o(i.forward_lite_dense_if32of32wf32)
    forward_lite_dense_if32of32wf32_lut4     0x080030b1   Thumb Code   168  lite_dense_if32.o(i.forward_lite_dense_if32of32wf32_lut4)
    forward_lite_dense_if32of32wf32_lut8     0x0800315d   Thumb Code   168  lite_dense_if32.o(i.forward_lite_dense_if32of32wf32_lut8)
    forward_lite_nl_relu_generic_if32of32_kernel 0x08003209   Thumb Code   168  lite_nl_relu_if32of32.o(i.forward_lite_nl_relu_generic_if32of32_kernel)
    forward_relu                             0x080032b5   Thumb Code   202  layers_nl_generic_float.o(i.forward_relu)
    fputc                                    0x08003385   Thumb Code    28  fputc.o(i.fputc)
    get_tensor_byte_size                     0x080033a1   Thumb Code    34  ai_datatypes_internal.o(i.get_tensor_byte_size)
    st_int8_copy                             0x080033c9   Thumb Code   144  st_int8_fill.o(i.st_int8_copy)
    _fp_init                                 0x08003459   Thumb Code    26  fpinit.o(x$fpl$fpinit)
    __fplib_config_fpu_vfp                   0x08003471   Thumb Code     0  fpinit.o(x$fpl$fpinit)
    __fplib_config_pureend_doubles           0x08003471   Thumb Code     0  fpinit.o(x$fpl$fpinit)
    __stdin_name                             0x08003515   Data           4  sys_io_names.o(.constdata)
    __stdout_name                            0x08003519   Data           4  sys_io_names.o(.constdata)
    __stderr_name                            0x0800351d   Data           4  sys_io_names.o(.constdata)
    AHBPrescTable                            0x08003538   Data          16  system_stm32f4xx.o(.rodata.AHBPrescTable)
    s_network_weights_array_u64              0x08003580   Data         568  network_data_params.o(.rodata.s_network_weights_array_u64)
    Region$$Table$$Base                      0x080037ec   Number         0  anon$$obj.o(Region$$Table)
    Region$$Table$$Limit                     0x0800380c   Number         0  anon$$obj.o(Region$$Table)
    __aeabi_stdin                            0x20000000   Data           4  stdio_streams.o(.data)
    __aeabi_stdout                           0x20000004   Data           4  stdio_streams.o(.data)
    __aeabi_stderr                           0x20000008   Data           4  stdio_streams.o(.data)
    uwTickFreq                               0x2000007c   Data           1  stm32f4xx_hal.o(.data..L_MergedGlobals)
    uwTickPrio                               0x20000080   Data           4  stm32f4xx_hal.o(.data..L_MergedGlobals)
    SystemCoreClock                          0x20000434   Data           4  system_stm32f4xx.o(.data.SystemCoreClock)
    data_activations0                        0x20000590   Data           4  app_x-cube-ai.o(.data.data_activations0)
    g_network_data_map_activations           0x200005e0   Data          28  network_data.o(.data.g_network_data_map_activations)
    g_network_data_map_weights               0x200005fc   Data          28  network_data.o(.data.g_network_data_map_weights)
    __stdin                                  0x200006c0   Data          84  stdio_streams.o(.bss)
    __stdout                                 0x20000714   Data          84  stdio_streams.o(.bss)
    __stderr                                 0x20000768   Data          84  stdio_streams.o(.bss)
    __libspace_start                         0x200007bc   Data          96  libspace.o(.bss)
    __temporary_stack_top$libspace           0x2000081c   Data           0  libspace.o(.bss)
    data_ins                                 0x2000081c   Data           4  app_x-cube-ai.o(.bss..L_MergedGlobals)
    data_outs                                0x20000820   Data           4  app_x-cube-ai.o(.bss..L_MergedGlobals)
    input_data                               0x20000824   Data           4  app_x-cube-ai.o(.bss..L_MergedGlobals)
    output_data                              0x20000830   Data           4  app_x-cube-ai.o(.bss..L_MergedGlobals)
    uwTick                                   0x20000930   Data           4  stm32f4xx_hal.o(.bss.uwTick)



==============================================================================

Memory Map of the image

  Image Entry point : 0x080001b5

  Load Region LR_IROM1 (Base: 0x08000000, Size: 0x00003ee0, Max: 0x00200000, ABSOLUTE, COMPRESSED[0x00003a80])

    Execution Region ER_IROM1 (Exec base: 0x08000000, Load base: 0x08000000, Size: 0x0000380c, Max: 0x00200000, ABSOLUTE)

    Exec Addr    Load Addr    Size         Type   Attr      Idx    E Section Name        Object

    0x08000000   0x08000000   0x000001b4   Data   RO            3    RESET               startup_stm32f479xx.o
    0x080001b4   0x080001b4   0x00000008   Code   RO         1984  * !!!main             c_w.l(__main.o)
    0x080001bc   0x080001bc   0x0000005c   Code   RO         2460    !!!scatter          c_w.l(__scatter.o)
    0x08000218   0x08000218   0x0000005a   Code   RO         2458    !!dczerorl2         c_w.l(__dczerorl2.o)
    0x08000272   0x08000272   0x00000002   PAD
    0x08000274   0x08000274   0x00000002   Code   RO         2461    !!handler_null      c_w.l(__scatter.o)
    0x08000276   0x08000276   0x00000002   PAD
    0x08000278   0x08000278   0x0000001c   Code   RO         2464    !!handler_zi        c_w.l(__scatter_zi.o)
    0x08000294   0x08000294   0x00000000   Code   RO         1973    .ARM.Collect$$_printf_percent$$00000000  c_w.l(_printf_percent.o)
    0x08000294   0x08000294   0x00000006   Code   RO         1972    .ARM.Collect$$_printf_percent$$0000000C  c_w.l(_printf_x.o)
    0x0800029a   0x0800029a   0x00000006   Code   RO         1971    .ARM.Collect$$_printf_percent$$00000014  c_w.l(_printf_s.o)
    0x080002a0   0x080002a0   0x00000004   Code   RO         2149    .ARM.Collect$$_printf_percent$$00000017  c_w.l(_printf_percent_end.o)
    0x080002a4   0x080002a4   0x00000002   Code   RO         2377    .ARM.Collect$$libinit$$00000000  c_w.l(libinit.o)
    0x080002a6   0x080002a6   0x00000004   Code   RO         2164    .ARM.Collect$$libinit$$00000001  c_w.l(libinit2.o)
    0x080002aa   0x080002aa   0x00000000   Code   RO         2167    .ARM.Collect$$libinit$$00000004  c_w.l(libinit2.o)
    0x080002aa   0x080002aa   0x00000000   Code   RO         2169    .ARM.Collect$$libinit$$00000006  c_w.l(libinit2.o)
    0x080002aa   0x080002aa   0x00000008   Code   RO         2170    .ARM.Collect$$libinit$$00000007  c_w.l(libinit2.o)
    0x080002b2   0x080002b2   0x00000000   Code   RO         2172    .ARM.Collect$$libinit$$0000000C  c_w.l(libinit2.o)
    0x080002b2   0x080002b2   0x00000000   Code   RO         2174    .ARM.Collect$$libinit$$0000000E  c_w.l(libinit2.o)
    0x080002b2   0x080002b2   0x00000000   Code   RO         2176    .ARM.Collect$$libinit$$00000010  c_w.l(libinit2.o)
    0x080002b2   0x080002b2   0x00000000   Code   RO         2179    .ARM.Collect$$libinit$$00000013  c_w.l(libinit2.o)
    0x080002b2   0x080002b2   0x00000000   Code   RO         2181    .ARM.Collect$$libinit$$00000015  c_w.l(libinit2.o)
    0x080002b2   0x080002b2   0x00000000   Code   RO         2183    .ARM.Collect$$libinit$$00000017  c_w.l(libinit2.o)
    0x080002b2   0x080002b2   0x00000000   Code   RO         2185    .ARM.Collect$$libinit$$00000019  c_w.l(libinit2.o)
    0x080002b2   0x080002b2   0x00000000   Code   RO         2187    .ARM.Collect$$libinit$$0000001B  c_w.l(libinit2.o)
    0x080002b2   0x080002b2   0x00000000   Code   RO         2189    .ARM.Collect$$libinit$$0000001D  c_w.l(libinit2.o)
    0x080002b2   0x080002b2   0x00000000   Code   RO         2191    .ARM.Collect$$libinit$$0000001F  c_w.l(libinit2.o)
    0x080002b2   0x080002b2   0x00000000   Code   RO         2193    .ARM.Collect$$libinit$$00000021  c_w.l(libinit2.o)
    0x080002b2   0x080002b2   0x00000000   Code   RO         2195    .ARM.Collect$$libinit$$00000023  c_w.l(libinit2.o)
    0x080002b2   0x080002b2   0x00000000   Code   RO         2197    .ARM.Collect$$libinit$$00000025  c_w.l(libinit2.o)
    0x080002b2   0x080002b2   0x00000004   Code   RO         2198    .ARM.Collect$$libinit$$00000026  c_w.l(libinit2.o)
    0x080002b6   0x080002b6   0x00000000   Code   RO         2199    .ARM.Collect$$libinit$$00000027  c_w.l(libinit2.o)
    0x080002b6   0x080002b6   0x00000000   Code   RO         2203    .ARM.Collect$$libinit$$0000002E  c_w.l(libinit2.o)
    0x080002b6   0x080002b6   0x00000000   Code   RO         2205    .ARM.Collect$$libinit$$00000030  c_w.l(libinit2.o)
    0x080002b6   0x080002b6   0x00000000   Code   RO         2207    .ARM.Collect$$libinit$$00000032  c_w.l(libinit2.o)
    0x080002b6   0x080002b6   0x00000000   Code   RO         2209    .ARM.Collect$$libinit$$00000034  c_w.l(libinit2.o)
    0x080002b6   0x080002b6   0x00000002   Code   RO         2210    .ARM.Collect$$libinit$$00000035  c_w.l(libinit2.o)
    0x080002b8   0x080002b8   0x00000002   Code   RO         2455    .ARM.Collect$$libshutdown$$00000000  c_w.l(libshutdown.o)
    0x080002ba   0x080002ba   0x00000000   Code   RO         2379    .ARM.Collect$$libshutdown$$00000002  c_w.l(libshutdown2.o)
    0x080002ba   0x080002ba   0x00000004   Code   RO         2380    .ARM.Collect$$libshutdown$$00000003  c_w.l(libshutdown2.o)
    0x080002be   0x080002be   0x00000000   Code   RO         2381    .ARM.Collect$$libshutdown$$00000004  c_w.l(libshutdown2.o)
    0x080002be   0x080002be   0x00000000   Code   RO         2384    .ARM.Collect$$libshutdown$$00000007  c_w.l(libshutdown2.o)
    0x080002be   0x080002be   0x00000000   Code   RO         2387    .ARM.Collect$$libshutdown$$0000000A  c_w.l(libshutdown2.o)
    0x080002be   0x080002be   0x00000000   Code   RO         2389    .ARM.Collect$$libshutdown$$0000000C  c_w.l(libshutdown2.o)
    0x080002be   0x080002be   0x00000000   Code   RO         2392    .ARM.Collect$$libshutdown$$0000000F  c_w.l(libshutdown2.o)
    0x080002be   0x080002be   0x00000002   Code   RO         2393    .ARM.Collect$$libshutdown$$00000010  c_w.l(libshutdown2.o)
    0x080002c0   0x080002c0   0x00000000   Code   RO         2113    .ARM.Collect$$rtentry$$00000000  c_w.l(__rtentry.o)
    0x080002c0   0x080002c0   0x00000000   Code   RO         2259    .ARM.Collect$$rtentry$$00000002  c_w.l(__rtentry2.o)
    0x080002c0   0x080002c0   0x00000006   Code   RO         2271    .ARM.Collect$$rtentry$$00000004  c_w.l(__rtentry4.o)
    0x080002c6   0x080002c6   0x00000000   Code   RO         2261    .ARM.Collect$$rtentry$$00000009  c_w.l(__rtentry2.o)
    0x080002c6   0x080002c6   0x00000004   Code   RO         2262    .ARM.Collect$$rtentry$$0000000A  c_w.l(__rtentry2.o)
    0x080002ca   0x080002ca   0x00000000   Code   RO         2264    .ARM.Collect$$rtentry$$0000000C  c_w.l(__rtentry2.o)
    0x080002ca   0x080002ca   0x00000008   Code   RO         2265    .ARM.Collect$$rtentry$$0000000D  c_w.l(__rtentry2.o)
    0x080002d2   0x080002d2   0x00000002   Code   RO         2398    .ARM.Collect$$rtexit$$00000000  c_w.l(rtexit.o)
    0x080002d4   0x080002d4   0x00000000   Code   RO         2431    .ARM.Collect$$rtexit$$00000002  c_w.l(rtexit2.o)
    0x080002d4   0x080002d4   0x00000004   Code   RO         2432    .ARM.Collect$$rtexit$$00000003  c_w.l(rtexit2.o)
    0x080002d8   0x080002d8   0x00000006   Code   RO         2433    .ARM.Collect$$rtexit$$00000004  c_w.l(rtexit2.o)
    0x080002de   0x080002de   0x00000002   PAD
    0x080002e0   0x080002e0   0x00000040   Code   RO            4    .text               startup_stm32f479xx.o
    0x08000320   0x08000320   0x0000005e   Code   RO         1856    .text               c_w.l(h1_alloc.o)
    0x0800037e   0x0800037e   0x0000004e   Code   RO         1858    .text               c_w.l(h1_free.o)
    0x080003cc   0x080003cc   0x000000f0   Code   RO         1918    .text               c_w.l(lludivv7m.o)
    0x080004bc   0x080004bc   0x00000018   Code   RO         1922    .text               c_w.l(noretval__2printf.o)
    0x080004d4   0x080004d4   0x0000004e   Code   RO         1926    .text               c_w.l(_printf_pad.o)
    0x08000522   0x08000522   0x00000052   Code   RO         1928    .text               c_w.l(_printf_str.o)
    0x08000574   0x08000574   0x00000058   Code   RO         1933    .text               c_w.l(_printf_hex_int.o)
    0x080005cc   0x080005cc   0x00000138   Code   RO         1963    .text               c_w.l(__printf_flags_wp.o)
    0x08000704   0x08000704   0x0000002c   Code   RO         1974    .text               c_w.l(puts.o)
    0x08000730   0x08000730   0x00000058   Code   RO         1976    .text               c_w.l(memcmp.o)
    0x08000788   0x08000788   0x00000064   Code   RO         1978    .text               c_w.l(rt_memcpy_w.o)
    0x080007ec   0x080007ec   0x0000004e   Code   RO         1980    .text               c_w.l(rt_memclr_w.o)
    0x0800083a   0x0800083a   0x00000006   Code   RO         1982    .text               c_w.l(heapauxi.o)
    0x08000840   0x08000840   0x00000008   Code   RO         2121    .text               c_w.l(rt_heap_descriptor_intlibspace.o)
    0x08000848   0x08000848   0x00000004   Code   RO         2123    .text               c_w.l(hguard.o)
    0x0800084c   0x0800084c   0x0000008a   Code   RO         2125    .text               c_w.l(init_alloc.o)
    0x080008d6   0x080008d6   0x0000000c   Code   RO         2129    .text               c_w.l(h1_init.o)
    0x080008e2   0x080008e2   0x000000b2   Code   RO         2143    .text               c_w.l(_printf_intcommon.o)
    0x08000994   0x08000994   0x0000002c   Code   RO         2145    .text               c_w.l(_printf_char.o)
    0x080009c0   0x080009c0   0x00000024   Code   RO         2147    .text               c_w.l(_printf_char_file.o)
    0x080009e4   0x080009e4   0x00000008   Code   RO         2255    .text               c_w.l(libspace.o)
    0x080009ec   0x080009ec   0x00000008   Code   RO         2278    .text               c_w.l(rt_errno_addr_intlibspace.o)
    0x080009f4   0x080009f4   0x00000000   Code   RO         2282    .text               c_w.l(maybetermalloc1.o)
    0x080009f4   0x080009f4   0x00000034   Code   RO         2284    .text               c_w.l(h1_extend.o)
    0x08000a28   0x08000a28   0x00000030   Code   RO         2288    .text               c_w.l(_printf_char_common.o)
    0x08000a58   0x08000a58   0x00000008   Code   RO         2290    .text               c_w.l(ferror.o)
    0x08000a60   0x08000a60   0x000001e2   Code   RO         2292    .text               c_w.l(flsbuf.o)
    0x08000c42   0x08000c42   0x00000002   PAD
    0x08000c44   0x08000c44   0x00000138   Code   RO         2294    .text               c_w.l(initio.o)
    0x08000d7c   0x08000d7c   0x0000000e   Code   RO         2300    .text               c_w.l(defsig_rtmem_outer.o)
    0x08000d8a   0x08000d8a   0x00000066   Code   RO         2313    .text               c_w.l(sys_io.o)
    0x08000df0   0x08000df0   0x00000002   Code   RO         2320    .text               c_w.l(use_no_semi.o)
    0x08000df2   0x08000df2   0x00000000   Code   RO         2322    .text               c_w.l(indicate_semi.o)
    0x08000df2   0x08000df2   0x0000004a   Code   RO         2323    .text               c_w.l(sys_stackheap_outer.o)
    0x08000e3c   0x08000e3c   0x00000046   Code   RO         2333    .text               c_w.l(setvbuf.o)
    0x08000e82   0x08000e82   0x00000002   PAD
    0x08000e84   0x08000e84   0x00000108   Code   RO         2335    .text               c_w.l(stdio.o)
    0x08000f8c   0x08000f8c   0x000000f0   Code   RO         2340    .text               c_w.l(fopen.o)
    0x0800107c   0x0800107c   0x0000004c   Code   RO         2342    .text               c_w.l(fclose.o)
    0x080010c8   0x080010c8   0x00000012   Code   RO         2352    .text               c_w.l(exit.o)
    0x080010da   0x080010da   0x0000000a   Code   RO         2354    .text               c_w.l(defsig_exit.o)
    0x080010e4   0x080010e4   0x0000000e   Code   RO         2360    .text               c_w.l(defsig_rtred_outer.o)
    0x080010f2   0x080010f2   0x00000002   PAD
    0x080010f4   0x080010f4   0x00000050   Code   RO         2364    .text               c_w.l(defsig_rtmem_inner.o)
    0x08001144   0x08001144   0x0000000c   Code   RO         2394    .text               c_w.l(sys_exit.o)
    0x08001150   0x08001150   0x000000f8   Code   RO         2408    .text               c_w.l(fseek.o)
    0x08001248   0x08001248   0x00000032   Code   RO         2416    .text               c_w.l(defsig_general.o)
    0x0800127a   0x0800127a   0x00000002   PAD
    0x0800127c   0x0800127c   0x00000034   Code   RO         2420    .text               c_w.l(defsig_rtred_inner.o)
    0x080012b0   0x080012b0   0x0000003e   Code   RO         2422    .text               c_w.l(strlen.o)
    0x080012ee   0x080012ee   0x0000000e   Code   RO         2426    .text               c_w.l(sys_wrch.o)
    0x080012fc   0x080012fc   0x00000042   Code   RO         2437    .text               c_w.l(ftell.o)
    0x0800133e   0x0800133e   0x00000002   PAD
    0x08001340   0x08001340   0x00000002   Code   RO          225    .text.BusFault_Handler  stm32f4xx_it.o
    0x08001342   0x08001342   0x00000002   PAD
    0x08001344   0x08001344   0x00000002   Code   RO          231    .text.DebugMon_Handler  stm32f4xx_it.o
    0x08001346   0x08001346   0x00000002   PAD
    0x08001348   0x08001348   0x0000000c   Code   RO          585    .text.HAL_GetTick   stm32f4xx_hal.o
    0x08001354   0x08001354   0x0000001a   Code   RO          583    .text.HAL_IncTick   stm32f4xx_hal.o
    0x0800136e   0x0800136e   0x00000002   PAD
    0x08001370   0x08001370   0x00000036   Code   RO          573    .text.HAL_Init      stm32f4xx_hal.o
    0x080013a6   0x080013a6   0x00000002   PAD
    0x080013a8   0x080013a8   0x00000048   Code   RO          575    .text.HAL_InitTick  stm32f4xx_hal.o
    0x080013f0   0x080013f0   0x00000038   Code   RO          244    .text.HAL_MspInit   stm32f4xx_hal_msp.o
    0x08001428   0x08001428   0x00000056   Code   RO          523    .text.HAL_NVIC_SetPriority  stm32f4xx_hal_cortex.o
    0x0800147e   0x0800147e   0x00000002   PAD
    0x08001480   0x08001480   0x00000020   Code   RO          521    .text.HAL_NVIC_SetPriorityGrouping  stm32f4xx_hal_cortex.o
    0x080014a0   0x080014a0   0x0000007a   Code   RO          507    .text.HAL_PWREx_EnableOverDrive  stm32f4xx_hal_pwr_ex.o
    0x0800151a   0x0800151a   0x00000002   PAD
    0x0800151c   0x0800151c   0x00000164   Code   RO          256    .text.HAL_RCC_ClockConfig  stm32f4xx_hal_rcc.o
    0x08001680   0x08001680   0x0000006a   Code   RO          258    .text.HAL_RCC_GetSysClockFreq  stm32f4xx_hal_rcc.o
    0x080016ea   0x080016ea   0x00000002   PAD
    0x080016ec   0x080016ec   0x000003c4   Code   RO          306    .text.HAL_RCC_OscConfig  stm32f4xx_hal_rcc_ex.o
    0x08001ab0   0x08001ab0   0x0000002c   Code   RO          533    .text.HAL_SYSTICK_Config  stm32f4xx_hal_cortex.o
    0x08001adc   0x08001adc   0x00000002   Code   RO          221    .text.HardFault_Handler  stm32f4xx_it.o
    0x08001ade   0x08001ade   0x00000002   PAD
    0x08001ae0   0x08001ae0   0x00000024   Code   RO          196    .text.MX_GPIO_Init  gpio.o
    0x08001b04   0x08001b04   0x00000074   Code   RO          166    .text.MX_X_CUBE_AI_Init  app_x-cube-ai.o
    0x08001b78   0x08001b78   0x000000e8   Code   RO          168    .text.MX_X_CUBE_AI_Process  app_x-cube-ai.o
    0x08001c60   0x08001c60   0x00000002   Code   RO          223    .text.MemManage_Handler  stm32f4xx_it.o
    0x08001c62   0x08001c62   0x00000002   PAD
    0x08001c64   0x08001c64   0x00000002   Code   RO          219    .text.NMI_Handler   stm32f4xx_it.o
    0x08001c66   0x08001c66   0x00000002   PAD
    0x08001c68   0x08001c68   0x00000002   Code   RO          233    .text.PendSV_Handler  stm32f4xx_it.o
    0x08001c6a   0x08001c6a   0x00000002   PAD
    0x08001c6c   0x08001c6c   0x00000002   Code   RO          229    .text.SVC_Handler   stm32f4xx_it.o
    0x08001c6e   0x08001c6e   0x00000002   PAD
    0x08001c70   0x08001c70   0x00000004   Code   RO          235    .text.SysTick_Handler  stm32f4xx_it.o
    0x08001c74   0x08001c74   0x000000b8   Code   RO          184    .text.SystemClock_Config  main.o
    0x08001d2c   0x08001d2c   0x00000012   Code   RO          791    .text.SystemInit    system_stm32f4xx.o
    0x08001d3e   0x08001d3e   0x00000002   PAD
    0x08001d40   0x08001d40   0x00000002   Code   RO          227    .text.UsageFault_Handler  stm32f4xx_it.o
    0x08001d42   0x08001d42   0x00000002   PAD
    0x08001d44   0x08001d44   0x000000a4   Code   RO           19    .text.ai_network_create_and_init  network.o
    0x08001de8   0x08001de8   0x00000038   Code   RO          138    .text.ai_network_data_params_get  network_data.o
    0x08001e20   0x08001e20   0x00000004   Code   RO           15    .text.ai_network_get_error  network.o
    0x08001e24   0x08001e24   0x000000fe   Code   RO           21    .text.ai_network_init  network.o
    0x08001f22   0x08001f22   0x00000002   PAD
    0x08001f24   0x08001f24   0x0000001e   Code   RO           23    .text.ai_network_inputs_get  network.o
    0x08001f42   0x08001f42   0x00000002   PAD
    0x08001f44   0x08001f44   0x0000001e   Code   RO           25    .text.ai_network_outputs_get  network.o
    0x08001f62   0x08001f62   0x00000002   PAD
    0x08001f64   0x08001f64   0x00000004   Code   RO           29    .text.ai_network_run  network.o
    0x08001f68   0x08001f68   0x00000016   Code   RO          182    .text.main          main.o
    0x08001f7e   0x08001f7e   0x00000002   PAD
    0x08001f80   0x08001f80   0x00000134   Code   RO         1247    i.__ai_math_dot_array  NetworkRuntime910_CM4_Keil.lib(lite_dense_if32.o)
    0x080020b4   0x080020b4   0x00000012   Code   RO         1177    i._ai_forward_layer  NetworkRuntime910_CM4_Keil.lib(layers.o)
    0x080020c6   0x080020c6   0x00000002   PAD
    0x080020c8   0x080020c8   0x000000e0   Code   RO          822    i._ai_platform_get_io_buffers_info  NetworkRuntime910_CM4_Keil.lib(ai_platform_interface.o)
    0x080021a8   0x080021a8   0x00000038   Code   RO          933    i._forward_lite_nl_relu_thresholded_if32of32  NetworkRuntime910_CM4_Keil.lib(layers_nl_generic_float.o)
    0x080021e0   0x080021e0   0x0000000e   Code   RO         1961    i._is_digit         c_w.l(__printf_wp.o)
    0x080021ee   0x080021ee   0x00000002   PAD
    0x080021f0   0x080021f0   0x0000012c   Code   RO         1248    i._lite_dict4_dot_array_f32  NetworkRuntime910_CM4_Keil.lib(lite_dense_if32.o)
    0x0800231c   0x0800231c   0x000000e8   Code   RO         1249    i._lite_dict8_dot_array_f32  NetworkRuntime910_CM4_Keil.lib(lite_dense_if32.o)
    0x08002404   0x08002404   0x0000004c   Code   RO          823    i._platform_ai_buffer_array_copy  NetworkRuntime910_CM4_Keil.lib(ai_platform_interface.o)
    0x08002450   0x08002450   0x00000050   Code   RO          824    i._platform_get_table_map_from_buffer  NetworkRuntime910_CM4_Keil.lib(ai_platform_interface.o)
    0x080024a0   0x080024a0   0x00000044   Code   RO          825    i._platform_get_table_map_from_buffer_array  NetworkRuntime910_CM4_Keil.lib(ai_platform_interface.o)
    0x080024e4   0x080024e4   0x00000014   Code   RO          826    i._platform_network_buffers_signature_valid  NetworkRuntime910_CM4_Keil.lib(ai_platform_interface.o)
    0x080024f8   0x080024f8   0x00000210   Code   RO          827    i._platform_network_io_bind  NetworkRuntime910_CM4_Keil.lib(ai_platform_interface.o)
    0x08002708   0x08002708   0x0000003e   Code   RO          828    i._platform_network_state_setup  NetworkRuntime910_CM4_Keil.lib(ai_platform_interface.o)
    0x08002746   0x08002746   0x00000068   Code   RO          829    i._platform_network_state_update_input  NetworkRuntime910_CM4_Keil.lib(ai_platform_interface.o)
    0x080027ae   0x080027ae   0x0000007c   Code   RO          830    i._platform_network_state_update_output  NetworkRuntime910_CM4_Keil.lib(ai_platform_interface.o)
    0x0800282a   0x0800282a   0x0000001e   Code   RO         1125    i.ai_array_get_data_byte_size  NetworkRuntime910_CM4_Keil.lib(ai_datatypes_format.o)
    0x08002848   0x08002848   0x00000128   Code   RO         1127    i.ai_array_to_buffer_fmt  NetworkRuntime910_CM4_Keil.lib(ai_datatypes_format.o)
    0x08002970   0x08002970   0x00000024   Code   RO          808    i.ai_buffer_array_item_set_address  NetworkRuntime910_CM4_Keil.lib(ai_platform.o)
    0x08002994   0x08002994   0x00000012   Code   RO          809    i.ai_buffer_array_sane  NetworkRuntime910_CM4_Keil.lib(ai_platform.o)
    0x080029a6   0x080029a6   0x00000002   PAD
    0x080029a8   0x080029a8   0x00000068   Code   RO          811    i.ai_buffer_get_size  NetworkRuntime910_CM4_Keil.lib(ai_platform.o)
    0x08002a10   0x08002a10   0x0000002c   Code   RO         1179    i.ai_check_custom_types  NetworkRuntime910_CM4_Keil.lib(layers.o)
    0x08002a3c   0x08002a3c   0x00000050   Code   RO         1183    i.ai_layers_forward_all  NetworkRuntime910_CM4_Keil.lib(layers.o)
    0x08002a8c   0x08002a8c   0x0000001e   Code   RO         1184    i.ai_layers_init_all  NetworkRuntime910_CM4_Keil.lib(layers.o)
    0x08002aaa   0x08002aaa   0x00000036   Code   RO         1185    i.ai_layers_post_init_all  NetworkRuntime910_CM4_Keil.lib(layers.o)
    0x08002ae0   0x08002ae0   0x0000002c   Code   RO          834    i.ai_platform_bind_network_params  NetworkRuntime910_CM4_Keil.lib(ai_platform_interface.o)
    0x08002b0c   0x08002b0c   0x00000014   Code   RO          835    i.ai_platform_context_acquire  NetworkRuntime910_CM4_Keil.lib(ai_platform_interface.o)
    0x08002b20   0x08002b20   0x0000002c   Code   RO          837    i.ai_platform_get_activations_map  NetworkRuntime910_CM4_Keil.lib(ai_platform_interface.o)
    0x08002b4c   0x08002b4c   0x00000028   Code   RO          838    i.ai_platform_get_weights_map  NetworkRuntime910_CM4_Keil.lib(ai_platform_interface.o)
    0x08002b74   0x08002b74   0x00000042   Code   RO          839    i.ai_platform_inputs_get  NetworkRuntime910_CM4_Keil.lib(ai_platform_interface.o)
    0x08002bb6   0x08002bb6   0x00000002   PAD
    0x08002bb8   0x08002bb8   0x0000009c   Code   RO          841    i.ai_platform_network_create  NetworkRuntime910_CM4_Keil.lib(ai_platform_interface.o)
    0x08002c54   0x08002c54   0x0000001c   Code   RO          843    i.ai_platform_network_get_error  NetworkRuntime910_CM4_Keil.lib(ai_platform_interface.o)
    0x08002c70   0x08002c70   0x00000118   Code   RO          844    i.ai_platform_network_init  NetworkRuntime910_CM4_Keil.lib(ai_platform_interface.o)
    0x08002d88   0x08002d88   0x00000050   Code   RO          845    i.ai_platform_network_post_init  NetworkRuntime910_CM4_Keil.lib(ai_platform_interface.o)
    0x08002dd8   0x08002dd8   0x00000054   Code   RO          846    i.ai_platform_network_process  NetworkRuntime910_CM4_Keil.lib(ai_platform_interface.o)
    0x08002e2c   0x08002e2c   0x0000000c   Code   RO          847    i.ai_platform_network_set_error  NetworkRuntime910_CM4_Keil.lib(ai_platform_interface.o)
    0x08002e38   0x08002e38   0x00000048   Code   RO          853    i.ai_platform_outputs_get  NetworkRuntime910_CM4_Keil.lib(ai_platform_interface.o)
    0x08002e80   0x08002e80   0x0000001a   Code   RO          935    i.ai_shape_get_size  NetworkRuntime910_CM4_Keil.lib(layers_nl_generic_float.o)
    0x08002e9a   0x08002e9a   0x0000000c   Code   RO         1148    i.ai_version_get    NetworkRuntime910_CM4_Keil.lib(ai_datatypes_internal.o)
    0x08002ea6   0x08002ea6   0x0000000c   Code   RO         1158    i.core_get_error    NetworkRuntime910_CM4_Keil.lib(core_common.o)
    0x08002eb2   0x08002eb2   0x00000004   Code   RO         1159    i.core_init         NetworkRuntime910_CM4_Keil.lib(core_common.o)
    0x08002eb6   0x08002eb6   0x0000001a   Code   RO         1160    i.core_set_error    NetworkRuntime910_CM4_Keil.lib(core_common.o)
    0x08002ed0   0x08002ed0   0x00000148   Code   RO          904    i.forward_dense     NetworkRuntime910_CM4_Keil.lib(layers_conv2d_generic_float.o)
    0x08003018   0x08003018   0x00000098   Code   RO         1250    i.forward_lite_dense_if32of32wf32  NetworkRuntime910_CM4_Keil.lib(lite_dense_if32.o)
    0x080030b0   0x080030b0   0x000000ac   Code   RO         1251    i.forward_lite_dense_if32of32wf32_lut4  NetworkRuntime910_CM4_Keil.lib(lite_dense_if32.o)
    0x0800315c   0x0800315c   0x000000ac   Code   RO         1252    i.forward_lite_dense_if32of32wf32_lut8  NetworkRuntime910_CM4_Keil.lib(lite_dense_if32.o)
    0x08003208   0x08003208   0x000000ac   Code   RO         1238    i.forward_lite_nl_relu_generic_if32of32_kernel  NetworkRuntime910_CM4_Keil.lib(lite_nl_relu_if32of32.o)
    0x080032b4   0x080032b4   0x000000d0   Code   RO          961    i.forward_relu      NetworkRuntime910_CM4_Keil.lib(layers_nl_generic_float.o)
    0x08003384   0x08003384   0x0000001c   Code   RO         2151    i.fputc             c_w.l(fputc.o)
    0x080033a0   0x080033a0   0x00000028   Code   RO         1149    i.get_tensor_byte_size  NetworkRuntime910_CM4_Keil.lib(ai_datatypes_internal.o)
    0x080033c8   0x080033c8   0x00000090   Code   RO         1801    i.st_int8_copy      NetworkRuntime910_CM4_Keil.lib(st_int8_fill.o)
    0x08003458   0x08003458   0x0000001a   Code   RO         2311    x$fpl$fpinit        fz_wm.l(fpinit.o)
    0x08003472   0x08003472   0x00000002   PAD
    0x08003474   0x08003474   0x00000068   Data   RO          856    .constdata          NetworkRuntime910_CM4_Keil.lib(ai_platform_interface.o)
    0x080034dc   0x080034dc   0x00000028   Data   RO         1934    .constdata          c_w.l(_printf_hex_int.o)
    0x08003504   0x08003504   0x00000011   Data   RO         1964    .constdata          c_w.l(__printf_flags_wp.o)
    0x08003515   0x08003515   0x00000004   Data   RO         2315    .constdata          c_w.l(sys_io_names.o)
    0x08003519   0x08003519   0x00000004   Data   RO         2316    .constdata          c_w.l(sys_io_names.o)
    0x0800351d   0x0800351d   0x00000004   Data   RO         2317    .constdata          c_w.l(sys_io_names.o)
    0x08003521   0x08003521   0x00000007   PAD
    0x08003528   0x08003528   0x00000008   Data   RO          144    .rodata..L__const.ai_network_data_params_get.map_activations  network_data.o
    0x08003530   0x08003530   0x00000008   Data   RO          145    .rodata..L__const.ai_network_data_params_get.map_weights  network_data.o
    0x08003538   0x08003538   0x00000010   Data   RO          796    .rodata.AHBPrescTable  system_stm32f4xx.o
    0x08003548   0x08003548   0x00000008   Data   RO           62    .rodata._hidden2_Gemm_output_0_chain  network.o
    0x08003550   0x08003550   0x00000008   Data   RO           58    .rodata._hidden_Gemm_output_0_chain  network.o
    0x08003558   0x08003558   0x00000008   Data   RO           64    .rodata._relu_1_Relu_output_0_chain  network.o
    0x08003560   0x08003560   0x00000008   Data   RO           60    .rodata._relu_Relu_output_0_chain  network.o
    0x08003568   0x08003568   0x00000008   Data   RO           65    .rodata.output_chain  network.o
    0x08003570   0x08003570   0x00000010   PAD
    0x08003580   0x08003580   0x00000238   Data   RO          155    .rodata.s_network_weights_array_u64  network_data_params.o
    0x080037b8   0x080037b8   0x00000032   Data   RO          172    .rodata.str1.1      app_x-cube-ai.o
    0x080037ea   0x080037ea   0x00000002   PAD
    0x080037ec   0x080037ec   0x00000020   Data   RO         2457    Region$$Table       anon$$obj.o


    Execution Region RW_IRAM1 (Exec base: 0x20000000, Load base: 0x08003820, Size: 0x00008938, Max: 0x000b0000, ABSOLUTE, COMPRESSED[0x00000260])

    Exec Addr    Load Addr    Size         Type   Attr      Idx    E Section Name        Object

    0x20000000   COMPRESSED   0x00000004   Data   RW         2157    .data               c_w.l(stdio_streams.o)
    0x20000004   COMPRESSED   0x00000004   Data   RW         2158    .data               c_w.l(stdio_streams.o)
    0x20000008   COMPRESSED   0x00000004   Data   RW         2159    .data               c_w.l(stdio_streams.o)
    0x2000000c   COMPRESSED   0x00000070   Data   RW          121    .data..L_MergedGlobals  network.o
    0x2000007c   COMPRESSED   0x00000008   Data   RW          632    .data..L_MergedGlobals  stm32f4xx_hal.o
    0x20000084   COMPRESSED   0x00000050   Data   RW          122    .data..L_MergedGlobals.81  network.o
    0x200000d4   COMPRESSED   0x00000010   Data   RW           34    .data..compoundliteral  network.o
    0x200000e4   COMPRESSED   0x00000010   Data   RW          140    .data..compoundliteral  network_data.o
    0x200000f4   COMPRESSED   0x00000010   Data   RW          142    .data..compoundliteral.1  network_data.o
    0x20000104   COMPRESSED   0x0000000c   Data   RW           42    .data..compoundliteral.12  network.o
    0x20000110   COMPRESSED   0x00000004   Data   RW           43    .data..compoundliteral.13  network.o
    0x20000114   COMPRESSED   0x0000000c   Data   RW           47    .data..compoundliteral.17  network.o
    0x20000120   COMPRESSED   0x00000018   Data   RW           48    .data..compoundliteral.18  network.o
    0x20000138   COMPRESSED   0x00000010   Data   RW           51    .data..compoundliteral.20  network.o
    0x20000148   COMPRESSED   0x00000010   Data   RW           52    .data..compoundliteral.21  network.o
    0x20000158   COMPRESSED   0x00000010   Data   RW           54    .data..compoundliteral.23  network.o
    0x20000168   COMPRESSED   0x00000010   Data   RW           55    .data..compoundliteral.24  network.o
    0x20000178   COMPRESSED   0x00000004   Data   RW           66    .data..compoundliteral.26  network.o
    0x2000017c   COMPRESSED   0x00000004   Data   RW           67    .data..compoundliteral.27  network.o
    0x20000180   COMPRESSED   0x00000008   Data   RW           68    .data..compoundliteral.28  network.o
    0x20000188   COMPRESSED   0x00000030   Data   RW           70    .data..compoundliteral.30  network.o
    0x200001b8   COMPRESSED   0x00000010   Data   RW           71    .data..compoundliteral.31  network.o
    0x200001c8   COMPRESSED   0x00000010   Data   RW           72    .data..compoundliteral.32  network.o
    0x200001d8   COMPRESSED   0x00000010   Data   RW           74    .data..compoundliteral.34  network.o
    0x200001e8   COMPRESSED   0x00000010   Data   RW           75    .data..compoundliteral.35  network.o
    0x200001f8   COMPRESSED   0x00000010   Data   RW           77    .data..compoundliteral.37  network.o
    0x20000208   COMPRESSED   0x00000010   Data   RW           78    .data..compoundliteral.38  network.o
    0x20000218   COMPRESSED   0x00000004   Data   RW           80    .data..compoundliteral.40  network.o
    0x2000021c   COMPRESSED   0x00000004   Data   RW           81    .data..compoundliteral.41  network.o
    0x20000220   COMPRESSED   0x00000030   Data   RW           84    .data..compoundliteral.44  network.o
    0x20000250   COMPRESSED   0x00000010   Data   RW           85    .data..compoundliteral.45  network.o
    0x20000260   COMPRESSED   0x00000010   Data   RW           86    .data..compoundliteral.46  network.o
    0x20000270   COMPRESSED   0x00000004   Data   RW           88    .data..compoundliteral.48  network.o
    0x20000274   COMPRESSED   0x00000004   Data   RW           89    .data..compoundliteral.49  network.o
    0x20000278   COMPRESSED   0x0000001c   Data   RW           35    .data..compoundliteral.5  network.o
    0x20000294   COMPRESSED   0x00000008   Data   RW           90    .data..compoundliteral.50  network.o
    0x2000029c   COMPRESSED   0x00000030   Data   RW           92    .data..compoundliteral.52  network.o
    0x200002cc   COMPRESSED   0x00000010   Data   RW           93    .data..compoundliteral.53  network.o
    0x200002dc   COMPRESSED   0x00000010   Data   RW           94    .data..compoundliteral.54  network.o
    0x200002ec   COMPRESSED   0x00000010   Data   RW           96    .data..compoundliteral.56  network.o
    0x200002fc   COMPRESSED   0x00000010   Data   RW           97    .data..compoundliteral.57  network.o
    0x2000030c   COMPRESSED   0x00000010   Data   RW           99    .data..compoundliteral.59  network.o
    0x2000031c   COMPRESSED   0x00000010   Data   RW           36    .data..compoundliteral.6  network.o
    0x2000032c   COMPRESSED   0x00000010   Data   RW          100    .data..compoundliteral.60  network.o
    0x2000033c   COMPRESSED   0x00000004   Data   RW          102    .data..compoundliteral.62  network.o
    0x20000340   COMPRESSED   0x00000004   Data   RW          103    .data..compoundliteral.63  network.o
    0x20000344   COMPRESSED   0x00000030   Data   RW          106    .data..compoundliteral.66  network.o
    0x20000374   COMPRESSED   0x00000010   Data   RW          107    .data..compoundliteral.67  network.o
    0x20000384   COMPRESSED   0x00000010   Data   RW          108    .data..compoundliteral.68  network.o
    0x20000394   COMPRESSED   0x0000001c   Data   RW           37    .data..compoundliteral.7  network.o
    0x200003b0   COMPRESSED   0x00000004   Data   RW          110    .data..compoundliteral.70  network.o
    0x200003b4   COMPRESSED   0x00000004   Data   RW          111    .data..compoundliteral.71  network.o
    0x200003b8   COMPRESSED   0x00000008   Data   RW          112    .data..compoundliteral.72  network.o
    0x200003c0   COMPRESSED   0x00000030   Data   RW          114    .data..compoundliteral.74  network.o
    0x200003f0   COMPRESSED   0x00000010   Data   RW          115    .data..compoundliteral.75  network.o
    0x20000400   COMPRESSED   0x00000010   Data   RW          116    .data..compoundliteral.76  network.o
    0x20000410   COMPRESSED   0x00000010   Data   RW          118    .data..compoundliteral.78  network.o
    0x20000420   COMPRESSED   0x00000010   Data   RW          119    .data..compoundliteral.79  network.o
    0x20000430   COMPRESSED   0x00000004   Data   RW           38    .data..compoundliteral.8  network.o
    0x20000434   COMPRESSED   0x00000004   Data   RW          795    .data.SystemCoreClock  system_stm32f4xx.o
    0x20000438   COMPRESSED   0x0000001c   Data   RW          101    .data._hidden2_Gemm_output_0_bias  network.o
    0x20000454   COMPRESSED   0x0000001c   Data   RW           59    .data._hidden2_Gemm_output_0_layer  network.o
    0x20000470   COMPRESSED   0x0000001c   Data   RW           87    .data._hidden2_Gemm_output_0_output  network.o
    0x2000048c   COMPRESSED   0x0000001c   Data   RW           98    .data._hidden2_Gemm_output_0_weights  network.o
    0x200004a8   COMPRESSED   0x0000001c   Data   RW          120    .data._hidden_Gemm_output_0_bias  network.o
    0x200004c4   COMPRESSED   0x0000001c   Data   RW           49    .data._hidden_Gemm_output_0_layer  network.o
    0x200004e0   COMPRESSED   0x0000001c   Data   RW          109    .data._hidden_Gemm_output_0_output  network.o
    0x200004fc   COMPRESSED   0x0000001c   Data   RW          117    .data._hidden_Gemm_output_0_weights  network.o
    0x20000518   COMPRESSED   0x00000020   Data   RW           61    .data._relu_1_Relu_output_0_layer  network.o
    0x20000538   COMPRESSED   0x0000001c   Data   RW           73    .data._relu_1_Relu_output_0_output  network.o
    0x20000554   COMPRESSED   0x00000020   Data   RW           57    .data._relu_Relu_output_0_layer  network.o
    0x20000574   COMPRESSED   0x0000001c   Data   RW           95    .data._relu_Relu_output_0_output  network.o
    0x20000590   COMPRESSED   0x00000004   Data   RW          171    .data.data_activations0  app_x-cube-ai.o
    0x20000594   COMPRESSED   0x0000004c   Data   RW           50    .data.g_network     network.o
    0x200005e0   COMPRESSED   0x0000001c   Data   RW          141    .data.g_network_data_map_activations  network_data.o
    0x200005fc   COMPRESSED   0x0000001c   Data   RW          143    .data.g_network_data_map_weights  network_data.o
    0x20000618   COMPRESSED   0x0000001c   Data   RW           53    .data.input_output  network.o
    0x20000634   COMPRESSED   0x0000001c   Data   RW           79    .data.output_bias   network.o
    0x20000650   COMPRESSED   0x0000001c   Data   RW           63    .data.output_layer  network.o
    0x2000066c   COMPRESSED   0x0000001c   Data   RW           56    .data.output_output  network.o
    0x20000688   COMPRESSED   0x0000001c   Data   RW           76    .data.output_weights  network.o
    0x200006a4   COMPRESSED   0x0000001c   PAD
    0x200006c0        -       0x00000054   Zero   RW         2154    .bss                c_w.l(stdio_streams.o)
    0x20000714        -       0x00000054   Zero   RW         2155    .bss                c_w.l(stdio_streams.o)
    0x20000768        -       0x00000054   Zero   RW         2156    .bss                c_w.l(stdio_streams.o)
    0x200007bc        -       0x00000060   Zero   RW         2256    .bss                c_w.l(libspace.o)
    0x2000081c        -       0x0000001c   Zero   RW          173    .bss..L_MergedGlobals  app_x-cube-ai.o
    0x20000838        -       0x00000008   Zero   RW          123    .bss..L_MergedGlobals.82  network.o
    0x20000840        -       0x0000001c   Zero   RW           40    .bss..compoundliteral.10  network.o
    0x2000085c        -       0x00000008   Zero   RW           41    .bss..compoundliteral.11  network.o
    0x20000864        -       0x00000010   Zero   RW           44    .bss..compoundliteral.14  network.o
    0x20000874        -       0x0000001c   Zero   RW           45    .bss..compoundliteral.15  network.o
    0x20000890        -       0x00000008   Zero   RW           46    .bss..compoundliteral.16  network.o
    0x20000898        -       0x00000004   Zero   RW           69    .bss..compoundliteral.29  network.o
    0x2000089c        -       0x00000004   Zero   RW           82    .bss..compoundliteral.42  network.o
    0x200008a0        -       0x00000004   Zero   RW           83    .bss..compoundliteral.43  network.o
    0x200008a4        -       0x00000004   Zero   RW           91    .bss..compoundliteral.51  network.o
    0x200008a8        -       0x00000004   Zero   RW          104    .bss..compoundliteral.64  network.o
    0x200008ac        -       0x00000004   Zero   RW          105    .bss..compoundliteral.65  network.o
    0x200008b0        -       0x00000004   Zero   RW          113    .bss..compoundliteral.73  network.o
    0x200008b4        -       0x00000010   Zero   RW           39    .bss..compoundliteral.9  network.o
    0x200008c4   COMPRESSED   0x0000001c   PAD
    0x200008e0        -       0x00000050   Zero   RW          170    .bss.pool0          app_x-cube-ai.o
    0x20000930        -       0x00000004   Zero   RW          631    .bss.uwTick         stm32f4xx_hal.o
    0x20000934   COMPRESSED   0x00000004   PAD
    0x20000938        -       0x00004000   Zero   RW            2    HEAP                startup_stm32f479xx.o
    0x20004938        -       0x00004000   Zero   RW            1    STACK               startup_stm32f479xx.o


==============================================================================

Image component sizes


      Code (inc. data)   RO Data    RW Data    ZI Data      Debug   Object Name

       348         72         50          4        108       5267   app_x-cube-ai.o
        36          0          0          0          0       1451   gpio.o
       206          0          0          0          0       3007   main.o
       486          0         40       1584        140      13568   network.o
        56          0         16         88          0       3313   network_data.o
         0          0        568          0          0        763   network_data_params.o
        64         26        436          0      32768        840   startup_stm32f479xx.o
       164          0          0          8          4       7756   stm32f4xx_hal.o
       162          0          0          0          0      10935   stm32f4xx_hal_cortex.o
        56          0          0          0          0       1503   stm32f4xx_hal_msp.o
       122          0          0          0          0       4596   stm32f4xx_hal_pwr_ex.o
       462          0          0          0          0       7455   stm32f4xx_hal_rcc.o
       964          0          0          0          0       8282   stm32f4xx_hal_rcc_ex.o
        20          0          0          0          0       1135   stm32f4xx_it.o
        18          0         16          4          0       2691   system_stm32f4xx.o

    ----------------------------------------------------------------------
      3200         98       1176       1688      33080      72562   Object Totals
         0          0         32          0          0          0   (incl. Generated)
        36          0         18          0         60          0   (incl. Padding)

    ----------------------------------------------------------------------

      Code (inc. data)   RO Data    RW Data    ZI Data      Debug   Library Member Name

       326         54          0          0          0        244   ai_datatypes_format.o
        52          6          0          0          0        232   ai_datatypes_internal.o
       158          8          0          0          0        368   ai_platform.o
      2212         76        104          0          0       2764   ai_platform_interface.o
        42          0          0          0          0        348   core_common.o
       226          6          0          0          0        628   layers.o
       328          6          0          0          0        148   layers_conv2d_generic_float.o
       290         12          0          0          0        376   layers_nl_generic_float.o
      1336         28          0          0          0        860   lite_dense_if32.o
       172          4          0          0          0        116   lite_nl_relu_if32of32.o
       144          0          0          0          0        132   st_int8_fill.o
        90          0          0          0          0          0   __dczerorl2.o
         8          0          0          0          0         68   __main.o
       312          4         17          0          0         92   __printf_flags_wp.o
        14          0          0          0          0         68   __printf_wp.o
         0          0          0          0          0          0   __rtentry.o
        12          0          0          0          0          0   __rtentry2.o
         6          0          0          0          0          0   __rtentry4.o
        94          8          0          0          0          0   __scatter.o
        28          0          0          0          0          0   __scatter_zi.o
        44          0          0          0          0        108   _printf_char.o
        48          6          0          0          0         96   _printf_char_common.o
        36          4          0          0          0         80   _printf_char_file.o
        88          4         40          0          0         88   _printf_hex_int.o
       178          0          0          0          0         88   _printf_intcommon.o
        78          0          0          0          0        108   _printf_pad.o
         0          0          0          0          0          0   _printf_percent.o
         4          0          0          0          0          0   _printf_percent_end.o
         6          0          0          0          0          0   _printf_s.o
        82          0          0          0          0         80   _printf_str.o
         6          0          0          0          0          0   _printf_x.o
        10          0          0          0          0         68   defsig_exit.o
        50          0          0          0          0         88   defsig_general.o
        80         58          0          0          0         76   defsig_rtmem_inner.o
        14          0          0          0          0         80   defsig_rtmem_outer.o
        52         38          0          0          0         76   defsig_rtred_inner.o
        14          0          0          0          0         80   defsig_rtred_outer.o
        18          0          0          0          0         80   exit.o
        76          0          0          0          0         88   fclose.o
         8          0          0          0          0         68   ferror.o
       482          0          0          0          0         92   flsbuf.o
       240          6          0          0          0        128   fopen.o
        28          0          0          0          0         68   fputc.o
       248          6          0          0          0         84   fseek.o
        66          0          0          0          0         76   ftell.o
        94          0          0          0          0         80   h1_alloc.o
        52          0          0          0          0         68   h1_extend.o
        78          0          0          0          0         80   h1_free.o
        12          0          0          0          0         84   h1_init.o
         6          0          0          0          0        152   heapauxi.o
         4          0          0          0          0        136   hguard.o
         0          0          0          0          0          0   indicate_semi.o
       138          0          0          0          0        168   init_alloc.o
       312         46          0          0          0        112   initio.o
         2          0          0          0          0          0   libinit.o
        18          0          0          0          0          0   libinit2.o
         2          0          0          0          0          0   libshutdown.o
         6          0          0          0          0          0   libshutdown2.o
         8          4          0          0         96         68   libspace.o
       240          0          0          0          0        100   lludivv7m.o
         0          0          0          0          0          0   maybetermalloc1.o
        88          0          0          0          0         76   memcmp.o
        24          4          0          0          0         84   noretval__2printf.o
        44          4          0          0          0         84   puts.o
         8          4          0          0          0         68   rt_errno_addr_intlibspace.o
         8          4          0          0          0         68   rt_heap_descriptor_intlibspace.o
        78          0          0          0          0         80   rt_memclr_w.o
       100          0          0          0          0         80   rt_memcpy_w.o
         2          0          0          0          0          0   rtexit.o
        10          0          0          0          0          0   rtexit2.o
        70          0          0          0          0         80   setvbuf.o
       264          6          0          0          0        160   stdio.o
         0          0          0         12        252          0   stdio_streams.o
        62          0          0          0          0         76   strlen.o
        12          4          0          0          0         68   sys_exit.o
       102          0          0          0          0        240   sys_io.o
         0          0         12          0          0          0   sys_io_names.o
        74          0          0          0          0         80   sys_stackheap_outer.o
        14          0          0          0          0         76   sys_wrch.o
         2          0          0          0          0         68   use_no_semi.o
        26          0          0          0          0        116   fpinit.o

    ----------------------------------------------------------------------
      9792        410        180         12        348      10796   Library Totals
        26          0          7          0          0          0   (incl. Padding)

    ----------------------------------------------------------------------

      Code (inc. data)   RO Data    RW Data    ZI Data      Debug   Library Name

      5286        200        104          0          0       6216   NetworkRuntime910_CM4_Keil.lib
      4454        210         69         12        348       4464   c_w.l
        26          0          0          0          0        116   fz_wm.l

    ----------------------------------------------------------------------
      9792        410        180         12        348      10796   Library Totals

    ----------------------------------------------------------------------

==============================================================================


      Code (inc. data)   RO Data    RW Data    ZI Data      Debug   

     12992        508       1356       1700      33428      76494   Grand Totals
     12992        508       1356        608      33428      76494   ELF Image Totals (compressed)
     12992        508       1356        608          0          0   ROM Totals

==============================================================================

    Total RO  Size (Code + RO Data)                14348 (  14.01kB)
    Total RW  Size (RW Data + ZI Data)             35128 (  34.30kB)
    Total ROM Size (Code + RO Data + RW Data)      14956 (  14.61kB)

==============================================================================

