###############################################################################
#
# IAR ELF Linker V7.40.3.8902/W32 for ARM                 15/Oct/2024  15:22:52
# Copyright 2007-2015 IAR Systems AB.
#
#    Output file  =  
#        D:\Repo\Embedded-Repo\IAR_REPO\Power_decomposition_of_electric_meter\NILM_GD470_JD_RT-Thread_20231109_0837_Debug\module\bsp\gd32450z-eval\build\Exe\GD32F450Z_EVAL.out
#    Map file     =  
#        D:\Repo\Embedded-Repo\IAR_REPO\Power_decomposition_of_electric_meter\NILM_GD470_JD_RT-Thread_20231109_0837_Debug\module\bsp\gd32450z-eval\build\List\GD32F450Z_EVAL.map
#    Command line =  
#        D:\Repo\Embedded-Repo\IAR_REPO\Power_decomposition_of_electric_meter\NILM_GD470_JD_RT-Thread_20231109_0837_Debug\module\bsp\gd32450z-eval\build\Obj\Algorithm.o
#        D:\Repo\Embedded-Repo\IAR_REPO\Power_decomposition_of_electric_meter\NILM_GD470_JD_RT-Thread_20231109_0837_Debug\module\bsp\gd32450z-eval\build\Obj\datadeal.o
#        D:\Repo\Embedded-Repo\IAR_REPO\Power_decomposition_of_electric_meter\NILM_GD470_JD_RT-Thread_20231109_0837_Debug\module\bsp\gd32450z-eval\build\Obj\drv_usart.o
#        D:\Repo\Embedded-Repo\IAR_REPO\Power_decomposition_of_electric_meter\NILM_GD470_JD_RT-Thread_20231109_0837_Debug\module\bsp\gd32450z-eval\build\Obj\gd32f4xx_it.o
#        D:\Repo\Embedded-Repo\IAR_REPO\Power_decomposition_of_electric_meter\NILM_GD470_JD_RT-Thread_20231109_0837_Debug\module\bsp\gd32450z-eval\build\Obj\TaskFun.o
#        -o
#        D:\Repo\Embedded-Repo\IAR_REPO\Power_decomposition_of_electric_meter\NILM_GD470_JD_RT-Thread_20231109_0837_Debug\module\bsp\gd32450z-eval\build\Exe\GD32F450Z_EVAL.out
#        --map
#        D:\Repo\Embedded-Repo\IAR_REPO\Power_decomposition_of_electric_meter\NILM_GD470_JD_RT-Thread_20231109_0837_Debug\module\bsp\gd32450z-eval\build\List\GD32F450Z_EVAL.map
#        --log
#        libraries,initialization,modules,redirects,sections,veneers,unused_fragments
#        --log_file
#        D:\Repo\Embedded-Repo\IAR_REPO\Power_decomposition_of_electric_meter\NILM_GD470_JD_RT-Thread_20231109_0837_Debug\module\bsp\gd32450z-eval\build\List\GD32F450Z_EVAL.log
#        --config
#        D:\Repo\Embedded-Repo\IAR_REPO\Power_decomposition_of_electric_meter\NILM_GD470_JD_RT-Thread_20231109_0837_Debug\module\bsp\gd32450z-eval\gd32_rom.icf
#        --semihosting
#        D:\Repo\Embedded-Repo\IAR_REPO\Power_decomposition_of_electric_meter\NILM_GD470_JD_RT-Thread_20231109_0837_Debug\module\bsp\gd32450z-eval\..\..\app\Module\SmLib\libsm4.a
#        D:\Repo\Embedded-Repo\IAR_REPO\Power_decomposition_of_electric_meter\NILM_GD470_JD_RT-Thread_20231109_0837_Debug\module\bsp\gd32450z-eval\build\Exe\project.a
#        --entry __iar_program_start
#        D:\App_Files\arm\CMSIS\Lib\IAR\iar_cortexM4lf_math.a --vfe
#
###############################################################################

*******************************************************************************
*** RUNTIME MODEL ATTRIBUTES
***

CppFlavor                     = *
__SystemLibrary               = DLib
__dlib_dynamic_initialization = normal


*******************************************************************************
*** PLACEMENT SUMMARY
***

"A1":  place at 0x08010000 { ro section .intvec };
"P1":  place in [from 0x08010000 to 0x082fffff] { ro };
"P2":  place in [from 0x20000000 to 0x200affff] { rw, block CSTACK, block HEAP };

  Section             Kind        Address     Size  Object
  -------             ----        -------     ----  ------
"A1":                                        0x1ac
  .intvec             ro code  0x08010000    0x1ac  startup_gd32f450_470.o [6]
                             - 0x080101ac    0x1ac

"P1":                                      0x372d3
  .text               ro code  0x080101ac   0x77a8  Dlt698_45_APP.o [6]
  .text               ro code  0x08017954   0x12cc  Dlt698LinkData.o [6]
  .text               ro code  0x08018c20    0x5d8  sm_task.o [6]
  .text               ro code  0x080191f8    0x350  CommFunc.o [6]
  .text               ro code  0x08019548    0x158  Flag.o [6]
  .text               ro code  0x080196a0     0x76  ABImemcpy_unaligned.o [7]
  .text               ro code  0x08019716      0xa  xsprout.o [3]
  .text               ro code  0x08019720     0x66  ABImemset.o [7]
  .rodata             const    0x08019786      0x2  Protocol.o [6]
  .text               ro code  0x08019788     0x78  ABImemmove_unaligned.o [7]
  .text               ro code  0x08019800   0x186e  DLT698_45APPData.o [6]
  .rodata             const    0x0801b06e      0x2  Protocol.o [6]
  .text               ro code  0x0801b070   0x2ce4  event.o [6]
  .text               ro code  0x0801dd54   0x1658  Freeze.o [6]
  .text               ro code  0x0801f3ac    0x744  dsp_time.o [6]
  .text               ro code  0x0801faf0    0x18c  ManageCom.o [6]
  .text               ro code  0x0801fc7c   0x2258  dbase.o [6]
  .text               ro code  0x08021ed4     0x4e  FltToDbl.o [5]
  .rodata             const    0x08021f22      0x2  DLT698_45APPData.o [6]
  .text               ro code  0x08021f28    0x8c0  pow.o [5]
  .text               ro code  0x080227e8    0x256  DblDiv.o [5]
  .rodata             const    0x08022a3e      0x2  DLT698_45APPData.o [6]
  .text               ro code  0x08022a40     0x90  DblToFlt.o [5]
  .text               ro code  0x08022ad0    0x1dc  SaveMem.o [6]
  .text               ro code  0x08022cac    0x418  event_sub.o [6]
  .text               ro code  0x080230c4    0x5ec  cpustm32f4xx.o [6]
  .text               ro code  0x080236b0    0x4ec  task_update.o [6]
  .text               ro code  0x08023b9c     0x62  memcmp_unaligned.o [7]
  .rodata             const    0x08023bfe      0x2  DLT698_45APPData.o [6]
  .text               ro code  0x08023c00     0x34  sprintf.o [3]
  .text               ro code  0x08023c34   0x2d00  ParaMeter698.o [6]
  .text               ro code  0x08026934      0x6  ABImemclr4.o [7]
  .rodata             const    0x0802693a      0x2  DLT698_45APPData.o [6]
  .text               ro code  0x0802693c    0x264  sm_api.o [6]
  .text               ro code  0x08026ba0    0x72c  Protocol.o [6]
  .text               ro code  0x080272cc   0x1044  dlt645_2007Link.o [6]
  .text               ro code  0x08028310    0x4b8  dlt645_2007APP.o [6]
  .text               ro code  0x080287c8    0x752  M24512.o [6]
  .rodata             const    0x08028f1a      0x2  DLT698_45APPData.o [6]
  .text               ro code  0x08028f1c   0x2b40  light_sm-v1.4.2.o [4]
  .text               ro code  0x0802ba5c     0x10  atof.o [5]
  .text               ro code  0x0802ba6c    0xb80  Variable698.o [6]
  .text               ro code  0x0802c5ec   0x1c80  Record698.o [6]
  .text               ro code  0x0802e26c     0xfc  fal_partition.o [6]
  .text               ro code  0x0802e368    0xd8c  datadeal.o [1]
  .text               ro code  0x0802f0f4     0x42  xdnorm.o [5]
  .text               ro code  0x0802f136     0x7e  xdint.o [5]
  .text               ro code  0x0802f1b4     0x20  DblCmpEq.o [5]
  .text               ro code  0x0802f1d4      0xc  errno.o [3]
  .text               ro code  0x0802f1e0     0x2e  DblCmpGe.o [5]
  .rodata             const    0x0802f20e      0x2  DLT698_45APPData.o [6]
  .text               ro code  0x0802f210     0x2e  DblCmpLe.o [5]
  .rodata             const    0x0802f23e      0x2  DLT698_45APPData.o [6]
  .text               ro code  0x0802f240    0x1a2  DblMul.o [5]
  .rodata             const    0x0802f3e2      0x2  DLT698_45APPData.o [6]
  .text               ro code  0x0802f3e4     0xe8  DblAdd.o [5]
  .text               ro code  0x0802f4cc     0x4c  DblToI32.o [5]
  .text               ro code  0x0802f518     0x2c  I32ToDbl.o [5]
  .text               ro code  0x0802f544    0x180  DblSub.o [5]
  .text               ro code  0x0802f6c4     0xb0  xlog.o [5]
  .text               ro code  0x0802f774    0x2c6  xexp.o [5]
  .rodata             const    0x0802fa3a      0x2  DLT698_45APPData.o [6]
  .text               ro code  0x0802fa3c    0x43c  gd25q64c.o [6]
  .text               ro code  0x0802fe78     0x10  gd32f4xx_fwdgt.o [6]
  .text               ro code  0x0802fe88     0x7e  systick.o [6]
  .rodata             const    0x0802ff06      0x2  DLT698_45APPData.o [6]
  .text               ro code  0x0802ff08     0xbc  LED.o [6]
  .text               ro code  0x0802ffc4     0x80  gd32f4xx_spi.o [6]
  .text               ro code  0x08030044    0x4d8  xprintfsmall_nomb.o [3]
  .text               ro code  0x0803051c     0x32  ABImemset48.o [7]
  .rodata             const    0x0803054e      0x2  DLT698_45APPData.o [6]
  .text               ro code  0x08030550    0x1f8  usart.o [6]
  .text               ro code  0x08030748     0x28  syscall_mem.o [6]
  .text               ro code  0x08030770    0x4b8  FactoryPro645.o [6]
  .text               ro code  0x08030c28    0x14c  gd32f4xx_gpio.o [6]
  .text               ro code  0x08030d74     0x90  TaskFun.o [1]
  .text               ro code  0x08030e04    0x168  xstod.o [5]
  .text               ro code  0x08030f6c     0xe0  fal_flash.o [6]
  .text               ro code  0x0803104c     0x42  strcmp_unaligned.o [7]
  .rodata             const    0x0803108e      0x2  ParaMeter698.o [6]
  .text               ro code  0x08031090     0x80  exp.o [5]
  .text               ro code  0x08031110     0x1c  sqrtf.o [5]
  .text               ro code  0x0803112c    0x238  tanh.o [5]
  .text               ro code  0x08031364     0x24  printf.o [3]
  .text               ro code  0x08031388    0x500  task_sample.o [6]
  .text               ro code  0x08031888      0x2  xtls.o [3]
  .text               ro code  0x0803188a     0x40  xdtest.o [5]
  .rodata             const    0x080318ca      0x2  ParaMeter698.o [6]
  .text               ro code  0x080318cc    0x118  xdscale.o [5]
  .text               ro code  0x080319e4    0x258  board_gd32f450.o [6]
  .text               ro code  0x08031c3c    0x1d0  gd32f4xx_rcu.o [6]
  .text               ro code  0x08031e0c     0xe0  gd32f4xx_timer.o [6]
  .text               ro code  0x08031eec    0x120  gd32f4xx_misc.o [6]
  .text               ro code  0x0803200c     0x16  strchr.o [7]
  .rodata             const    0x08032022      0x2  ParaMeter698.o [6]
  .text               ro code  0x08032024     0x36  strlen.o [7]
  .rodata             const    0x0803205a      0x2  ParaMeter698.o [6]
  .text               ro code  0x0803205c     0x58  memchr.o [7]
  .text               ro code  0x080320b4    0x636  gd32f4xx_dma.o [6]
  .rodata             const    0x080326ea      0x2  ParaMeter698.o [6]
  .text               ro code  0x080326ec    0x326  gd32f4xx_usart.o [6]
  .rodata             const    0x08032a12      0x2  ParaMeter698.o [6]
  .text               ro code  0x08032a14    0x9ac  kservice.o [6]
  .text               ro code  0x080333c0     0x70  ParaInfo.o [6]
  .text               ro code  0x08033430    0x7f0  thread.o [6]
  .text               ro code  0x08033c20    0xa08  ipc.o [6]
  .text               ro code  0x08034628     0x70  Algorithm.o [1]
  .text               ro code  0x08034698    0x124  xstopfx.o [3]
  .text               ro code  0x080347bc    0x1b8  xstoflt.o [3]
  .rodata             const    0x08034974     0x74  mem.o [6]
  .text               ro code  0x080349e8    0x200  xdtento.o [5]
  .text               ro code  0x08034be8    0x218  xstoxflt.o [3]
  .text               ro code  0x08034e00     0x2a  strncmp.o [3]
  .rodata             const    0x08034e2a      0x2  Record698.o [6]
  .text               ro code  0x08034e2c      0xc  iarEdom.o [7]
  .text               ro code  0x08034e38    0x1e4  spi.o [6]
  .text               ro code  0x0803501c     0x78  irq.o [6]
  .text               ro code  0x08035094    0x490  mem.o [6]
  .text               ro code  0x08035524    0x8f4  gcm.o [6]
  .text               ro code  0x08035e18    0x148  context_iar.o [6]
  .text               ro code  0x08035f60    0x390  scheduler_up.o [6]
  .text               ro code  0x080362f0    0x4ea  timer.o [6]
  .rodata             const    0x080367da      0x2  Variable698.o [6]
  .text               ro code  0x080367dc    0x134  idle.o [6]
  .text               ro code  0x08036910    0x318  object.o [6]
  .text               ro code  0x08036c28     0x74  cpuport.o [6]
  .text               ro code  0x08036c9c     0xa4  clock.o [6]
  .text               ro code  0x08036d40     0x28  isxxx.o [3]
  .text               ro code  0x08036d68     0x6c  localeconv.o [3]
  .text               ro code  0x08036dd4     0x56  xdunscal.o [5]
  .rodata             const    0x08036e2a      0x1  board_gd32f450.o [6]
  .rodata             const    0x08036e2b      0x1  DLT698_45APPData.o [6]
  .text               ro code  0x08036e2c    0x1e0  cipher.o [6]
  .text               ro code  0x0803700c     0x22  I64Shl.o [7]
  .text               ro code  0x08037030     0x1e  U64Shr.o [7]
  .text               ro code  0x08037050     0x18  platform_util.o [6]
  .text               ro code  0x08037068     0x18  setlocale.o [3]
  .text               ro code  0x08037080     0x16  xlocale_c.o [3]
  .text               ro code  0x08037096     0x14  xlocale_c.o [3]
  .text               ro code  0x080370ac   0x164e  aes.o [6]
  .text               ro code  0x080386fc    0xaf0  serial.o [6]
  .text               ro code  0x080391ec    0x184  completion.o [6]
  .text               ro code  0x08039370    0x390  dataqueue.o [6]
  .text               ro code  0x08039700     0x48  device.o [6]
  .rodata             const    0x08039748    0x744  Variable698.o [6]
  .rodata             const    0x08039e8c    0x400  CommFunc.o [6]
  .rodata             const    0x0803a28c    0x400  sm_api.o [6]
  .rodata             const    0x0803a68c    0x400  aes.o [6]
  .rodata             const    0x0803aa8c    0x400  aes.o [6]
  .text               ro code  0x0803ae8c    0x2dc  drv_usart.o [1]
  .text               ro code  0x0803b168    0x118  gd32f4xx_it.o [1]
  .text               ro code  0x0803b280     0x34  gd32f4xx_exti.o [6]
  .rodata             const    0x0803b2b4    0x200  CommFunc.o [6]
  FalPartTable        const    0x0803b4b4    0x200  fal_partition.o [6]
  .text               ro code  0x0803b6b4    0x1d4  Root.o [6]
  .text               ro code  0x0803b888     0x38  fal.o [6]
  .text               ro code  0x0803b8c0     0x20  main_task.o [6]
  .text               ro code  0x0803b8e0    0x1c2  lz77_init.o [7]
  .text               ro code  0x0803baa2      0x6  abort.o [3]
  .text               ro code  0x0803baa8      0xc  syscalls.o [6]
  .text               ro code  0x0803bab4     0x1a  cstdlib.o [6]
  .text               ro code  0x0803bad0    0x1ac  system_gd32f4xx.o [6]
  .rodata             const    0x0803bc7c    0x114  event.o [6]
  .rodata             const    0x0803bd90    0x104  ParaMeter698.o [6]
  .rodata             const    0x0803be94    0x100  kservice.o [6]
  .rodata             const    0x0803bf94    0x100  aes.o [6]
  .rodata             const    0x0803c094    0x100  aes.o [6]
  .text               ro code  0x0803c194     0xf4  board.o [6]
  .text               ro code  0x0803c288     0xce  components.o [6]
  .text               ro code  0x0803c358     0x28  data_init.o [7]
  .text               ro code  0x0803c380     0x12  main.o [6]
  .text               ro code  0x0803c394     0xe0  XShHandles.o [3]
  .text               ro code  0x0803c474     0xd6  xfspos.o [3]
  .text               ro code  0x0803c54c     0xb0  fflush.o [3]
  .text               ro code  0x0803c5fc      0xc  xfgpos.o [3]
  .text               ro code  0x0803c608     0x4c  lseek.o [8]
  .text               ro code  0x0803c654      0x4  xsyslock_nop.o [3]
  .text               ro code  0x0803c658     0x10  write.o [8]
  .text               ro code  0x0803c668     0x1e  dwrite.o [8]
  .text               ro code  0x0803c686     0x20  iarwstd.o [8]
  .text               ro code  0x0803c6a6     0x22  iarwrite.o [8]
  .text               ro code  0x0803c6c8     0x6c  iarttio.o [8]
  .text               ro code  0x0803c734      0x8  XShttio.o [3]
  .text               ro code  0x0803c73c     0xb8  cipher_wrap.o [6]
  .text               ro code  0x0803c7f4     0xb6  xfwprep.o [3]
  .text               ro code  0x0803c8aa     0x22  fseek.o [3]
  .rodata             const    0x0803c8cc     0xa0  event.o [6]
  .rodata             const    0x0803c96c     0x90  Record698.o [6]
  .rodata             const    0x0803c9fc     0x4c  mem.o [6]
  .rodata             const    0x0803ca48     0x80  gcm.o [6]
  .text               ro code  0x0803cac8     0x7c  xfofind.o [3]
  .text               ro code  0x0803cb44     0x7a  fclose.o [3]
  .text               ro code  0x0803cbbe     0x1a  close.o [8]
  .text               ro code  0x0803cbd8     0x16  remove.o [8]
  .text               ro code  0x0803cbf0     0x58  xcloseall.o [3]
  .text               ro code  0x0803cc48     0x56  fputc.o [3]
  .rodata             const    0x0803cca0     0x50  mem.o [6]
  .rodata             const    0x0803ccf0     0x50  mem.o [6]
  .rodata             const    0x0803cd40     0x48  ipc.o [6]
  .rodata             const    0x0803cd88     0x48  mem.o [6]
  .rodata             const    0x0803cdd0     0x44  thread.o [6]
  .rodata             const    0x0803ce14     0x44  thread.o [6]
  .rodata             const    0x0803ce58     0x44  ipc.o [6]
  .rodata             const    0x0803ce9c     0x44  ParaMeter698.o [6]
  .rodata             const    0x0803cee0     0x40  Dlt698_45_APP.o [6]
  .text               ro code  0x0803cf20     0x40  zero_init3.o [7]
  .rodata             const    0x0803cf60     0x3c  thread.o [6]
  .rodata             const    0x0803cf9c     0x3c  ipc.o [6]
  .rodata             const    0x0803cfd8     0x3c  timer.o [6]
  .rodata             const    0x0803d014     0x3c  mem.o [6]
  .rodata             const    0x0803d050     0x38  thread.o [6]
  .rodata             const    0x0803d088     0x38  mem.o [6]
  .rodata             const    0x0803d0c0     0x38  mem.o [6]
  .rodata             const    0x0803d0f8     0x38  cipher_wrap.o [6]
  .rodata             const    0x0803d130     0x34  fal_flash.o [6]
  .rodata             const    0x0803d164     0x34  fal_flash.o [6]
  .rodata             const    0x0803d198     0x30  thread.o [6]
  .rodata             const    0x0803d1c8     0x30  mem.o [6]
  .rodata             const    0x0803d1f8     0x30  mem.o [6]
  .rodata             const    0x0803d228     0x30  mem.o [6]
  .rodata             const    0x0803d258     0x30  completion.o [6]
  .rodata             const    0x0803d288     0x30  Dlt698_45_APP.o [6]
  .rodata             const    0x0803d2b8     0x2c  serial.o [6]
  .rodata             const    0x0803d2e4     0x2c  timer.o [6]
  .rodata             const    0x0803d310     0x2c  object.o [6]
  .rodata             const    0x0803d33c     0x2c  event_sub.o [6]
  .rodata             const    0x0803d368     0x2c  event_sub.o [6]
  .rodata             const    0x0803d394     0x2c  event_sub.o [6]
  .rodata             const    0x0803d3c0     0x2c  event_sub.o [6]
  .rodata             const    0x0803d3ec     0x2c  event_sub.o [6]
  .rodata             const    0x0803d418     0x28  datadeal.o [1]
  .rodata             const    0x0803d440     0x28  serial.o [6]
  .rodata             const    0x0803d468     0x28  serial.o [6]
  .rodata             const    0x0803d490     0x28  timer.o [6]
  .rodata             const    0x0803d4b8     0x28  mem.o [6]
  .rodata             const    0x0803d4e0     0x28  aes.o [6]
  .rodata             const    0x0803d508     0x24  drv_usart.o [1]
  .rodata             const    0x0803d52c     0x24  thread.o [6]
  .rodata             const    0x0803d550     0x24  mem.o [6]
  .rodata             const    0x0803d574     0x24  event_sub.o [6]
  .rodata             const    0x0803d598     0x24  event_sub.o [6]
  .rodata             const    0x0803d5bc     0x24  event_sub.o [6]
  .rodata             const    0x0803d5e0     0x24  event.o [6]
  .text               ro code  0x0803d604     0x22  fpinit_M.o [5]
  .iar.init_table     const    0x0803d628     0x2c  - Linker created -
  .rodata             const    0x0803d654     0x20  serial.o [6]
  .rodata             const    0x0803d674     0x20  serial.o [6]
  .rodata             const    0x0803d694     0x20  dataqueue.o [6]
  .rodata             const    0x0803d6b4     0x20  event.o [6]
  .rodata             const    0x0803d6d4     0x20  event.o [6]
  .rodata             const    0x0803d6f4     0x20  ParaMeter698.o [6]
  .rodata             const    0x0803d714     0x1c  thread.o [6]
  .rodata             const    0x0803d730     0x1c  thread.o [6]
  .rodata             const    0x0803d74c     0x1c  thread.o [6]
  .rodata             const    0x0803d768     0x1c  scheduler_up.o [6]
  .rodata             const    0x0803d784     0x1c  scheduler_up.o [6]
  .rodata             const    0x0803d7a0     0x1c  object.o [6]
  .rodata             const    0x0803d7bc     0x1c  event_sub.o [6]
  .rodata             const    0x0803d7d8     0x1c  Variable698.o [6]
  .rodata             const    0x0803d7f4     0x1c  cipher_wrap.o [6]
  .rodata             const    0x0803d810     0x1c  cipher_wrap.o [6]
  .rodata             const    0x0803d82c     0x1c  cipher_wrap.o [6]
  .rodata             const    0x0803d848     0x1c  cipher_wrap.o [6]
  .rodata             const    0x0803d864     0x1c  cipher_wrap.o [6]
  .rodata             const    0x0803d880     0x1c  cipher_wrap.o [6]
  .text               ro code  0x0803d89c     0x1a  cmain.o [7]
  .text               ro code  0x0803d8b6      0x4  exit.o [3]
  .text               ro code  0x0803d8bc      0xe  cexit.o [7]
  .rodata             const    0x0803d8cc     0x18  datadeal.o [1]
  .rodata             const    0x0803d8e4     0x18  datadeal.o [1]
  .rodata             const    0x0803d8fc     0x18  thread.o [6]
  .rodata             const    0x0803d914     0x18  kservice.o [6]
  .rodata             const    0x0803d92c     0x18  serial.o [6]
  .rodata             const    0x0803d944     0x18  board_gd32f450.o [6]
  .rodata             const    0x0803d95c     0x18  timer.o [6]
  .rodata             const    0x0803d974     0x18  scheduler_up.o [6]
  .rodata             const    0x0803d98c     0x18  object.o [6]
  .rodata             const    0x0803d9a4     0x18  mem.o [6]
  .rodata             const    0x0803d9bc     0x18  completion.o [6]
  .rodata             const    0x0803d9d4     0x18  dataqueue.o [6]
  .rodata             const    0x0803d9ec     0x18  ParaMeter698.o [6]
  .rodata             const    0x0803da04     0x18  ParaMeter698.o [6]
  .rodata             const    0x0803da1c     0x18  cipher_wrap.o [6]
  .rodata             const    0x0803da34     0x18  cipher_wrap.o [6]
  .text               ro code  0x0803da4c     0x16  xprout.o [3]
  .text               ro code  0x0803da64      0xc  putchar.o [3]
  .rodata             const    0x0803da70     0x14  drv_usart.o [1]
  .rodata             const    0x0803da84     0x14  drv_usart.o [1]
  .rodata             const    0x0803da98     0x14  thread.o [6]
  .rodata             const    0x0803daac     0x14  thread.o [6]
  .rodata             const    0x0803dac0     0x14  thread.o [6]
  .rodata             const    0x0803dad4     0x14  thread.o [6]
  .rodata             const    0x0803dae8     0x14  thread.o [6]
  .rodata             const    0x0803dafc     0x14  thread.o [6]
  .rodata             const    0x0803db10     0x14  kservice.o [6]
  .rodata             const    0x0803db24     0x14  kservice.o [6]
  .rodata             const    0x0803db38     0x14  kservice.o [6]
  .rodata             const    0x0803db4c     0x14  serial.o [6]
  .rodata             const    0x0803db60     0x14  serial.o [6]
  .rodata             const    0x0803db74     0x14  serial.o [6]
  .rodata             const    0x0803db88     0x14  serial.o [6]
  .rodata             const    0x0803db9c     0x14  serial.o [6]
  .rodata             const    0x0803dbb0     0x14  serial.o [6]
  .rodata             const    0x0803dbc4     0x14  ipc.o [6]
  .rodata             const    0x0803dbd8     0x14  ipc.o [6]
  .rodata             const    0x0803dbec     0x14  ipc.o [6]
  .rodata             const    0x0803dc00     0x14  ipc.o [6]
  .rodata             const    0x0803dc14     0x14  ipc.o [6]
  .rodata             const    0x0803dc28     0x14  timer.o [6]
  .rodata             const    0x0803dc3c     0x14  timer.o [6]
  .rodata             const    0x0803dc50     0x14  timer.o [6]
  .rodata             const    0x0803dc64     0x14  scheduler_up.o [6]
  .rodata             const    0x0803dc78     0x14  object.o [6]
  .rodata             const    0x0803dc8c     0x14  object.o [6]
  .rodata             const    0x0803dca0     0x14  object.o [6]
  .rodata             const    0x0803dcb4     0x14  object.o [6]
  .rodata             const    0x0803dcc8     0x14  object.o [6]
  .rodata             const    0x0803dcdc     0x14  completion.o [6]
  .rodata             const    0x0803dcf0     0x14  completion.o [6]
  .rodata             const    0x0803dd04     0x14  dataqueue.o [6]
  .rodata             const    0x0803dd18     0x14  dataqueue.o [6]
  .rodata             const    0x0803dd2c     0x14  dataqueue.o [6]
  .rodata             const    0x0803dd40     0x14  dataqueue.o [6]
  .rodata             const    0x0803dd54     0x14  ParaMeter698.o [6]
  .rodata             const    0x0803dd68     0x14  components.o [6]
  .text               ro code  0x0803dd7c     0x14  memset.o [3]
  .rodata             const    0x0803dd90     0x10  drv_usart.o [1]
  .rodata             const    0x0803dda0     0x10  drv_usart.o [1]
  .rodata             const    0x0803ddb0     0x10  drv_usart.o [1]
  .rodata             const    0x0803ddc0     0x10  thread.o [6]
  .rodata             const    0x0803ddd0     0x10  thread.o [6]
  .rodata             const    0x0803dde0     0x10  thread.o [6]
  .rodata             const    0x0803ddf0     0x10  thread.o [6]
  .rodata             const    0x0803de00     0x10  gd32f4xx_rcu.o [6]
  .rodata             const    0x0803de10     0x10  kservice.o [6]
  .rodata             const    0x0803de20     0x10  kservice.o [6]
  .rodata             const    0x0803de30     0x10  serial.o [6]
  .rodata             const    0x0803de40     0x10  serial.o [6]
  .rodata             const    0x0803de50     0x10  serial.o [6]
  .rodata             const    0x0803de60     0x10  serial.o [6]
  .rodata             const    0x0803de70     0x10  serial.o [6]
  .rodata             const    0x0803de80     0x10  serial.o [6]
  .rodata             const    0x0803de90     0x10  serial.o [6]
  .rodata             const    0x0803dea0     0x10  serial.o [6]
  .rodata             const    0x0803deb0     0x10  serial.o [6]
  .rodata             const    0x0803dec0     0x10  serial.o [6]
  .rodata             const    0x0803ded0     0x10  serial.o [6]
  .rodata             const    0x0803dee0     0x10  serial.o [6]
  .rodata             const    0x0803def0     0x10  ipc.o [6]
  .rodata             const    0x0803df00     0x10  ipc.o [6]
  .rodata             const    0x0803df10     0x10  ipc.o [6]
  .rodata             const    0x0803df20     0x10  ipc.o [6]
  .rodata             const    0x0803df30     0x10  timer.o [6]
  .rodata             const    0x0803df40     0x10  timer.o [6]
  .rodata             const    0x0803df50     0x10  timer.o [6]
  .rodata             const    0x0803df60     0x10  timer.o [6]
  .rodata             const    0x0803df70     0x10  object.o [6]
  .rodata             const    0x0803df80     0x10  object.o [6]
  .rodata             const    0x0803df90     0x10  object.o [6]
  .rodata             const    0x0803dfa0     0x10  CommFunc.o [6]
  .rodata             const    0x0803dfb0     0x10  mem.o [6]
  .rodata             const    0x0803dfc0     0x10  mem.o [6]
  .rodata             const    0x0803dfd0     0x10  mem.o [6]
  .rodata             const    0x0803dfe0     0x10  mem.o [6]
  .rodata             const    0x0803dff0     0x10  event_sub.o [6]
  .rodata             const    0x0803e000     0x10  event_sub.o [6]
  .rodata             const    0x0803e010     0x10  event_sub.o [6]
  .rodata             const    0x0803e020     0x10  event_sub.o [6]
  .rodata             const    0x0803e030     0x10  event_sub.o [6]
  .rodata             const    0x0803e040     0x10  ParaMeter698.o [6]
  .rodata             const    0x0803e050     0x10  ParaMeter698.o [6]
  .rodata             const    0x0803e060     0x10  ParaMeter698.o [6]
  .rodata             const    0x0803e070     0x10  ParaMeter698.o [6]
  .rodata             const    0x0803e080     0x10  ParaMeter698.o [6]
  .rodata             const    0x0803e090     0x10  Variable698.o [6]
  .rodata             const    0x0803e0a0     0x10  Variable698.o [6]
  .rodata             const    0x0803e0b0     0x10  Variable698.o [6]
  .rodata             const    0x0803e0c0     0x10  Variable698.o [6]
  .rodata             const    0x0803e0d0     0x10  Freeze.o [6]
  .rodata             const    0x0803e0e0     0x10  sm_api.o [6]
  .rodata             const    0x0803e0f0     0x10  FactoryPro645.o [6]
  .rodata             const    0x0803e100     0x10  components.o [6]
  .text               ro code  0x0803e110     0x10  startup_gd32f450_470.o [6]
  .rodata             const    0x0803e120      0xc  Algorithm.o [1]
  .rodata             const    0x0803e12c      0xc  drv_usart.o [1]
  .rodata             const    0x0803e138      0xc  drv_usart.o [1]
  .rodata             const    0x0803e144      0xc  TaskFun.o [1]
  .rodata             const    0x0803e150      0xc  ipc.o [6]
  .rodata             const    0x0803e15c      0xc  dsp_time.o [6]
  .rodata             const    0x0803e168      0xc  dsp_time.o [6]
  .rodata             const    0x0803e174      0xc  mem.o [6]
  .rodata             const    0x0803e180      0xc  dataqueue.o [6]
  .rodata             const    0x0803e18c      0xc  Dlt698_45_APP.o [6]
  .rodata             const    0x0803e198      0xc  ParaMeter698.o [6]
  .rodata             const    0x0803e1a4      0xc  ParaMeter698.o [6]
  .rodata             const    0x0803e1b0      0xc  ParaMeter698.o [6]
  .rodata             const    0x0803e1bc      0xc  Record698.o [6]
  .rodata             const    0x0803e1c8      0xc  Record698.o [6]
  .rodata             const    0x0803e1d4      0xc  Record698.o [6]
  .rodata             const    0x0803e1e0      0xc  Variable698.o [6]
  .rodata             const    0x0803e1ec      0xc  Variable698.o [6]
  .rodata             const    0x0803e1f8      0xc  Variable698.o [6]
  .rodata             const    0x0803e204      0xc  Variable698.o [6]
  .rodata             const    0x0803e210      0xc  cipher_wrap.o [6]
  .rodata             const    0x0803e21c      0xc  cipher_wrap.o [6]
  .rodata             const    0x0803e228      0xc  cipher_wrap.o [6]
  .rodata             const    0x0803e234      0xc  cipher_wrap.o [6]
  .rodata             const    0x0803e240      0xc  cipher_wrap.o [6]
  .rodata             const    0x0803e24c      0xc  cipher_wrap.o [6]
  .text               ro code  0x0803e258      0xc  cstartup_M.o [7]
  .rodata             const    0x0803e264      0x8  drv_usart.o [1]
  .rodata             const    0x0803e26c      0x8  drv_usart.o [1]
  .rodata             const    0x0803e274      0x8  gd32f4xx_rcu.o [6]
  .rodata             const    0x0803e27c      0x8  gd32f4xx_rcu.o [6]
  .rodata             const    0x0803e284      0x8  kservice.o [6]
  .rodata             const    0x0803e28c      0x8  kservice.o [6]
  .rodata             const    0x0803e294      0x8  idle.o [6]
  .rodata             const    0x0803e29c      0x8  mem.o [6]
  .rodata             const    0x0803e2a4      0x8  Dlt698_45_APP.o [6]
  .rodata             const    0x0803e2ac      0x8  Dlt698_45_APP.o [6]
  .rodata             const    0x0803e2b4      0x8  Dlt698_45_APP.o [6]
  .rodata             const    0x0803e2bc      0x8  dlt645_2007Link.o [6]
  .rodata             const    0x0803e2c4      0x8  event.o [6]
  .rodata             const    0x0803e2cc      0x8  ParaMeter698.o [6]
  .rodata             const    0x0803e2d4      0x8  ParaMeter698.o [6]
  .rodata             const    0x0803e2dc      0x8  ParaMeter698.o [6]
  .rodata             const    0x0803e2e4      0x8  ParaMeter698.o [6]
  .rodata             const    0x0803e2ec      0x8  ParaMeter698.o [6]
  .rodata             const    0x0803e2f4      0x8  ParaMeter698.o [6]
  .rodata             const    0x0803e2fc      0x8  ParaMeter698.o [6]
  .rodata             const    0x0803e304      0x8  ParaMeter698.o [6]
  .rodata             const    0x0803e30c      0x8  Record698.o [6]
  .rodata             const    0x0803e314      0x8  Record698.o [6]
  .rodata             const    0x0803e31c      0x8  Record698.o [6]
  .rodata             const    0x0803e324      0x8  Record698.o [6]
  .rodata             const    0x0803e32c      0x8  Record698.o [6]
  .rodata             const    0x0803e334      0x8  Variable698.o [6]
  .rodata             const    0x0803e33c      0x8  Variable698.o [6]
  .rodata             const    0x0803e344      0x8  Variable698.o [6]
  .rodata             const    0x0803e34c      0x8  Variable698.o [6]
  .rodata             const    0x0803e354      0x8  Freeze.o [6]
  .rodata             const    0x0803e35c      0x8  Freeze.o [6]
  .rodata             const    0x0803e364      0x8  Freeze.o [6]
  .rodata             const    0x0803e36c      0x8  fal_flash.o [6]
  .rodata             const    0x0803e374      0x8  components.o [6]
  .rodata             const    0x0803e37c      0x8  Root.o [6]
  .rodata             const    0x0803e384      0x4  DLT698_45APPData.o [6]
  .rodata             const    0x0803e388      0x4  DLT698_45APPData.o [6]
  .rodata             const    0x0803e38c      0x4  DLT698_45APPData.o [6]
  .rodata             const    0x0803e390      0x4  DLT698_45APPData.o [6]
  .rodata             const    0x0803e394      0x4  DLT698_45APPData.o [6]
  .rodata             const    0x0803e398      0x4  DLT698_45APPData.o [6]
  .rodata             const    0x0803e39c      0x4  DLT698_45APPData.o [6]
  .rodata             const    0x0803e3a0      0x4  DLT698_45APPData.o [6]
  .rodata             const    0x0803e3a4      0x4  event_sub.o [6]
  .rodata             const    0x0803e3a8      0x4  event_sub.o [6]
  .rodata             const    0x0803e3ac      0x4  event_sub.o [6]
  .rodata             const    0x0803e3b0      0x4  ParaMeter698.o [6]
  .rodata             const    0x0803e3b4      0x4  Record698.o [6]
  .rodata             const    0x0803e3b8      0x4  Record698.o [6]
  .rodata             const    0x0803e3bc      0x4  Record698.o [6]
  .rodata             const    0x0803e3c0      0x4  Record698.o [6]
  .rodata             const    0x0803e3c4      0x4  Variable698.o [6]
  .rodata             const    0x0803e3c8      0x4  Variable698.o [6]
  .rodata             const    0x0803e3cc      0x4  Variable698.o [6]
  .rodata             const    0x0803e3d0      0x4  Variable698.o [6]
  .rodata             const    0x0803e3d4      0x4  Variable698.o [6]
  .rodata             const    0x0803e3d8      0x4  Variable698.o [6]
  .rodata             const    0x0803e3dc      0x4  Variable698.o [6]
  .rodata             const    0x0803e3e0      0x4  Variable698.o [6]
  .rodata             const    0x0803e3e4      0x4  Variable698.o [6]
  .rodata             const    0x0803e3e8      0x4  Variable698.o [6]
  .rodata             const    0x0803e3ec      0x4  FactoryPro645.o [6]
  .rodata             const    0x0803e3f0      0x4  fal_flash.o [6]
  .rti_fn.0           const    0x0803e3f4      0x4  components.o [6]
  .rti_fn.0.end       const    0x0803e3f8      0x4  components.o [6]
  .rti_fn.1           const    0x0803e3fc      0x4  drv_usart.o [1]
  .rti_fn.1.end       const    0x0803e400      0x4  components.o [6]
  .rti_fn.6.end       const    0x0803e404      0x4  components.o [6]
  .text               ro code  0x0803e408      0x4  startup_gd32f450_470.o [6]
  .text               ro code  0x0803e40c      0x4  startup_gd32f450_470.o [6]
  .text               ro code  0x0803e410      0x4  startup_gd32f450_470.o [6]
  .text               ro code  0x0803e414      0x4  startup_gd32f450_470.o [6]
  .text               ro code  0x0803e418      0x4  startup_gd32f450_470.o [6]
  .text               ro code  0x0803e41c      0x4  startup_gd32f450_470.o [6]
  .text               ro code  0x0803e420      0x4  startup_gd32f450_470.o [6]
  .text               ro code  0x0803e424      0x4  startup_gd32f450_470.o [6]
  .text               ro code  0x0803e428      0x4  startup_gd32f450_470.o [6]
  .text               ro code  0x0803e42c      0x4  startup_gd32f450_470.o [6]
  .text               ro code  0x0803e430      0x4  startup_gd32f450_470.o [6]
  .text               ro code  0x0803e434      0x4  startup_gd32f450_470.o [6]
  .text               ro code  0x0803e438      0x4  startup_gd32f450_470.o [6]
  .text               ro code  0x0803e43c      0x4  startup_gd32f450_470.o [6]
  .text               ro code  0x0803e440      0x4  startup_gd32f450_470.o [6]
  .text               ro code  0x0803e444      0x4  startup_gd32f450_470.o [6]
  .text               ro code  0x0803e448      0x4  startup_gd32f450_470.o [6]
  .text               ro code  0x0803e44c      0x4  startup_gd32f450_470.o [6]
  .text               ro code  0x0803e450      0x4  startup_gd32f450_470.o [6]
  .text               ro code  0x0803e454      0x4  startup_gd32f450_470.o [6]
  .text               ro code  0x0803e458      0x4  startup_gd32f450_470.o [6]
  .text               ro code  0x0803e45c      0x4  startup_gd32f450_470.o [6]
  .text               ro code  0x0803e460      0x4  startup_gd32f450_470.o [6]
  .text               ro code  0x0803e464      0x4  startup_gd32f450_470.o [6]
  .text               ro code  0x0803e468      0x4  startup_gd32f450_470.o [6]
  .text               ro code  0x0803e46c      0x4  startup_gd32f450_470.o [6]
  .text               ro code  0x0803e470      0x4  startup_gd32f450_470.o [6]
  .text               ro code  0x0803e474      0x4  startup_gd32f450_470.o [6]
  .text               ro code  0x0803e478      0x4  startup_gd32f450_470.o [6]
  .text               ro code  0x0803e47c      0x4  startup_gd32f450_470.o [6]
  .text               ro code  0x0803e480      0x4  startup_gd32f450_470.o [6]
  .text               ro code  0x0803e484      0x4  startup_gd32f450_470.o [6]
  .text               ro code  0x0803e488      0x4  startup_gd32f450_470.o [6]
  .text               ro code  0x0803e48c      0x4  startup_gd32f450_470.o [6]
  .text               ro code  0x0803e490      0x4  startup_gd32f450_470.o [6]
  .text               ro code  0x0803e494      0x4  startup_gd32f450_470.o [6]
  .text               ro code  0x0803e498      0x4  startup_gd32f450_470.o [6]
  .text               ro code  0x0803e49c      0x4  startup_gd32f450_470.o [6]
  .text               ro code  0x0803e4a0      0x4  startup_gd32f450_470.o [6]
  .text               ro code  0x0803e4a4      0x4  startup_gd32f450_470.o [6]
  .text               ro code  0x0803e4a8      0x4  startup_gd32f450_470.o [6]
  .text               ro code  0x0803e4ac      0x4  startup_gd32f450_470.o [6]
  .text               ro code  0x0803e4b0      0x4  startup_gd32f450_470.o [6]
  .text               ro code  0x0803e4b4      0x4  startup_gd32f450_470.o [6]
  .text               ro code  0x0803e4b8      0x4  startup_gd32f450_470.o [6]
  .text               ro code  0x0803e4bc      0x4  startup_gd32f450_470.o [6]
  .text               ro code  0x0803e4c0      0x4  startup_gd32f450_470.o [6]
  .text               ro code  0x0803e4c4      0x4  startup_gd32f450_470.o [6]
  .text               ro code  0x0803e4c8      0x4  startup_gd32f450_470.o [6]
  .text               ro code  0x0803e4cc      0x4  startup_gd32f450_470.o [6]
  .text               ro code  0x0803e4d0      0x4  startup_gd32f450_470.o [6]
  .text               ro code  0x0803e4d4      0x4  startup_gd32f450_470.o [6]
  .text               ro code  0x0803e4d8      0x4  startup_gd32f450_470.o [6]
  .text               ro code  0x0803e4dc      0x4  startup_gd32f450_470.o [6]
  .text               ro code  0x0803e4e0      0x4  startup_gd32f450_470.o [6]
  .text               ro code  0x0803e4e4      0x4  startup_gd32f450_470.o [6]
  .text               ro code  0x0803e4e8      0x4  startup_gd32f450_470.o [6]
  .text               ro code  0x0803e4ec      0x4  startup_gd32f450_470.o [6]
  .text               ro code  0x0803e4f0      0x4  startup_gd32f450_470.o [6]
  .text               ro code  0x0803e4f4      0x4  startup_gd32f450_470.o [6]
  .text               ro code  0x0803e4f8      0x4  startup_gd32f450_470.o [6]
  .text               ro code  0x0803e4fc      0x4  startup_gd32f450_470.o [6]
  .text               ro code  0x0803e500      0x4  startup_gd32f450_470.o [6]
  .text               ro code  0x0803e504      0x4  startup_gd32f450_470.o [6]
  .text               ro code  0x0803e508      0x4  startup_gd32f450_470.o [6]
  .text               ro code  0x0803e50c      0x4  startup_gd32f450_470.o [6]
  .text               ro code  0x0803e510      0x4  startup_gd32f450_470.o [6]
  .text               ro code  0x0803e514      0x4  startup_gd32f450_470.o [6]
  .text               ro code  0x0803e518      0x4  startup_gd32f450_470.o [6]
  .text               ro code  0x0803e51c      0x4  startup_gd32f450_470.o [6]
  .text               ro code  0x0803e520      0x4  startup_gd32f450_470.o [6]
  .text               ro code  0x0803e524      0x4  startup_gd32f450_470.o [6]
  .text               ro code  0x0803e528      0x4  startup_gd32f450_470.o [6]
  .text               ro code  0x0803e52c      0x4  startup_gd32f450_470.o [6]
  .text               ro code  0x0803e530      0x4  startup_gd32f450_470.o [6]
  .text               ro code  0x0803e534      0x4  startup_gd32f450_470.o [6]
  .text               ro code  0x0803e538      0x4  startup_gd32f450_470.o [6]
  .text               ro code  0x0803e53c      0x4  startup_gd32f450_470.o [6]
  .text               ro code  0x0803e540      0x4  startup_gd32f450_470.o [6]
  .text               ro code  0x0803e544      0x4  startup_gd32f450_470.o [6]
  .text               ro code  0x0803e548      0x4  startup_gd32f450_470.o [6]
  .text               ro code  0x0803e54c      0x0  cstart_closeall.o [7]
  .rodata             const    0x0803e54c      0x0  zero_init3.o [7]
  .rodata             const    0x0803e54c      0x0  lz77_init.o [7]
  Initializer bytes   const    0x0803e54c   0x8f33  <for P2 s0>
                             - 0x0804747f  0x372d3

"P2":                                      0x42648
  P2 s0                        0x20000000   0xaa82  <Init block>
    .data             inited   0x20000000   0xa2f8  datadeal.o [1]
    .data             inited   0x2000a2f8    0x188  datadeal.o [1]
    .data             inited   0x2000a480     0xd4  datadeal.o [1]
    .data             inited   0x2000a554     0xb0  object.o [6]
    __DLIB_PERTHREAD  inited   0x2000a604     0x88  localeconv.o [3]
    .data             inited   0x2000a68c     0x78  Freeze.o [6]
    __DLIB_PERTHREAD  inited   0x2000a704     0x74  setlocale.o [3]
    .data             inited   0x2000a778     0x60  sm_task.o [6]
    .data             inited   0x2000a7d8     0x4c  sm_task.o [6]
    .data             inited   0x2000a824     0x40  xfiles.o [3]
    .data             inited   0x2000a864     0x40  xfiles.o [3]
    .data             inited   0x2000a8a4     0x40  xfiles.o [3]
    .data             inited   0x2000a8e4     0x34  ParaMeter698.o [6]
    .data             inited   0x2000a918     0x30  ManageCom.o [6]
    .data             inited   0x2000a948     0x30  Freeze.o [6]
    .data             inited   0x2000a978     0x2c  ParaMeter698.o [6]
    .data             inited   0x2000a9a4     0x2c  ParaMeter698.o [6]
    .data             inited   0x2000a9d0     0x20  ManageCom.o [6]
    .data             inited   0x2000a9f0     0x20  xfiles.o [3]
    .data             inited   0x2000aa10     0x18  Freeze.o [6]
    .data             inited   0x2000aa28     0x14  ParaMeter698.o [6]
    .data             inited   0x2000aa3c      0xc  ManageCom.o [6]
    .data             inited   0x2000aa48      0x8  idle.o [6]
    .data             inited   0x2000aa50      0x8  sm_task.o [6]
    .data             inited   0x2000aa58      0x8  sm_task.o [6]
    .data             inited   0x2000aa60      0x8  XShttio.o [3]
    .data             inited   0x2000aa68      0x4  task_sample.o [6]
    .data             inited   0x2000aa6c      0x4  task_sample.o [6]
    .data             inited   0x2000aa70      0x4  Protocol.o [6]
    .data             inited   0x2000aa74      0x4  system_gd32f4xx.o [6]
    .data             inited   0x2000aa78      0x4  platform_util.o [6]
    __DLIB_PERTHREAD  inited   0x2000aa7c      0x4  errno.o [3]
    .data             inited   0x2000aa80      0x2  task_sample.o [6]
  .bss                zero     0x2000aa84  0x19000  task_sample.o [6]
  .bss                zero     0x20023a84   0xc800  task_sample.o [6]
  .bss                zero     0x20030284   0x1400  sm_task.o [6]
  .bss                zero     0x20031684   0x1088  dbase.o [6]
  .bss                zero     0x2003270c   0x1004  Dlt698_45_APP.o [6]
  .bss                zero     0x20033710   0x1000  Root.o [6]
  .bss                zero     0x20034710    0xfa0  CommFunc.o [6]
  .bss                zero     0x200356b0    0x820  datadeal.o [1]
  .bss                zero     0x20035ed0    0x820  datadeal.o [1]
  .bss                zero     0x200366f0    0x800  usart.o [6]
  .bss                zero     0x20036ef0    0x7f0  Protocol.o [6]
  .bss                zero     0x200376e0    0x7f0  Dlt698_45_APP.o [6]
  .bss                zero     0x20037ed0    0x7f0  Dlt698_45_APP.o [6]
  .bss                zero     0x200386c0    0x444  Protocol.o [6]
  .bss                zero     0x20038b04    0x30c  board_gd32f450.o [6]
  .bss                zero     0x20038e10    0x228  dbase.o [6]
  .bss                zero     0x20039038    0x200  datadeal.o [1]
  .bss                zero     0x20039238    0x200  datadeal.o [1]
  .bss                zero     0x20039438    0x1dc  Dlt698_45_APP.o [6]
  .bss                zero     0x20039614    0x110  datadeal.o [1]
  .bss                zero     0x20039724    0x110  light_sm-v1.4.2.o [4]
  .bss                zero     0x20039834    0x104  datadeal.o [1]
  .bss                zero     0x20039938    0x104  datadeal.o [1]
  .bss                zero     0x20039a3c    0x100  scheduler_up.o [6]
  .bss                zero     0x20039b40    0x100  idle.o [6]
  .bss                zero     0x20039c40     0xfc  sm_task.o [6]
  .bss                zero     0x20039d3c     0xf8  Dlt698_45_APP.o [6]
  .bss                zero     0x20039e34     0x8c  idle.o [6]
  .bss                zero     0x20039ec0     0x80  XShHandles.o [3]
  .bss                zero     0x20039f40     0x60  event_sub.o [6]
  .bss                zero     0x20039fa0     0x5c  drv_usart.o [1]
  .bss                zero     0x20039ffc     0x58  event_sub.o [6]
  .bss                zero     0x2003a054     0x58  event.o [6]
  .bss                zero     0x2003a0ac     0x50  xfiles.o [3]
  .bss                zero     0x2003a0fc     0x50  xfiles.o [3]
  .bss                zero     0x2003a14c     0x4c  sm_task.o [6]
  .bss                zero     0x2003a198     0x40  datadeal.o [1]
  .bss                zero     0x2003a1d8     0x40  datadeal.o [1]
  .bss                zero     0x2003a218     0x3c  Flag.o [6]
  .bss                zero     0x2003a254     0x30  dbase.o [6]
  .bss                zero     0x2003a284     0x30  dbase.o [6]
  .bss                zero     0x2003a2b4     0x2c  kservice.o [6]
  .bss                zero     0x2003a2e0     0x28  Dlt698_45_APP.o [6]
  .bss                zero     0x2003a308     0x28  ManageCom.o [6]
  .bss                zero     0x2003a330     0x28  dlt645_2007APP.o [6]
  .bss                zero     0x2003a358     0x24  dlt645_2007APP.o [6]
  .bss                zero     0x2003a37c     0x24  Freeze.o [6]
  .bss                zero     0x2003a3a0     0x20  dbase.o [6]
  .bss                zero     0x2003a3c0     0x20  task_sample.o [6]
  .bss                zero     0x2003a3e0     0x1c  Dlt698_45_APP.o [6]
  .bss                zero     0x2003a3fc     0x1c  Record698.o [6]
  .bss                zero     0x2003a418     0x18  Algorithm.o [1]
  .bss                zero     0x2003a430     0x18  task_sample.o [6]
  .bss                zero     0x2003a448     0x14  board_gd32f450.o [6]
  .bss                zero     0x2003a45c     0x14  Protocol.o [6]
  .bss                zero     0x2003a470     0x14  Dlt698_45_APP.o [6]
  .bss                zero     0x2003a484     0x14  event.o [6]
  .bss                zero     0x2003a498     0x10  idle.o [6]
  .bss                zero     0x2003a4a8     0x10  Dlt698_45_APP.o [6]
  .bss                zero     0x2003a4b8     0x10  event.o [6]
  .bss                zero     0x2003a4c8      0xc  Dlt698_45_APP.o [6]
  .bss                zero     0x2003a4d4      0x8  timer.o [6]
  .bss                zero     0x2003a4dc      0x8  dsp_time.o [6]
  .bss                zero     0x2003a4e4      0x8  dsp_time.o [6]
  .bss                zero     0x2003a4ec      0x8  dsp_time.o [6]
  .bss                zero     0x2003a4f4      0x8  dsp_time.o [6]
  .bss                zero     0x2003a4fc      0x8  event.o [6]
  .bss                zero     0x2003a504      0x8  dlt645_2007APP.o [6]
  .bss                zero     0x2003a50c      0x4  Algorithm.o [1]
  .bss                zero     0x2003a510      0x4  datadeal.o [1]
  .bss                zero     0x2003a514      0x4  datadeal.o [1]
  .bss                zero     0x2003a518      0x4  datadeal.o [1]
  .bss                zero     0x2003a51c      0x4  datadeal.o [1]
  .bss                zero     0x2003a520      0x4  datadeal.o [1]
  .bss                zero     0x2003a524      0x4  TaskFun.o [1]
  .bss                zero     0x2003a528      0x4  cpustm32f4xx.o [6]
  .bss                zero     0x2003a52c      0x4  cpustm32f4xx.o [6]
  .bss                zero     0x2003a530      0x4  cpustm32f4xx.o [6]
  .bss                zero     0x2003a534      0x4  thread.o [6]
  .bss                zero     0x2003a538      0x4  thread.o [6]
  .bss                zero     0x2003a53c      0x4  thread.o [6]
  .bss                zero     0x2003a540      0x4  task_sample.o [6]
  .bss                zero     0x2003a544      0x4  task_sample.o [6]
  .bss                zero     0x2003a548      0x4  task_sample.o [6]
  .bss                zero     0x2003a54c      0x4  task_sample.o [6]
  .bss                zero     0x2003a550      0x4  task_sample.o [6]
  .bss                zero     0x2003a554      0x4  task_sample.o [6]
  .bss                zero     0x2003a558      0x4  task_sample.o [6]
  .bss                zero     0x2003a55c      0x4  kservice.o [6]
  .bss                zero     0x2003a560      0x4  kservice.o [6]
  .bss                zero     0x2003a564      0x4  kservice.o [6]
  .bss                zero     0x2003a568      0x4  kservice.o [6]
  .bss                zero     0x2003a56c      0x4  kservice.o [6]
  .bss                zero     0x2003a570      0x4  irq.o [6]
  .bss                zero     0x2003a574      0x4  irq.o [6]
  .bss                zero     0x2003a578      0x4  systick.o [6]
  .bss                zero     0x2003a57c      0x4  timer.o [6]
  .bss                zero     0x2003a580      0x4  timer.o [6]
  .bss                zero     0x2003a584      0x4  timer.o [6]
  .bss                zero     0x2003a588      0x4  Protocol.o [6]
  .bss                zero     0x2003a58c      0x4  task_update.o [6]
  .bss                zero     0x2003a590      0x4  scheduler_up.o [6]
  .bss                zero     0x2003a594      0x4  scheduler_up.o [6]
  .bss                zero     0x2003a598      0x4  scheduler_up.o [6]
  .bss                zero     0x2003a59c      0x4  scheduler_up.o [6]
  .bss                zero     0x2003a5a0      0x4  cpuport.o [6]
  .bss                zero     0x2003a5a4      0x4  cpuport.o [6]
  .bss                zero     0x2003a5a8      0x4  cpuport.o [6]
  .bss                zero     0x2003a5ac      0x4  cpuport.o [6]
  .bss                zero     0x2003a5b0      0x4  object.o [6]
  .bss                zero     0x2003a5b4      0x4  object.o [6]
  .bss                zero     0x2003a5b8      0x4  object.o [6]
  .bss                zero     0x2003a5bc      0x4  object.o [6]
  .bss                zero     0x2003a5c0      0x4  object.o [6]
  .bss                zero     0x2003a5c4      0x4  clock.o [6]
  .bss                zero     0x2003a5c8      0x4  clock.o [6]
  .bss                zero     0x2003a5cc      0x4  DLT698_45APPData.o [6]
  .bss                zero     0x2003a5d0      0x4  DLT698_45APPData.o [6]
  .bss                zero     0x2003a5d4      0x4  event_sub.o [6]
  .bss                zero     0x2003a5d8      0x4  Dlt698_45_APP.o [6]
  .bss                zero     0x2003a5dc      0x4  Dlt698_45_APP.o [6]
  .bss                zero     0x2003a5e0      0x4  sm_api.o [6]
  .bss                zero     0x2003a5e4      0x4  sm_api.o [6]
  .bss                zero     0x2003a5e8      0x4  sm_api.o [6]
  .bss                zero     0x2003a5ec      0x4  sm_api.o [6]
  .bss                zero     0x2003a5f0      0x4  sm_api.o [6]
  .bss                zero     0x2003a5f4      0x4  sm_api.o [6]
  .bss                zero     0x2003a5f8      0x4  sm_api.o [6]
  .bss                zero     0x2003a5fc      0x4  sm_api.o [6]
  .bss                zero     0x2003a600      0x4  fal_partition.o [6]
  .bss                zero     0x2003a604      0x4  fal_partition.o [6]
  .bss                zero     0x2003a608      0x4  light_sm-v1.4.2.o [4]
  .bss                zero     0x2003a60c      0x2  cpustm32f4xx.o [6]
  .bss                zero     0x2003a60e      0x2  cpustm32f4xx.o [6]
  .bss                zero     0x2003a610      0x2  Protocol.o [6]
  .bss                zero     0x2003a612      0x2  scheduler_up.o [6]
  .bss                zero     0x2003a614      0x1  datadeal.o [1]
  .bss                zero     0x2003a615      0x1  cpustm32f4xx.o [6]
  .bss                zero     0x2003a616      0x1  cpustm32f4xx.o [6]
  .bss                zero     0x2003a617      0x1  cpustm32f4xx.o [6]
  .bss                zero     0x2003a618      0x1  cpustm32f4xx.o [6]
  .bss                zero     0x2003a619      0x1  task_sample.o [6]
  .bss                zero     0x2003a61a      0x1  task_sample.o [6]
  .bss                zero     0x2003a61b      0x1  task_sample.o [6]
  .bss                zero     0x2003a61c      0x1  irq.o [6]
  .bss                zero     0x2003a61d      0x1  dsp_time.o [6]
  .bss                zero     0x2003a61e      0x1  Protocol.o [6]
  .bss                zero     0x2003a61f      0x1  task_update.o [6]
  .bss                zero     0x2003a620      0x1  scheduler_up.o [6]
  .bss                zero     0x2003a621      0x1  event_sub.o [6]
  .bss                zero     0x2003a622      0x1  Dlt698_45_APP.o [6]
  .bss                zero     0x2003a623      0x1  Dlt698_45_APP.o [6]
  .bss                zero     0x2003a624      0x1  Dlt698_45_APP.o [6]
  .bss                zero     0x2003a625      0x1  ParaMeter698.o [6]
  .bss                zero     0x2003a626      0x1  gd25q64c.o [6]
  .bss                zero     0x2003a627      0x1  gd25q64c.o [6]
  .bss                zero     0x2003a628      0x1  sm_task.o [6]
  .bss                zero     0x2003a629      0x1  sm_task.o [6]
  .bss                zero     0x2003a62a      0x1  fal_partition.o [6]
  .bss                zero     0x2003a62b      0x1  fal_flash.o [6]
  .bss                zero     0x2003a62c      0x1  fal.o [6]
  .noinit             uninit   0x2003a630     0x14  Root.o [6]
  CSTACK                       0x2003a648   0x6000  <Block>
    CSTACK            uninit   0x2003a648   0x6000  <Block tail>
  HEAP                         0x20040648   0x2000  <Block>
    HEAP              uninit   0x20040648   0x2000  <Block tail>
                             - 0x20042648  0x42648


*******************************************************************************
*** INIT TABLE
***

          Address     Size
          -------     ----
Zero (__iar_zero_init3)
    1 destination range, total size 0x2fba9:
          0x2000aa84  0x2fba9

Copy/lz77 (__iar_lz77_init3)
    1 source range, total size 0x8f33 (83% of destination):
          0x0803e54c   0x8f33
    1 destination range, total size 0xaa82:
          0x20000000   0xaa82



*******************************************************************************
*** MODULE SUMMARY
***

    Module                  ro code  ro data  rw data
    ------                  -------  -------  -------
D:\Repo\Embedded-Repo\IAR_REPO\Power_decomposition_of_electric_meter\NILM_GD470_JD_RT-Thread_20231109_0837_Debug\module\bsp\gd32450z-eval\build\Obj: [1]
    Algorithm.o                 112       12       28
    TaskFun.o                   144       12        4
    datadeal.o                3 468   35 633   48 449
    drv_usart.o                 732      168       92
    gd32f4xx_it.o               280
    -------------------------------------------------
    Total:                    4 736   35 825   48 573

command line: [2]
    -------------------------------------------------
    Total:

dl7M_tlf.a: [3]
    XShHandles.o                224               128
    XShttio.o                     8        7        8
    abort.o                       6
    errno.o                      12        4        4
    exit.o                        4
    fclose.o                    122
    fflush.o                    176
    fputc.o                      86
    fseek.o                      34
    isxxx.o                      40
    localeconv.o                108      114      136
    memset.o                     20
    printf.o                     36
    putchar.o                    12
    setlocale.o                  24       97      116
    sprintf.o                    52
    strncmp.o                    42
    xcloseall.o                  88
    xfgpos.o                     12
    xfiles.o                             188      384
    xfofind.o                   124
    xfspos.o                    214
    xfwprep.o                   182
    xlocale_c.o                  42
    xprintfsmall_nomb.o       1 240
    xprout.o                     22
    xsprout.o                    10
    xstoflt.o                   440
    xstopfx.o                   292
    xstoxflt.o                  536
    xsyslock_nop.o                4
    xtls.o                        2
    -------------------------------------------------
    Total:                    4 214      410      776

libsm4.a: [4]
    light_sm-v1.4.2.o        11 072               276
    -------------------------------------------------
    Total:                   11 072               276

m7M_tls.a: [5]
    DblAdd.o                    232
    DblCmpEq.o                   32
    DblCmpGe.o                   46
    DblCmpLe.o                   46
    DblDiv.o                    598
    DblMul.o                    418
    DblSub.o                    384
    DblToFlt.o                  144
    DblToI32.o                   76
    FltToDbl.o                   78
    I32ToDbl.o                   44
    atof.o                       16
    exp.o                       128
    fpinit_M.o                   34
    pow.o                     2 240
    sqrtf.o                      28
    tanh.o                      568
    xdint.o                     126
    xdnorm.o                     66
    xdscale.o                   280
    xdtento.o                   512
    xdtest.o                     64
    xdunscal.o                   86
    xexp.o                      710
    xlog.o                      176
    xstod.o                     360
    -------------------------------------------------
    Total:                    7 492

project.a: [6]
    CommFunc.o                  848    1 552    4 000
    DLT698_45APPData.o        6 254       55        8
    Dlt698LinkData.o          4 812
    Dlt698_45_APP.o          30 632      148    9 015
    FactoryPro645.o           1 208       20
    Flag.o                      344                60
    Freeze.o                  5 720      201      228
    LED.o                       188
    M24512.o                  1 874
    ManageCom.o                 396       78      132
    ParaInfo.o                  112
    ParaMeter698.o           11 520      758      161
    Protocol.o                1 836        8    3 155
    Record698.o               7 296      238       28
    Root.o                      468        8    4 116
    SaveMem.o                   476
    Variable698.o             2 944    2 074
    aes.o                     5 710    2 600
    board.o                     244
    board_gd32f450.o            600       25      800
    cipher.o                    480
    cipher_wrap.o               184      344
    clock.o                     164                 8
    completion.o                388      112
    components.o                206       60
    context_iar.o               328
    cpuport.o                   116                16
    cpustm32f4xx.o            1 516                20
    cstdlib.o                    26
    dataqueue.o                 912      148
    dbase.o                   8 792             4 912
    device.o                     72
    dlt645_2007APP.o          1 208                84
    dlt645_2007Link.o         4 164        8
    dsp_time.o                1 860       24       33
    event.o                  11 492      544      132
    event_sub.o               1 048      448      189
    fal.o                        56                 1
    fal_flash.o                 224      116        1
    fal_partition.o             252      512        9
    gcm.o                     2 292      128
    gd25q64c.o                1 084                 2
    gd32f4xx_dma.o            1 590
    gd32f4xx_exti.o              52
    gd32f4xx_fwdgt.o             16
    gd32f4xx_gpio.o             332
    gd32f4xx_misc.o             288
    gd32f4xx_rcu.o              464       32
    gd32f4xx_spi.o              128
    gd32f4xx_timer.o            224
    gd32f4xx_usart.o            806
    idle.o                      308       15      420
    ipc.o                     2 568      376
    irq.o                       120                 9
    kservice.o                2 476      388       64
    main.o                       18
    main_task.o                  32
    mem.o                     1 168      924
    object.o                    792      392      196
    platform_util.o              24        3        4
    scheduler_up.o              912      100      275
    serial.o                  2 800      524
    sm_api.o                    612    1 040       32
    sm_task.o                 1 496      158    5 638
    spi.o                       484
    startup_gd32f450_470.o      768
    syscall_mem.o                40
    syscalls.o                   12
    system_gd32f4xx.o           428        3        4
    systick.o                   126                 4
    task_sample.o             1 280        8  153 697
    task_update.o             1 260                 5
    thread.o                  2 032      628       12
    timer.o                   1 258      292       20
    usart.o                     504             2 048
    -------------------------------------------------
    Total:                  145 764   15 092  189 538

rt7M_tl.a: [7]
    ABImemclr4.o                  6
    ABImemcpy_unaligned.o       118
    ABImemmove_unaligned.o      120
    ABImemset.o                 102
    ABImemset48.o                50
    I64Shl.o                     34
    U64Shr.o                     30
    cexit.o                      14
    cmain.o                      26
    cstart_closeall.o
    cstartup_M.o                 12
    data_init.o                  40
    iarEdom.o                    12
    lz77_init.o                 450
    memchr.o                     88
    memcmp_unaligned.o           98
    strchr.o                     22
    strcmp_unaligned.o           66
    strlen.o                     54
    zero_init3.o                 64
    -------------------------------------------------
    Total:                    1 406

shb_l.a: [8]
    close.o                      26
    dwrite.o                     30
    iarttio.o                   108
    iarwrite.o                   34
    iarwstd.o                    32
    lseek.o                      76
    remove.o                     22
    write.o                      16
    -------------------------------------------------
    Total:                      344

    Gaps                         26        6        9
    Linker created                        44   32 768
-----------------------------------------------------
    Grand Total:            175 054   51 377  271 940


*******************************************************************************
*** ENTRY LIST
***

Entry                      Address     Size  Type      Object
-----                      -------     ----  ----      ------
.iar.init_table$$Base   0x0803d628            --   Gb  - Linker created -
.iar.init_table$$Limit  0x0803d654            --   Gb  - Linker created -
?main                   0x0803d89d           Code  Gb  cmain.o [7]
APDUBufFlag             0x2003a5d8      0x4  Data  Gb  Dlt698_45_APP.o [6]
APDUResponseBuf         0x20036ef0    0x7f0  Data  Gb  Protocol.o [6]
APPConnect              0x2003a470     0x14  Data  Gb  Dlt698_45_APP.o [6]
APPData                 0x2003a4a8     0x10  Data  Gb  Dlt698_45_APP.o [6]
A_4800_2_ApplClsID      0x0803e3b0      0x4  Data  Lc  ParaMeter698.o [6]
A_4800_3_ApplCurData    0x0803e1b0      0xc  Data  Lc  ParaMeter698.o [6]
A_4800_4_ApplFrzData    0x0803e070     0x10  Data  Gb  ParaMeter698.o [6]
A_4800_4_ApplFrzData_NotElecHot
                        0x0803e080     0x10  Data  Gb  ParaMeter698.o [6]
AckM24512IIC            0x080288e5     0x72  Code  Lc  M24512.o [6]
ActionEsamDataUpdate    0x08015c1b     0xcc  Code  Gb  Dlt698_45_APP.o [6]
ActionIRAuth            0x08015ce7     0x56  Code  Gb  Dlt698_45_APP.o [6]
ActionIRRequest         0x08015ab1    0x16a  Code  Gb  Dlt698_45_APP.o [6]
ActionRequest           0x08016181    0x21e  Code  Gb  Dlt698_45_APP.o [6]
ActionRequestEsam       0x08015d3d     0xca  Code  Gb  Dlt698_45_APP.o [6]
ActionRequestEsamSafeMode
                        0x08015fe9     0xec  Code  Gb  Dlt698_45_APP.o [6]
ActionRequestF20D       0x080160d5     0xac  Code  Gb  Dlt698_45_APP.o [6]
ActionRequestMeter      0x08015865    0x188  Code  Gb  Dlt698_45_APP.o [6]
ActionUpdateEsamKey     0x080159f5     0xb8  Code  Gb  Dlt698_45_APP.o [6]
AddArrayTag             0x0801a7ef     0xde  Code  Lc  DLT698_45APPData.o [6]
AddArrayTag4804         0x0801a6e3    0x10c  Code  Lc  DLT698_45APPData.o [6]
AddDLT698LinkDataHead   0x08017d13    0x142  Code  Lc  Dlt698LinkData.o [6]
AddDLT698LinkDataTail   0x08017e55    0x126  Code  Lc  Dlt698LinkData.o [6]
AddExTag                0x08020c39     0x1a  Code  Gb  dbase.o [6]
AddExTagToData          0x08020c53     0x60  Code  Gb  dbase.o [6]
AddNormalLenthTag       0x0801a077     0x46  Code  Lc  DLT698_45APPData.o [6]
AddNormalTag            0x0801a0bd    0x45e  Code  Lc  DLT698_45APPData.o [6]
AddStructTag            0x0801a635     0xae  Code  Lc  DLT698_45APPData.o [6]
AddStructTag4804        0x0801a51b    0x116  Code  Lc  DLT698_45APPData.o [6]
AddTagEventData24       0x0802d005    0x9aa  Code  Lc  Record698.o [6]
AddTagEventUnit         0x0802c743    0x210  Code  Lc  Record698.o [6]
AddTagFreezeData9       0x0802c665     0x98  Code  Lc  Record698.o [6]
AddTagMeterPara         0x080249e9    0xbee  Code  Lc  ParaMeter698.o [6]
AdjustTimeOad           0x0803e3ac      0x4  Data  Lc  event_sub.o [6]
Algorithm               0x0803464f     0x12  Code  Gb  Algorithm.o [1]
AllocBuf                0x20034710    0xfa0  Data  Gb  CommFunc.o [6]
AllocResponseBuf        0x08027279     0x1c  Code  Gb  Protocol.o [6]
AlterSafeModePara       0x08015e59    0x17c  Code  Lc  Dlt698_45_APP.o [6]
AnalyseDlt698ApduLen    0x080166eb    0x1b8  Code  Lc  Dlt698_45_APP.o [6]
AnalyseGetRequestLen    0x080165b9     0x82  Code  Lc  Dlt698_45_APP.o [6]
AnalyseGetRequestRecordLen
                        0x08016429    0x190  Code  Lc  Dlt698_45_APP.o [6]
AnalyseSetRequestLen    0x08016663     0x88  Code  Lc  Dlt698_45_APP.o [6]
AnalyseSetRequestNormalLen
                        0x0801663b     0x28  Code  Lc  Dlt698_45_APP.o [6]
BackupPara              0x2003a254     0x30  Data  Lc  dbase.o [6]
BinSearchByTime         0x0801ecfd    0x106  Code  Lc  Freeze.o [6]
Buffer3                 0x20030284   0x1400  Data  Gb  sm_task.o [6]
BusFault_Handler        0x0803b16d      0x2  Code  Gb  gd32f4xx_it.o [1]
CK                      0x0802aa1c     0x80  Data  Lc  light_sm-v1.4.2.o [4]
CRC32_Table             0x08039e8c    0x400  Data  Lc  CommFunc.o [6]
CSTACK$$Base            0x2003a648            --   Gb  - Linker created -
CSTACK$$Limit           0x20040648            --   Gb  - Linker created -
CalRXD_CheckSum         0x0802712b     0x5a  Code  Gb  Protocol.o [6]
CalReportOad            0x080168b9     0x7c  Code  Lc  Dlt698_45_APP.o [6]
CalReportOad            0x0802deb5     0x88  Code  Lc  Record698.o [6]
CheckPassword           0x080284bf     0x32  Code  Lc  dlt645_2007APP.o [6]
CheckSysLimit           0x0803b6b5      0x2  Code  Gb  Root.o [6]
ClearEventData          0x0801b6b5     0x88  Code  Lc  event.o [6]
ClearReportIndexRam     0x0802dbc3     0x7c  Code  Gb  Record698.o [6]
ClearSm4Lib             0x08026b31     0x26  Code  Gb  sm_api.o [6]
ClientAddress           0x2003a622      0x1  Data  Gb  Dlt698_45_APP.o [6]
ClrReportIndexChannel   0x0802ddb5     0xfc  Code  Gb  Record698.o [6]
CompareUpFile           0x08023b3f     0x3e  Code  Gb  task_update.o [6]
ConnectMode             0x2003a623      0x1  Data  Gb  Dlt698_45_APP.o [6]
ConsultData             0x2003a5dc      0x4  Data  Gb  Dlt698_45_APP.o [6]
CreadRootTask           0x0803b84d     0x1a  Code  Gb  Root.o [6]
CreateNULMTask          0x08030df9      0xc  Code  Gb  TaskFun.o [1]
DLT645APPFollow         0x2003a358     0x24  Data  Gb  dlt645_2007APP.o [6]
DLT645APPPro            0x080286ed     0x76  Code  Gb  dlt645_2007APP.o [6]
DLT645Sendbuf           0x2003a504      0x8  Data  Gb  dlt645_2007APP.o [6]
DLT698APDURequestBuf    0x200376e0    0x7f0  Data  Gb  Dlt698_45_APP.o [6]
DLT698AddBuf            0x08010947    0x128  Code  Gb  Dlt698_45_APP.o [6]
DLT698AddBufDAR         0x08010b67     0x40  Code  Lc  Dlt698_45_APP.o [6]
DLT698AddBufLen         0x08010861     0xe6  Code  Lc  Dlt698_45_APP.o [6]
DLT698AddOneBuf         0x08010a6f     0xf8  Code  Lc  Dlt698_45_APP.o [6]
DMA0_Channel0_IRQHandler
                        0x0803b1a1     0x28  Code  Gb  gd32f4xx_it.o [1]
DMA1_Channel2_IRQHandler
                        0x0803b21b     0x48  Code  Gb  gd32f4xx_it.o [1]
DMA1_Channel7_IRQHandler
                        0x0803b1f1     0x2a  Code  Gb  gd32f4xx_it.o [1]
DRV_TIM_Config          0x0802fea1     0x66  Code  Gb  systick.o [6]
DataPlus33H             0x08027349     0x1e  Code  Gb  dlt645_2007Link.o [6]
DataSubtract33H         0x0802732b     0x1e  Code  Gb  dlt645_2007Link.o [6]
DayFreeze               0x2000a68c     0x78  Data  Gb  Freeze.o [6]
DealAction_Request      0x0801639f     0x7a  Code  Gb  Dlt698_45_APP.o [6]
DealConnect_Request     0x08016b81    0x346  Code  Lc  Dlt698_45_APP.o [6]
DealDLT645_Factory      0x0802862f     0xbe  Code  Gb  dlt645_2007APP.o [6]
DealDlt645DataToStruct  0x080273d5    0x2ea  Code  Lc  dlt645_2007Link.o [6]
DealErrowResponse       0x080171a7     0x68  Code  Lc  Dlt698_45_APP.o [6]
DealFollowReport        0x08016953     0xb6  Code  Gb  Dlt698_45_APP.o [6]
DealGetRequestNormalResult
                        0x0801198d     0x62  Code  Lc  Dlt698_45_APP.o [6]
DealGetRequestRecordResult
                        0x08012261     0xba  Code  Gb  Dlt698_45_APP.o [6]
DealGetTransCommandResult
                        0x0801736d     0x66  Code  Lc  Dlt698_45_APP.o [6]
DealGet_Request         0x080101ad     0xb6  Code  Lc  Dlt698_45_APP.o [6]
DealGet_Response        0x0801449d     0x8c  Code  Gb  Dlt698_45_APP.o [6]
DealProxy_Request       0x08017849     0x78  Code  Lc  Dlt698_45_APP.o [6]
DealRCSDData            0x08012021    0x1ec  Code  Gb  Dlt698_45_APP.o [6]
DealRCSDIsZeroData      0x08011d87    0x294  Code  Gb  Dlt698_45_APP.o [6]
DealRSDData             0x0801231b     0x64  Code  Gb  Dlt698_45_APP.o [6]
DealReport_Response     0x080178c9     0x4e  Code  Lc  Dlt698_45_APP.o [6]
DealSciFlag             0x080233df     0x58  Code  Gb  cpustm32f4xx.o [6]
DealSet_Request         0x0801441b     0x82  Code  Gb  Dlt698_45_APP.o [6]
DealTimeTag             0x08016a09     0x46  Code  Gb  Dlt698_45_APP.o [6]
Deal_698DataLenth       0x080106cd    0x194  Code  Gb  Dlt698_45_APP.o [6]
Deal_698SequenceOfNumData
                        0x08010ba7     0xf6  Code  Gb  Dlt698_45_APP.o [6]
Deal_SIDDate            0x08010db3     0xc0  Code  Lc  Dlt698_45_APP.o [6]
Deal_SIDMACDate         0x08010cb1    0x102  Code  Lc  Dlt698_45_APP.o [6]
DebugMon_Handler        0x0803b173      0x2  Code  Gb  gd32f4xx_it.o [1]
DeleteReportEventOAD    0x0801b1c7     0xda  Code  Gb  event.o [6]
DeleteReportEventOADFollow
                        0x0801b2a1     0x62  Code  Gb  event.o [6]
DeviceVersion           0x0803d6f4     0x20  Data  Gb  ParaMeter698.o [6]
DoReceMoveData          0x08027185     0xf4  Code  Gb  Protocol.o [6]
DoReceProc_DLT698       0x08017b53    0x1c0  Code  Gb  Dlt698LinkData.o [6]
DoReceProc_Dlt645       0x080279d5    0x1e4  Code  Gb  dlt645_2007Link.o [6]
DoSPICS                 0x08031bc5     0x34  Code  Gb  board_gd32f450.o [6]
DoSPIReceProc           0x0803166b    0x152  Code  Gb  task_sample.o [6]
DoSearch_68_DLT698      0x08017ad5     0x7e  Code  Gb  Dlt698LinkData.o [6]
DoSendProc              0x08026ccf     0x1a  Code  Gb  Protocol.o [6]
EVENT_STATU             0x2003a621      0x1  Data  Gb  event_sub.o [6]
EXTI0_IRQHandler        0x0803b181     0x10  Code  Gb  gd32f4xx_it.o [1]
EXTI4_IRQHandler        0x0803b191     0x10  Code  Gb  gd32f4xx_it.o [1]
EraseExtFlashSector     0x0802faa1     0x70  Code  Lc  gd25q64c.o [6]
EventInfoTab            0x0803bc7c    0x114  Data  Gb  event.o [6]
EventOadTab             0x0803d6b4     0x20  Data  Lc  event.o [6]
EventOadTab7            0x0803d6d4     0x20  Data  Lc  event.o [6]
EventPhaseUnit          0x0803cee0     0x40  Data  Gb  Dlt698_45_APP.o [6]
EventRecordObj          0x0803c96c     0x90  Data  Lc  Record698.o [6]
EventSecTask            0x0801d715    0x1b2  Code  Lc  event.o [6]
EventStatus             0x2003a4fc      0x8  Data  Gb  event.o [6]
FSb                     0x0803bf94    0x100  Data  Lc  aes.o [6]
FT0                     0x0803a68c    0x400  Data  Lc  aes.o [6]
FactoryInitAdjustTimePara
                        0x08022efd     0x12  Code  Gb  event_sub.o [6]
FactoryInitIHarDistorPara
                        0x08022f3f     0x12  Code  Gb  event_sub.o [6]
FactoryInitIHarOverRunPara
                        0x08022f6f     0x12  Code  Gb  event_sub.o [6]
FactoryInitIInterHarOverRunPara
                        0x08022fb7     0x12  Code  Gb  event_sub.o [6]
FactoryInitJLChipFailPara
                        0x08022ed9     0x12  Code  Gb  event_sub.o [6]
FactoryInitMeterClearPara
                        0x08022eeb     0x12  Code  Gb  event_sub.o [6]
FactoryInitPHarOverRunPara
                        0x08022f87     0x12  Code  Gb  event_sub.o [6]
FactoryInitPInterHarOverRunPara
                        0x08022fcf     0x12  Code  Gb  event_sub.o [6]
FactoryInitUHarDistorPara
                        0x08022f27     0x12  Code  Gb  event_sub.o [6]
FactoryInitUHarOverRunPara
                        0x08022f57     0x12  Code  Gb  event_sub.o [6]
FactoryInitUInterHarOverRunPara
                        0x08022f9f     0x12  Code  Gb  event_sub.o [6]
FactoryInitUInterruptionPara
                        0x08023047     0x12  Code  Gb  event_sub.o [6]
FactoryInitULongFlickerPara
                        0x08022fff     0x12  Code  Gb  event_sub.o [6]
FactoryInitUSagPara     0x08023017     0x12  Code  Gb  event_sub.o [6]
FactoryInitUShortFlickerPara
                        0x08022fe7     0x12  Code  Gb  event_sub.o [6]
FactoryInitUSwellPara   0x0802302f     0x12  Code  Gb  event_sub.o [6]
FactoryInitUpdateAppPara
                        0x08022f0f     0x12  Code  Gb  event_sub.o [6]
FileRightfulCheck       0x0801540d     0x86  Code  Gb  Dlt698_45_APP.o [6]
FillDlt645FollowData    0x08027c5b    0x210  Code  Lc  dlt645_2007Link.o [6]
FillDlt645FrameAddr     0x08027bb9     0x24  Code  Lc  dlt645_2007Link.o [6]
FillDlt645FrameData     0x08027e75    0x394  Code  Lc  dlt645_2007Link.o [6]
FillDlt645FrameHeadAndTail
                        0x08028209     0x70  Code  Lc  dlt645_2007Link.o [6]
FillDlt645FrameSendControl
                        0x08027bdd     0x7e  Code  Lc  dlt645_2007Link.o [6]
FixedColumnOadTab       0x0803d5e0     0x24  Data  Lc  event.o [6]
FixedFreezeOAD          0x0803e18c      0xc  Data  Gb  Dlt698_45_APP.o [6]
FlagBytes               0x2003a218     0x3c  Data  Lc  Flag.o [6]
Flash_clean_bytes       0x0802697f     0x36  Code  Gb  sm_api.o [6]
Flash_clean_long        0x0802693d     0x42  Code  Gb  sm_api.o [6]
Flash_get_data_byte     0x08026a99     0x22  Code  Gb  sm_api.o [6]
Flash_get_data_long     0x08026a3d     0x28  Code  Gb  sm_api.o [6]
Flash_set_data_byte     0x08026a65     0x34  Code  Gb  sm_api.o [6]
Flash_set_data_long     0x08026a03     0x3a  Code  Gb  sm_api.o [6]
Flash_set_zero_long     0x080269b5     0x4e  Code  Gb  sm_api.o [6]
FollowPara              0x2003a4b8     0x10  Data  Gb  event.o [6]
Freshsm4IK_Task         0x0801903b     0x38  Code  Gb  sm_task.o [6]
GRU                     0x0802e895    0x2ee  Code  Gb  datadeal.o [1]
GetActivePower          0x0802e449     0x4a  Code  Gb  datadeal.o [1]
GetAndCheck645Pare      0x080276bf     0xb6  Code  Gb  dlt645_2007Link.o [6]
GetAppDateTimeString    0x080191f9     0x3e  Code  Gb  CommFunc.o [6]
GetApplianceClassID     0x08023d3f     0x72  Code  Gb  ParaMeter698.o [6]
GetApplianceCurrentData
                        0x08023cf1     0x4e  Code  Gb  ParaMeter698.o [6]
GetApplianceFreezData   0x08023db1     0x4e  Code  Gb  ParaMeter698.o [6]
GetBasicTypeLen         0x08019801    0x3b0  Code  Gb  DLT698_45APPData.o [6]
GetChaData              0x080313cd      0xe  Code  Gb  task_sample.o [6]
GetConsultBufLen        0x080102c5     0x12  Code  Gb  Dlt698_45_APP.o [6]
GetDataByOad            0x0801bf89    0x552  Code  Lc  event.o [6]
GetDefaultConsultBufLen
                        0x080102bd      0x8  Code  Gb  Dlt698_45_APP.o [6]
GetDefaultThresholdValue
                        0x08022cad    0x1ba  Code  Gb  event_sub.o [6]
GetDlt645AddrType       0x0802738f     0x46  Code  Lc  dlt645_2007Link.o [6]
GetDlt645ProtocalType   0x080272cd     0x5e  Code  Lc  dlt645_2007Link.o [6]
GetEventData24          0x0802ca19    0x5ca  Code  Lc  Record698.o [6]
GetEventDelayTime       0x0801d4f1    0x126  Code  Gb  event.o [6]
GetEventIndex           0x0801b5c7     0x40  Code  Gb  event.o [6]
GetEventInfo            0x0801b677     0x3e  Code  Gb  event.o [6]
GetEventRecordInfo      0x0801b607     0x70  Code  Gb  event.o [6]
GetEventUnit            0x08011c8b     0x34  Code  Lc  Dlt698_45_APP.o [6]
GetExLen                0x080146f5     0x42  Code  Gb  Dlt698_45_APP.o [6]
[...]
normalize               0x0802eb89     0x9a  Code  Gb  datadeal.o [1]
nvic_irq_disable        0x08031fcf     0x14  Code  Gb  gd32f4xx_misc.o [6]
nvic_irq_enable         0x08031ef7     0xd8  Code  Gb  gd32f4xx_misc.o [6]
nvic_priority_group_set
                        0x08031eed      0xa  Code  Gb  gd32f4xx_misc.o [6]
nvic_vector_table_set   0x08031fe3      0xc  Code  Gb  gd32f4xx_misc.o [6]
obuf                    0x2003a0fc     0x50  Data  Lc  xfiles.o [3]
pBootBuf                0x2003a58c      0x4  Data  Gb  task_update.o [6]
pad_1D                  0x0802e49d     0x74  Code  Gb  datadeal.o [1]
partition_table         0x2003a600      0x4  Data  Lc  fal_partition.o [6]
partition_table_def     0x0803b4b4    0x200  Data  Lc  fal_partition.o [6]
partition_table_len     0x2003a604      0x4  Data  Lc  fal_partition.o [6]
plug_holes              0x08035095     0x92  Code  Lc  mem.o [6]
pows                    0x08034ba0     0x48  Data  Lc  xdtento.o [5]
print_number            0x08032be7    0x234  Code  Lc  kservice.o [6]
printf                  0x08031365     0x24  Code  Gb  printf.o [3]
process_appliance_data  0x0802eeb9     0x92  Code  Gb  datadeal.o [1]
putchar                 0x0803da65      0xc  Code  Gb  putchar.o [3]
rcu_clock_freq_get      0x08031cc5    0x120  Code  Gb  gd32f4xx_rcu.o [6]
rcu_periph_clock_enable
                        0x08031c3d     0x20  Code  Gb  gd32f4xx_rcu.o [6]
rcu_periph_reset_disable
                        0x08031c7d     0x20  Code  Gb  gd32f4xx_rcu.o [6]
rcu_periph_reset_enable
                        0x08031c5d     0x20  Code  Gb  gd32f4xx_rcu.o [6]
rcu_timer_clock_prescaler_config
                        0x08031c9d     0x28  Code  Gb  gd32f4xx_rcu.o [6]
remove                  0x0803cbd9     0x16  Code  Gb  remove.o [8]
request_link            0x0801fb29      0xe  Code  Gb  ManageCom.o [6]
rt_application_init     0x0803c2e1     0x30  Code  Gb  components.o [6]
rt_assert_handler       0x08033353     0x30  Code  Gb  kservice.o [6]
rt_assert_hook          0x2003a56c      0x4  Data  Gb  kservice.o [6]
rt_calloc               0x080332bd     0x24  Code  Wk  kservice.o [6]
rt_completion_init      0x08039213     0x2a  Code  Gb  completion.o [6]
rt_completion_wait      0x0803923d    0x11e  Code  Gb  completion.o [6]
rt_components_board_init
                        0x0803c299     0x16  Code  Gb  components.o [6]
rt_components_init      0x0803c2af     0x16  Code  Gb  components.o [6]
rt_critical_level       0x080362b5      0xa  Code  Gb  scheduler_up.o [6]
rt_current_priority     0x2003a620      0x1  Data  Gb  scheduler_up.o [6]
rt_current_thread       0x2003a594      0x4  Data  Gb  scheduler_up.o [6]
rt_data_queue_deinit    0x08039697     0x48  Code  Gb  dataqueue.o [6]
rt_data_queue_init      0x08039397     0x86  Code  Gb  dataqueue.o [6]
rt_data_queue_push      0x0803941d    0x1bc  Code  Gb  dataqueue.o [6]
rt_data_queue_reset     0x080395dd     0xba  Code  Gb  dataqueue.o [6]
rt_defunct_execute      0x08036839     0x42  Code  Lc  idle.o [6]
rt_device_find          0x0803973b      0xe  Code  Gb  device.o [6]
rt_device_register      0x08039701     0x3a  Code  Gb  device.o [6]
rt_dma_calc_recved_len  0x0803892b      0xc  Code  Lc  serial.o [6]
rt_dma_recv_update_get_index
                        0x08038937     0x6c  Code  Lc  serial.o [6]
rt_enter_critical       0x0803625d     0x1a  Code  Gb  scheduler_up.o [6]
rt_exception_hook       0x2003a5ac      0x4  Data  Lc  cpuport.o [6]
rt_exit_critical        0x08036277     0x3e  Code  Gb  scheduler_up.o [6]
rt_free                 0x080332e1     0x2c  Code  Wk  kservice.o [6]
rt_free_hook            0x2003a564      0x4  Data  Lc  kservice.o [6]
rt_hw_board_init        0x0803c23f     0x1e  Code  Gb  board.o [6]
rt_hw_context_switch    0x08035e27           Code  Gb  context_iar.o [6]
rt_hw_context_switch_interrupt
                        0x08035e27           Code  Gb  context_iar.o [6]
rt_hw_context_switch_to
                        0x08035eb1           Code  Gb  context_iar.o [6]
rt_hw_hard_fault_exception
                        0x08036c6f     0x24  Code  Gb  cpuport.o [6]
rt_hw_interrupt_disable
                        0x08035e19           Code  Gb  context_iar.o [6]
rt_hw_interrupt_enable  0x08035e21           Code  Gb  context_iar.o [6]
rt_hw_interrupt_thread_switch
                        0x08035efd           Code  Gb  context_iar.o [6]
rt_hw_serial_register   0x08039107     0x6c  Code  Gb  serial.o [6]
rt_hw_stack_init        0x08036c29     0x46  Code  Gb  cpuport.o [6]
rt_interrupt_enter      0x0803501d     0x28  Code  Wk  irq.o [6]
rt_interrupt_enter_hook
                        0x2003a570      0x4  Data  Lc  irq.o [6]
rt_interrupt_from_thread
                        0x2003a5a0      0x4  Data  Gb  cpuport.o [6]
rt_interrupt_get_nest   0x0803506d     0x1a  Code  Wk  irq.o [6]
rt_interrupt_leave      0x08035045     0x28  Code  Wk  irq.o [6]
rt_interrupt_leave_hook
                        0x2003a574      0x4  Data  Lc  irq.o [6]
rt_interrupt_nest       0x2003a61c      0x1  Data  Gb  irq.o [6]
rt_interrupt_to_thread  0x2003a5a4      0x4  Data  Gb  cpuport.o [6]
rt_list_init            0x08033431      0x8  Code  Lc  thread.o [6]
rt_list_init            0x08033c21      0x8  Code  Lc  ipc.o [6]
rt_list_init            0x080362f1      0x8  Code  Lc  timer.o [6]
rt_list_init            0x08035f61      0x8  Code  Lc  scheduler_up.o [6]
rt_list_init            0x080391ed      0x8  Code  Lc  completion.o [6]
rt_list_init            0x08039371      0x8  Code  Lc  dataqueue.o [6]
rt_list_insert_after    0x08033c29      0xe  Code  Lc  ipc.o [6]
rt_list_insert_after    0x080362f9      0xe  Code  Lc  timer.o [6]
rt_list_insert_after    0x08035f69      0xe  Code  Lc  scheduler_up.o [6]
rt_list_insert_after    0x08036911      0xe  Code  Lc  object.o [6]
rt_list_insert_after    0x080367dd      0xe  Code  Lc  idle.o [6]
rt_list_insert_before   0x08033c37      0xe  Code  Lc  ipc.o [6]
rt_list_insert_before   0x08035f77      0xe  Code  Lc  scheduler_up.o [6]
rt_list_insert_before   0x080391f5      0xe  Code  Lc  completion.o [6]
rt_list_insert_before   0x08039379      0xe  Code  Lc  dataqueue.o [6]
rt_list_isempty         0x08033c59     0x10  Code  Lc  ipc.o [6]
rt_list_isempty         0x0803631b     0x10  Code  Lc  timer.o [6]
rt_list_isempty         0x08035f99     0x10  Code  Lc  scheduler_up.o [6]
rt_list_isempty         0x08039203     0x10  Code  Lc  completion.o [6]
rt_list_isempty         0x08039387     0x10  Code  Lc  dataqueue.o [6]
rt_list_remove          0x08033439     0x14  Code  Lc  thread.o [6]
rt_list_remove          0x08033c45     0x14  Code  Lc  ipc.o [6]
rt_list_remove          0x08036307     0x14  Code  Lc  timer.o [6]
rt_list_remove          0x08035f85     0x14  Code  Lc  scheduler_up.o [6]
rt_list_remove          0x0803691f     0x14  Code  Lc  object.o [6]
rt_list_remove          0x080367eb     0x14  Code  Lc  idle.o [6]
rt_malloc               0x0803328b     0x32  Code  Wk  kservice.o [6]
rt_malloc_hook          0x2003a560      0x4  Data  Lc  kservice.o [6]
rt_memcpy               0x08032aaf     0x92  Code  Wk  kservice.o [6]
rt_memset               0x08032a41     0x6e  Code  Wk  kservice.o [6]
rt_mq_create            0x08034295     0xee  Code  Gb  ipc.o [6]
rt_mq_send              0x080345f5     0x16  Code  Gb  ipc.o [6]
rt_mq_send_wait         0x080345d9     0x1c  Code  Gb  ipc.o [6]
rt_mutex_drop_thread    0x08033e49     0x66  Code  Gb  ipc.o [6]
rt_mutex_init           0x08033dfd     0x4c  Code  Gb  ipc.o [6]
rt_mutex_release        0x080340fb    0x170  Code  Gb  ipc.o [6]
rt_mutex_take           0x080340e9     0x12  Code  Gb  ipc.o [6]
rt_object_allocate      0x08036a33     0xa0  Code  Gb  object.o [6]
rt_object_attach_hook   0x2003a5b0      0x4  Data  Lc  object.o [6]
rt_object_delete        0x08036ad3     0x56  Code  Gb  object.o [6]
rt_object_detach        0x080369f5     0x3e  Code  Gb  object.o [6]
rt_object_detach_hook   0x2003a5b4      0x4  Data  Lc  object.o [6]
rt_object_find          0x08036b67     0x84  Code  Gb  object.o [6]
rt_object_get_information
                        0x08036933     0x2a  Code  Gb  object.o [6]
rt_object_get_type      0x08036b4b     0x1c  Code  Gb  object.o [6]
rt_object_init          0x0803695d     0x98  Code  Gb  object.o [6]
rt_object_is_systemobject
                        0x08036b29     0x22  Code  Gb  object.o [6]
rt_object_put_hook      0x2003a5c0      0x4  Data  Gb  object.o [6]
rt_object_take_hook     0x2003a5bc      0x4  Data  Gb  object.o [6]
rt_object_trytake_hook  0x2003a5b8      0x4  Data  Gb  object.o [6]
rt_schedule             0x08036051    0x13e  Code  Gb  scheduler_up.o [6]
rt_schedule_insert_thread
                        0x0803618f     0x86  Code  Gb  scheduler_up.o [6]
rt_schedule_remove_thread
                        0x08036215     0x48  Code  Gb  scheduler_up.o [6]
rt_scheduler_hook       0x2003a598      0x4  Data  Lc  scheduler_up.o [6]
rt_scheduler_lock_nest  0x2003a612      0x2  Data  Lc  scheduler_up.o [6]
rt_scheduler_switch_hook
                        0x2003a59c      0x4  Data  Lc  scheduler_up.o [6]
rt_serial_close         0x08038e1b    0x170  Code  Lc  serial.o [6]
rt_serial_control       0x08039043     0xc4  Code  Lc  serial.o [6]
rt_serial_init          0x08038b61     0x4a  Code  Lc  serial.o [6]
rt_serial_open          0x08038bab    0x270  Code  Lc  serial.o [6]
rt_serial_read          0x08038f8b     0x5c  Code  Lc  serial.o [6]
rt_serial_write         0x08038fe7     0x5c  Code  Lc  serial.o [6]
rt_set_errno            0x08032a15     0x2c  Code  Gb  kservice.o [6]
rt_show_version         0x08032ba7      0x2  Code  Gb  kservice.o [6]
rt_smem_alloc           0x080351ef    0x214  Code  Gb  mem.o [6]
rt_smem_free            0x08035403     0xd0  Code  Gb  mem.o [6]
rt_smem_init            0x08035127     0xc8  Code  Gb  mem.o [6]
rt_snprintf             0x080331e1     0x2a  Code  Gb  kservice.o [6]
rt_strncmp              0x08032b73     0x34  Code  Gb  kservice.o [6]
rt_strncpy              0x08032b41     0x32  Code  Gb  kservice.o [6]
rt_system_heap_init     0x08033257     0x34  Code  Wk  kservice.o [6]
rt_system_scheduler_init
                        0x08036005     0x26  Code  Gb  scheduler_up.o [6]
rt_system_scheduler_start
                        0x0803602b     0x26  Code  Gb  scheduler_up.o [6]
rt_system_timer_init    0x08036779     0x1a  Code  Gb  timer.o [6]
rt_system_timer_thread_init
                        0x080367d9      0x2  Code  Gb  timer.o [6]
rt_thread_control       0x08033995     0xb6  Code  Gb  thread.o [6]
rt_thread_create        0x08033761     0x66  Code  Gb  thread.o [6]
rt_thread_defunct_dequeue
                        0x0803680f     0x2a  Code  Gb  idle.o [6]
rt_thread_defunct_enqueue
                        0x080367ff     0x10  Code  Gb  idle.o [6]
rt_thread_delay         0x08033975      0xc  Code  Gb  thread.o [6]
rt_thread_delete        0x080337c7     0xae  Code  Gb  thread.o [6]
rt_thread_detach        0x080336b3     0xae  Code  Gb  thread.o [6]
rt_thread_idle_init     0x080368a1     0x58  Code  Gb  idle.o [6]
rt_thread_init          0x080335c5     0x74  Code  Gb  thread.o [6]
rt_thread_inited_hook   0x2003a53c      0x4  Data  Lc  thread.o [6]
rt_thread_mdelay        0x08033981     0x14  Code  Gb  thread.o [6]
rt_thread_priority_table
                        0x20039a3c    0x100  Data  Gb  scheduler_up.o [6]
rt_thread_ready_priority_group
                        0x2003a590      0x4  Data  Gb  scheduler_up.o [6]
rt_thread_resume        0x08033b49     0x6e  Code  Gb  thread.o [6]
rt_thread_resume_hook   0x2003a538      0x4  Data  Lc  thread.o [6]
rt_thread_self          0x08033639      0x8  Code  Gb  thread.o [6]
rt_thread_set_suspend_state
                        0x08033a4b     0x52  Code  Lc  thread.o [6]
rt_thread_sleep         0x08033875    0x100  Code  Gb  thread.o [6]
rt_thread_startup       0x08033641     0x72  Code  Gb  thread.o [6]
rt_thread_suspend_hook  0x2003a534      0x4  Data  Lc  thread.o [6]
rt_thread_suspend_with_flag
                        0x08033a9d     0xa6  Code  Gb  thread.o [6]
rt_thread_switch_interrupt_flag
                        0x2003a5a8      0x4  Data  Gb  cpuport.o [6]
rt_tick                 0x2003a5c4      0x4  Data  Lc  clock.o [6]
rt_tick_from_millisecond
                        0x08036d05     0x3c  Code  Gb  clock.o [6]
rt_tick_get             0x08036c9d      0x6  Code  Gb  clock.o [6]
rt_tick_hook            0x2003a5c8      0x4  Data  Lc  clock.o [6]
rt_tick_increase        0x08036ca3     0x5a  Code  Gb  clock.o [6]
rt_timer_check          0x080366c9     0xb0  Code  Gb  timer.o [6]
rt_timer_control        0x0803660b     0xbe  Code  Gb  timer.o [6]
rt_timer_detach         0x080363fd     0x70  Code  Gb  timer.o [6]
rt_timer_enter_hook     0x2003a57c      0x4  Data  Lc  timer.o [6]
rt_timer_exit_hook      0x2003a580      0x4  Data  Lc  timer.o [6]
rt_timer_init           0x08036389     0x74  Code  Gb  timer.o [6]
rt_timer_start          0x0803646d    0x134  Code  Gb  timer.o [6]
rt_timer_stop           0x080365a1     0x6a  Code  Gb  timer.o [6]
rt_vsnprintf            0x08032e1b    0x3c6  Code  Wk  kservice.o [6]
rti_board_end           0x0803c291      0x4  Code  Lc  components.o [6]
rti_board_start         0x0803c28d      0x4  Code  Lc  components.o [6]
rti_end                 0x0803c295      0x4  Code  Lc  components.o [6]
rti_start               0x0803c289      0x4  Code  Lc  components.o [6]
rtthread_startup        0x0803c32d     0x2a  Code  Gb  components.o [6]
rxbuff                  0x2003a430     0x18  Data  Gb  task_sample.o [6]
sFileInfo               0x20039ec0     0x80  Data  Lc  XShHandles.o [3]
s_pass_tail             0x2003a619      0x1  Data  Gb  task_sample.o [6]
s_pq_data               0x20031684   0x1088  Data  Gb  dbase.o [6]
s_pq_statsdata          0x20038e10    0x228  Data  Gb  dbase.o [6]
s_sv_rd_pos             0x2003a550      0x4  Data  Gb  task_sample.o [6]
s_sv_wr_pos             0x2003a54c      0x4  Data  Gb  task_sample.o [6]
scm_onchip_flash        0x0803d164     0x34  Data  Gb  fal_flash.o [6]
serial0                 0x20039fa0     0x5c  Data  Gb  drv_usart.o [1]
set_smp_points          0x080313db    0x290  Code  Gb  task_sample.o [6]
sigmoid                 0x0802e7ef     0x48  Code  Gb  datadeal.o [1]
skip_atoi               0x08032bc5     0x22  Code  Lc  kservice.o [6]
sm3_simple_blk          0x08029381    0x434  Code  Lc  light_sm-v1.4.2.o [4]
sm4_Decrypt             0x08019073     0x64  Code  Gb  sm_task.o [6]
sm4_Encrypt             0x080190d7     0x58  Code  Gb  sm_task.o [6]
sm4_GetStatus           0x08018f2f     0x28  Code  Gb  sm_task.o [6]
sm4_InitKey             0x08018f63     0x34  Code  Gb  sm_task.o [6]
sm4_InitNet_Authent1    0x08018f97     0x34  Code  Gb  sm_task.o [6]
sm4_InitNet_Authent2    0x08018fd7     0x3e  Code  Gb  sm_task.o [6]
sm4_InitNet_Keydistribut
                        0x08019015     0x26  Code  Gb  sm_task.o [6]
sm4_Mac                 0x08019175     0x2e  Code  Gb  sm_task.o [6]
sm4_MacVerify           0x080191a3     0x2e  Code  Gb  sm_task.o [6]
sm4_SetID               0x08018ed9     0x2c  Code  Gb  sm_task.o [6]
sm4_SetIKey             0x08018eaf     0x2a  Code  Gb  sm_task.o [6]
sm4_UnVoidAuthent       0x08018fcb      0xc  Code  Gb  sm_task.o [6]
sm4_WriteSoftFlag       0x08018f05     0x2a  Code  Gb  sm_task.o [6]
smTask_main             0x080191d1     0x28  Code  Gb  sm_task.o [6]
spi_crc_polynomial_set  0x08030027      0xe  Code  Gb  gd32f4xx_spi.o [6]
spi_dma_enable          0x08030001     0x1a  Code  Gb  gd32f4xx_spi.o [6]
spi_enable              0x0802fff7      0xa  Code  Gb  gd32f4xx_spi.o [6]
spi_i2s_data_receive    0x08030021      0x6  Code  Gb  gd32f4xx_spi.o [6]
spi_i2s_data_transmit   0x0803001b      0x6  Code  Gb  gd32f4xx_spi.o [6]
spi_i2s_flag_get        0x08030035     0x10  Code  Gb  gd32f4xx_spi.o [6]
spi_init                0x0802ffc5     0x32  Code  Gb  gd32f4xx_spi.o [6]
sprintf                 0x08023c01     0x34  Code  Gb  sprintf.o [3]
sqrtf                   0x08031111           Code  Gb  sqrtf.o [5]
statReset               0x0802b6f5     0x5a  Code  Gb  light_sm-v1.4.2.o [4]
strchr                  0x0803200d           Code  Gb  strchr.o [7]
strlen                  0x08032025           Code  Gb  strlen.o [7]
strncmp                 0x08034e01     0x2a  Code  Gb  strncmp.o [3]
system_clock_240m_25m_hxtal
                        0x0803bb83     0xce  Code  Lc  system_gd32f4xx.o [6]
system_clock_config     0x0803bb7b      0x8  Code  Lc  system_gd32f4xx.o [6]
system_heap             0x2003a568      0x4  Data  Lc  kservice.o [6]
tApplCurData            0x2000a480     0xd4  Data  Gb  datadeal.o [1]
tApplFrzData            0x2000a2f8    0x188  Data  Gb  datadeal.o [1]
tFileInfo               0x20039438    0x1dc  Data  Gb  Dlt698_45_APP.o [6]
tFileText               0x2003270c   0x1004  Data  Gb  Dlt698_45_APP.o [6]
tanh                    0x080311ed    0x162  Code  Gb  tanh.o [5]
timer_enable            0x08031e99      0xa  Code  Gb  gd32f4xx_timer.o [6]
timer_flag_clear        0x08031ecb      0x6  Code  Gb  gd32f4xx_timer.o [6]
timer_init              0x08031e0d     0x8c  Code  Gb  gd32f4xx_timer.o [6]
timer_interrupt_enable  0x08031ea3      0x8  Code  Gb  gd32f4xx_timer.o [6]
timer_interrupt_flag_clear
                        0x08031ec5      0x6  Code  Gb  gd32f4xx_timer.o [6]
timer_interrupt_flag_get
                        0x08031eab     0x1a  Code  Gb  gd32f4xx_timer.o [6]
uarts                   0x0803d508     0x24  Data  Lc  drv_usart.o [1]
usart_baudrate_set      0x080327b7     0xea  Code  Gb  gd32f4xx_usart.o [6]
usart_data_receive      0x0803292d      0x8  Code  Gb  gd32f4xx_usart.o [6]
usart_data_transmit     0x08032925      0x8  Code  Gb  gd32f4xx_usart.o [6]
usart_deinit            0x080326ed     0xca  Code  Gb  gd32f4xx_usart.o [6]
usart_disable           0x080328fb      0xa  Code  Gb  gd32f4xx_usart.o [6]
usart_dma_transmit_config
                        0x08032935     0x10  Code  Gb  gd32f4xx_usart.o [6]
usart_enable            0x080328f1      0xa  Code  Gb  gd32f4xx_usart.o [6]
usart_flag_clear        0x08032969     0x24  Code  Gb  gd32f4xx_usart.o [6]
usart_flag_get          0x08032945     0x24  Code  Gb  gd32f4xx_usart.o [6]
usart_interrupt_disable
                        0x080329b1     0x24  Code  Gb  gd32f4xx_usart.o [6]
usart_interrupt_enable  0x0803298d     0x24  Code  Gb  gd32f4xx_usart.o [6]
usart_interrupt_flag_get
                        0x080329d5     0x3e  Code  Gb  gd32f4xx_usart.o [6]
usart_parity_config     0x080328c1     0x10  Code  Gb  gd32f4xx_usart.o [6]
usart_receive_config    0x08032915     0x10  Code  Gb  gd32f4xx_usart.o [6]
usart_stop_bit_set      0x080328e1     0x10  Code  Gb  gd32f4xx_usart.o [6]
usart_transmit_config   0x08032905     0x10  Code  Gb  gd32f4xx_usart.o [6]
usart_word_length_set   0x080328d1     0x10  Code  Gb  gd32f4xx_usart.o [6]
vCreatTasktoCalc        0x08034661     0x22  Code  Gb  Algorithm.o [1]
vCreateQueues           0x08034629     0x26  Code  Gb  Algorithm.o [1]
version                 0x0802ba59      0x4  Code  Gb  light_sm-v1.4.2.o [4]
wChipSynCounter         0x2003a610      0x2  Data  Gb  Protocol.o [6]
xMessage                0x2003a418     0x18  Data  Gb  Algorithm.o [1]
xQueueCreate            0x08030db7     0x18  Code  Gb  TaskFun.o [1]
xQueueSend              0x08030dcf     0x16  Code  Gb  TaskFun.o [1]
xStructQueue            0x2003a50c      0x4  Data  Gb  Algorithm.o [1]
xTaskCreate             0x08030d75     0x42  Code  Gb  TaskFun.o [1]


[1] = D:\Repo\Embedded-Repo\IAR_REPO\Power_decomposition_of_electric_meter\NILM_GD470_JD_RT-Thread_20231109_0837_Debug\module\bsp\gd32450z-eval\build\Obj
[2] = command line
[3] = dl7M_tlf.a
[4] = libsm4.a
[5] = m7M_tls.a
[6] = project.a
[7] = rt7M_tl.a
[8] = shb_l.a

  175 054 bytes of readonly  code memory
   51 377 bytes of readonly  data memory
  271 940 bytes of readwrite data memory

Errors: none
Warnings: none
